Archive member included to satisfy reference by file (symbol)

/Users/nico/gcc-arm-none-eabi-9-2019-q4-major/bin/../lib/gcc/arm-none-eabi/9.2.1/../../../../arm-none-eabi/lib/thumb/v7e-m+fp/hard/libc_nano.a(lib_a-exit.o)
                              /Users/nico/gcc-arm-none-eabi-9-2019-q4-major/bin/../lib/gcc/arm-none-eabi/9.2.1/../../../../arm-none-eabi/lib/thumb/v7e-m+fp/hard/crt0.o (exit)
/Users/nico/gcc-arm-none-eabi-9-2019-q4-major/bin/../lib/gcc/arm-none-eabi/9.2.1/../../../../arm-none-eabi/lib/thumb/v7e-m+fp/hard/libc_nano.a(lib_a-impure.o)
                              /Users/nico/gcc-arm-none-eabi-9-2019-q4-major/bin/../lib/gcc/arm-none-eabi/9.2.1/../../../../arm-none-eabi/lib/thumb/v7e-m+fp/hard/libc_nano.a(lib_a-exit.o) (_global_impure_ptr)
/Users/nico/gcc-arm-none-eabi-9-2019-q4-major/bin/../lib/gcc/arm-none-eabi/9.2.1/../../../../arm-none-eabi/lib/thumb/v7e-m+fp/hard/libc_nano.a(lib_a-init.o)
                              /Users/nico/gcc-arm-none-eabi-9-2019-q4-major/bin/../lib/gcc/arm-none-eabi/9.2.1/../../../../arm-none-eabi/lib/thumb/v7e-m+fp/hard/crt0.o (__libc_init_array)
/Users/nico/gcc-arm-none-eabi-9-2019-q4-major/bin/../lib/gcc/arm-none-eabi/9.2.1/../../../../arm-none-eabi/lib/thumb/v7e-m+fp/hard/libc_nano.a(lib_a-malloc.o)
                              ./obj/main.o (malloc)
/Users/nico/gcc-arm-none-eabi-9-2019-q4-major/bin/../lib/gcc/arm-none-eabi/9.2.1/../../../../arm-none-eabi/lib/thumb/v7e-m+fp/hard/libc_nano.a(lib_a-memset.o)
                              /Users/nico/gcc-arm-none-eabi-9-2019-q4-major/bin/../lib/gcc/arm-none-eabi/9.2.1/../../../../arm-none-eabi/lib/thumb/v7e-m+fp/hard/crt0.o (memset)
/Users/nico/gcc-arm-none-eabi-9-2019-q4-major/bin/../lib/gcc/arm-none-eabi/9.2.1/../../../../arm-none-eabi/lib/thumb/v7e-m+fp/hard/libc_nano.a(lib_a-nano-freer.o)
                              /Users/nico/gcc-arm-none-eabi-9-2019-q4-major/bin/../lib/gcc/arm-none-eabi/9.2.1/../../../../arm-none-eabi/lib/thumb/v7e-m+fp/hard/libc_nano.a(lib_a-malloc.o) (_free_r)
/Users/nico/gcc-arm-none-eabi-9-2019-q4-major/bin/../lib/gcc/arm-none-eabi/9.2.1/../../../../arm-none-eabi/lib/thumb/v7e-m+fp/hard/libc_nano.a(lib_a-nano-mallocr.o)
                              /Users/nico/gcc-arm-none-eabi-9-2019-q4-major/bin/../lib/gcc/arm-none-eabi/9.2.1/../../../../arm-none-eabi/lib/thumb/v7e-m+fp/hard/libc_nano.a(lib_a-malloc.o) (_malloc_r)
/Users/nico/gcc-arm-none-eabi-9-2019-q4-major/bin/../lib/gcc/arm-none-eabi/9.2.1/../../../../arm-none-eabi/lib/thumb/v7e-m+fp/hard/libc_nano.a(lib_a-sbrkr.o)
                              /Users/nico/gcc-arm-none-eabi-9-2019-q4-major/bin/../lib/gcc/arm-none-eabi/9.2.1/../../../../arm-none-eabi/lib/thumb/v7e-m+fp/hard/libc_nano.a(lib_a-nano-mallocr.o) (_sbrk_r)
/Users/nico/gcc-arm-none-eabi-9-2019-q4-major/bin/../lib/gcc/arm-none-eabi/9.2.1/../../../../arm-none-eabi/lib/thumb/v7e-m+fp/hard/libc_nano.a(lib_a-sprintf.o)
                              ./obj/main.o (sprintf)
/Users/nico/gcc-arm-none-eabi-9-2019-q4-major/bin/../lib/gcc/arm-none-eabi/9.2.1/../../../../arm-none-eabi/lib/thumb/v7e-m+fp/hard/libc_nano.a(lib_a-mlock.o)
                              /Users/nico/gcc-arm-none-eabi-9-2019-q4-major/bin/../lib/gcc/arm-none-eabi/9.2.1/../../../../arm-none-eabi/lib/thumb/v7e-m+fp/hard/libc_nano.a(lib_a-nano-freer.o) (__malloc_lock)
/Users/nico/gcc-arm-none-eabi-9-2019-q4-major/bin/../lib/gcc/arm-none-eabi/9.2.1/../../../../arm-none-eabi/lib/thumb/v7e-m+fp/hard/libc_nano.a(lib_a-nano-svfprintf.o)
                              /Users/nico/gcc-arm-none-eabi-9-2019-q4-major/bin/../lib/gcc/arm-none-eabi/9.2.1/../../../../arm-none-eabi/lib/thumb/v7e-m+fp/hard/libc_nano.a(lib_a-sprintf.o) (_svfprintf_r)
/Users/nico/gcc-arm-none-eabi-9-2019-q4-major/bin/../lib/gcc/arm-none-eabi/9.2.1/../../../../arm-none-eabi/lib/thumb/v7e-m+fp/hard/libc_nano.a(lib_a-nano-vfprintf_i.o)
                              /Users/nico/gcc-arm-none-eabi-9-2019-q4-major/bin/../lib/gcc/arm-none-eabi/9.2.1/../../../../arm-none-eabi/lib/thumb/v7e-m+fp/hard/libc_nano.a(lib_a-nano-svfprintf.o) (_printf_i)
/Users/nico/gcc-arm-none-eabi-9-2019-q4-major/bin/../lib/gcc/arm-none-eabi/9.2.1/../../../../arm-none-eabi/lib/thumb/v7e-m+fp/hard/libc_nano.a(lib_a-reent.o)
                              /Users/nico/gcc-arm-none-eabi-9-2019-q4-major/bin/../lib/gcc/arm-none-eabi/9.2.1/../../../../arm-none-eabi/lib/thumb/v7e-m+fp/hard/libc_nano.a(lib_a-sbrkr.o) (errno)
/Users/nico/gcc-arm-none-eabi-9-2019-q4-major/bin/../lib/gcc/arm-none-eabi/9.2.1/../../../../arm-none-eabi/lib/thumb/v7e-m+fp/hard/libc_nano.a(lib_a-lock.o)
                              /Users/nico/gcc-arm-none-eabi-9-2019-q4-major/bin/../lib/gcc/arm-none-eabi/9.2.1/../../../../arm-none-eabi/lib/thumb/v7e-m+fp/hard/libc_nano.a(lib_a-mlock.o) (__retarget_lock_acquire_recursive)
/Users/nico/gcc-arm-none-eabi-9-2019-q4-major/bin/../lib/gcc/arm-none-eabi/9.2.1/../../../../arm-none-eabi/lib/thumb/v7e-m+fp/hard/libc_nano.a(lib_a-memchr.o)
[...]
Memory Configuration

Name             Origin             Length             Attributes
CCMRAM           0x0000000010000000 0x0000000000010000 xrw
RAM              0x0000000020000000 0x0000000000030000 xrw
FLASH            0x0000000008080000 0x0000000000080000 xr
*default*        0x0000000000000000 0xffffffffffffffff

Linker script and memory map

LOAD /Users/nico/gcc-arm-none-eabi-9-2019-q4-major/bin/../lib/gcc/arm-none-eabi/9.2.1/thumb/v7e-m+fp/hard/crti.o
LOAD /Users/nico/gcc-arm-none-eabi-9-2019-q4-major/bin/../lib/gcc/arm-none-eabi/9.2.1/thumb/v7e-m+fp/hard/crtbegin.o
LOAD /Users/nico/gcc-arm-none-eabi-9-2019-q4-major/bin/../lib/gcc/arm-none-eabi/9.2.1/../../../../arm-none-eabi/lib/thumb/v7e-m+fp/hard/crt0.o
LOAD ./obj/gpio.o
LOAD ./obj/stm32f4xx_hal_msp.o
LOAD ./obj/stm32f4xx_it.o
LOAD ./obj/system_stm32f4xx.o
LOAD ./obj/tim.o
LOAD ./obj/usart.o
LOAD ./obj/stm32f4xx_hal.o
LOAD ./obj/stm32f4xx_hal_cortex.o
LOAD ./obj/stm32f4xx_hal_dma.o
LOAD ./obj/stm32f4xx_hal_dma_ex.o
LOAD ./obj/stm32f4xx_hal_exti.o
LOAD ./obj/stm32f4xx_hal_flash.o
LOAD ./obj/stm32f4xx_hal_flash_ex.o
LOAD ./obj/stm32f4xx_hal_flash_ramfunc.o
LOAD ./obj/stm32f4xx_hal_gpio.o
LOAD ./obj/stm32f4xx_hal_pwr.o
LOAD ./obj/stm32f4xx_hal_pwr_ex.o
LOAD ./obj/stm32f4xx_hal_rcc.o
LOAD ./obj/stm32f4xx_hal_rcc_ex.o
LOAD ./obj/stm32f4xx_hal_tim.o
LOAD ./obj/stm32f4xx_hal_tim_ex.o
LOAD ./obj/stm32f4xx_hal_uart.o
LOAD ./obj/main.o
LOAD ./obj/startup_stm32f429nihx.o
START GROUP
LOAD /Users/nico/gcc-arm-none-eabi-9-2019-q4-major/bin/../lib/gcc/arm-none-eabi/9.2.1/../../../../arm-none-eabi/lib/thumb/v7e-m+fp/hard/libc_nano.a
LOAD /Users/nico/gcc-arm-none-eabi-9-2019-q4-major/bin/../lib/gcc/arm-none-eabi/9.2.1/../../../../arm-none-eabi/lib/thumb/v7e-m+fp/hard/libm.a
END GROUP
START GROUP
LOAD /Users/nico/gcc-arm-none-eabi-9-2019-q4-major/bin/../lib/gcc/arm-none-eabi/9.2.1/thumb/v7e-m+fp/hard/libgcc.a
LOAD /Users/nico/gcc-arm-none-eabi-9-2019-q4-major/bin/../lib/gcc/arm-none-eabi/9.2.1/../../../../arm-none-eabi/lib/thumb/v7e-m+fp/hard/libc_nano.a
END GROUP
START GROUP
LOAD /Users/nico/gcc-arm-none-eabi-9-2019-q4-major/bin/../lib/gcc/arm-none-eabi/9.2.1/thumb/v7e-m+fp/hard/libgcc.a
LOAD /Users/nico/gcc-arm-none-eabi-9-2019-q4-major/bin/../lib/gcc/arm-none-eabi/9.2.1/../../../../arm-none-eabi/lib/thumb/v7e-m+fp/hard/libc_nano.a
LOAD /Users/nico/gcc-arm-none-eabi-9-2019-q4-major/bin/../lib/gcc/arm-none-eabi/9.2.1/../../../../arm-none-eabi/lib/thumb/v7e-m+fp/hard/libnosys.a
END GROUP
START GROUP
LOAD /Users/nico/gcc-arm-none-eabi-9-2019-q4-major/bin/../lib/gcc/arm-none-eabi/9.2.1/thumb/v7e-m+fp/hard/libgcc.a
LOAD /Users/nico/gcc-arm-none-eabi-9-2019-q4-major/bin/../lib/gcc/arm-none-eabi/9.2.1/../../../../arm-none-eabi/lib/thumb/v7e-m+fp/hard/libc_nano.a
LOAD /Users/nico/gcc-arm-none-eabi-9-2019-q4-major/bin/../lib/gcc/arm-none-eabi/9.2.1/../../../../arm-none-eabi/lib/thumb/v7e-m+fp/hard/libnosys.a
END GROUP
LOAD /Users/nico/gcc-arm-none-eabi-9-2019-q4-major/bin/../lib/gcc/arm-none-eabi/9.2.1/thumb/v7e-m+fp/hard/crtend.o
LOAD /Users/nico/gcc-arm-none-eabi-9-2019-q4-major/bin/../lib/gcc/arm-none-eabi/9.2.1/thumb/v7e-m+fp/hard/crtn.o
                0x0000000020030000                _estack = 0x20030000
                0x0000000000000200                _Min_Heap_Size = 0x200
                0x0000000000000400                _Min_Stack_Size = 0x400

.isr_vector     0x0000000008080000      0x1ac
                0x0000000008080000                . = ALIGN (0x4)
 *(.isr_vector)
 .isr_vector    0x0000000008080000      0x1ac ./obj/startup_stm32f429nihx.o
                0x0000000008080000                g_pfnVectors
                0x00000000080801ac                . = ALIGN (0x4)

.text           0x00000000080801b0     0xbde0
                0x00000000080801b0                . = ALIGN (0x4)
 *(.text)
 .text          0x00000000080801b0       0x40 /Users/nico/gcc-arm-none-eabi-9-2019-q4-major/bin/../lib/gcc/arm-none-eabi/9.2.1/thumb/v7e-m+fp/hard/crtbegin.o
 .text          0x00000000080801f0       0x50 ./obj/gpio.o
                0x00000000080801f0                MX_GPIO_Init
 .text          0x0000000008080240       0x50 ./obj/stm32f4xx_hal_msp.o
                0x0000000008080240                HAL_MspInit
 .text          0x0000000008080290      0x27c ./obj/stm32f4xx_it.o
                0x0000000008080290                NMI_Handler
                0x000000000808029e                HardFault_Handler
                0x00000000080802a4                MemManage_Handler
                0x00000000080802aa                BusFault_Handler
                0x00000000080802b0                UsageFault_Handler
                0x00000000080802b6                SVC_Handler
                0x00000000080802c4                DebugMon_Handler
                0x00000000080802d2                PendSV_Handler
                0x00000000080802e0                SysTick_Handler
                0x00000000080802ec                USART1_IRQHandler
                0x00000000080803fc                TIM5_IRQHandler
 .text          0x000000000808050c      0x164 ./obj/system_stm32f4xx.o
                0x000000000808050c                SystemInit
                0x000000000808057c                SystemCoreClockUpdate
 .text          0x0000000008080670      0x150 ./obj/tim.o
                0x0000000008080670                MX_TIM5_Init
                0x000000000808073c                HAL_TIM_Base_MspInit
                0x000000000808078c                HAL_TIM_Base_MspDeInit
 .text          0x00000000080807c0      0x1a4 ./obj/usart.o
                0x00000000080807c0                MX_USART1_UART_Init
                0x0000000008080834                HAL_UART_MspInit
                0x0000000008080914                HAL_UART_MspDeInit
 .text          0x0000000008080964      0x474 ./obj/stm32f4xx_hal.o
                0x0000000008080964                HAL_Init
                0x00000000080809e4                HAL_DeInit
                0x0000000008080a4a                HAL_MspDeInit
                0x0000000008080a58                HAL_InitTick
                0x0000000008080ae4                HAL_IncTick
                0x0000000008080b0c                HAL_GetTick
                0x0000000008080b24                HAL_GetTickPrio
                0x0000000008080b3c                HAL_SetTickFreq
                0x0000000008080b7c                HAL_GetTickFreq
                0x0000000008080b94                HAL_Delay
                0x0000000008080be8                HAL_SuspendTick
                0x0000000008080c08                HAL_ResumeTick
                0x0000000008080c28                HAL_GetHalVersion
                0x0000000008080c3c                HAL_GetREVID
                0x0000000008080c54                HAL_GetDEVID
                0x0000000008080c70                HAL_DBGMCU_EnableDBGSleepMode
                0x0000000008080c90                HAL_DBGMCU_DisableDBGSleepMode
                0x0000000008080cb0                HAL_DBGMCU_EnableDBGStopMode
                0x0000000008080cd0                HAL_DBGMCU_DisableDBGStopMode
                0x0000000008080cf0                HAL_DBGMCU_EnableDBGStandbyMode
                0x0000000008080d10                HAL_DBGMCU_DisableDBGStandbyMode
                0x0000000008080d30                HAL_EnableCompensationCell
                0x0000000008080d48                HAL_DisableCompensationCell
                0x0000000008080d60                HAL_GetUIDw0
                0x0000000008080d78                HAL_GetUIDw1
                0x0000000008080d90                HAL_GetUIDw2
                0x0000000008080da8                HAL_EnableMemorySwappingBank
                0x0000000008080dc0                HAL_DisableMemorySwappingBank
 .text          0x0000000008080dd8      0x6b0 ./obj/stm32f4xx_hal_cortex.o
                0x00000000080811b0                HAL_NVIC_SetPriorityGrouping
                0x00000000080811d6                HAL_NVIC_SetPriority
                0x000000000808121c                HAL_NVIC_EnableIRQ
                0x0000000008081238                HAL_NVIC_DisableIRQ
                0x0000000008081254                HAL_NVIC_SystemReset
                0x000000000808125c                HAL_SYSTICK_Config
                0x0000000008081294                HAL_MPU_Disable
                0x00000000080812c0                HAL_MPU_Enable
                0x00000000080812fc                HAL_MPU_ConfigRegion
                0x0000000008081384                HAL_NVIC_GetPriorityGrouping
                0x0000000008081392                HAL_NVIC_GetPriority
                0x00000000080813be                HAL_NVIC_SetPendingIRQ
                0x00000000080813da                HAL_NVIC_GetPendingIRQ
                0x00000000080813f8                HAL_NVIC_ClearPendingIRQ
                0x0000000008081414                HAL_NVIC_GetActive
                0x0000000008081432                HAL_SYSTICK_CLKSourceConfig
                0x000000000808146c                HAL_SYSTICK_IRQHandler
                0x0000000008081478                HAL_SYSTICK_Callback
 .text          0x0000000008081488      0xcac ./obj/stm32f4xx_hal_dma.o
                0x0000000008081488                HAL_DMA_Init
                0x00000000080815e4                HAL_DMA_DeInit
                0x00000000080816a0                HAL_DMA_Start
                0x0000000008081716                HAL_DMA_Start_IT
                0x00000000080817d6                HAL_DMA_Abort
                0x00000000080818b6                HAL_DMA_Abort_IT
                0x00000000080818fa                HAL_DMA_PollForTransfer
                0x0000000008081ab8                HAL_DMA_IRQHandler
                0x0000000008081dca                HAL_DMA_RegisterCallback
                0x0000000008081e72                HAL_DMA_UnRegisterCallback
                0x0000000008081f44                HAL_DMA_GetState
                0x0000000008081f60                HAL_DMA_GetError
 .text          0x0000000008082134      0x698 ./obj/stm32f4xx_hal_gpio.o
                0x0000000008082134                HAL_GPIO_Init
                0x0000000008082488                HAL_GPIO_DeInit
                0x000000000808269c                HAL_GPIO_ReadPin
                0x00000000080826cc                HAL_GPIO_WritePin
                0x00000000080826fe                HAL_GPIO_TogglePin
                0x0000000008082734                HAL_GPIO_LockPin
                0x0000000008082784                HAL_GPIO_EXTI_IRQHandler
                0x00000000080827b4                HAL_GPIO_EXTI_Callback
 .text          0x00000000080827cc      0xb64 ./obj/stm32f4xx_hal_rcc.o
                0x00000000080827dc                HAL_RCC_OscConfig
                0x0000000008082c70                HAL_RCC_ClockConfig
                0x0000000008082e70                HAL_RCC_MCOConfig
                0x0000000008082f40                HAL_RCC_EnableCSS
                0x0000000008082f58                HAL_RCC_DisableCSS
                0x0000000008082f70                HAL_RCC_GetSysClockFreq
                0x00000000080830e4                HAL_RCC_GetHCLKFreq
                0x00000000080830fc                HAL_RCC_GetPCLK1Freq
                0x0000000008083134                HAL_RCC_GetPCLK2Freq
                0x000000000808316c                HAL_RCC_GetOscConfig
                0x0000000008083294                HAL_RCC_GetClockConfig
                0x00000000080832f8                HAL_RCC_NMI_IRQHandler
                0x0000000008083320                HAL_RCC_CSSCallback
 .text          0x0000000008083330     0x43ec ./obj/stm32f4xx_hal_tim.o
                0x0000000008083330                HAL_TIM_Base_Init
                0x0000000008083396                HAL_TIM_Base_DeInit
                0x000000000808341e                HAL_TIM_Base_Start
                0x0000000008083466                HAL_TIM_Base_Stop
                0x00000000080834bc                HAL_TIM_Base_Start_IT
                0x0000000008083504                HAL_TIM_Base_Stop_IT
                0x000000000808355a                HAL_TIM_Base_Start_DMA
                0x000000000808361c                HAL_TIM_Base_Stop_DMA
                0x0000000008083680                HAL_TIM_OC_Init
                0x00000000080836d6                HAL_TIM_OC_DeInit
                0x0000000008083736                HAL_TIM_OC_MspInit
                0x000000000808374a                HAL_TIM_OC_MspDeInit
                0x000000000808375e                HAL_TIM_OC_Start
                0x00000000080837d8                HAL_TIM_OC_Stop
                0x0000000008083880                HAL_TIM_OC_Start_IT
                0x0000000008083988                HAL_TIM_OC_Stop_IT
                0x0000000008083abc                HAL_TIM_OC_Start_DMA
                0x0000000008083ce0                HAL_TIM_OC_Stop_DMA
                0x0000000008083e44                HAL_TIM_PWM_Init
                0x0000000008083e9a                HAL_TIM_PWM_DeInit
                0x0000000008083efa                HAL_TIM_PWM_MspInit
                0x0000000008083f0e                HAL_TIM_PWM_MspDeInit
                0x0000000008083f22                HAL_TIM_PWM_Start
                0x0000000008083f9c                HAL_TIM_PWM_Stop
                0x000000000808404c                HAL_TIM_PWM_Start_IT
                0x0000000008084154                HAL_TIM_PWM_Stop_IT
                0x0000000008084288                HAL_TIM_PWM_Start_DMA
                0x00000000080844ac                HAL_TIM_PWM_Stop_DMA
                0x0000000008084610                HAL_TIM_IC_Init
                0x0000000008084666                HAL_TIM_IC_DeInit
                0x00000000080846c6                HAL_TIM_IC_MspInit
                0x00000000080846da                HAL_TIM_IC_MspDeInit
                0x00000000080846ee                HAL_TIM_IC_Start
                0x0000000008084732                HAL_TIM_IC_Stop
                0x0000000008084784                HAL_TIM_IC_Start_IT
                0x0000000008084854                HAL_TIM_IC_Stop_IT
                0x0000000008084932                HAL_TIM_IC_Start_DMA
                0x0000000008084b20                HAL_TIM_IC_Stop_DMA
                0x0000000008084c2e                HAL_TIM_OnePulse_Init
                0x0000000008084ca6                HAL_TIM_OnePulse_DeInit
                0x0000000008084d06                HAL_TIM_OnePulse_MspInit
                0x0000000008084d1a                HAL_TIM_OnePulse_MspDeInit
                0x0000000008084d2e                HAL_TIM_OnePulse_Start
                0x0000000008084d94                HAL_TIM_OnePulse_Stop
                0x0000000008084e4c                HAL_TIM_OnePulse_Start_IT
                0x0000000008084ed4                HAL_TIM_OnePulse_Stop_IT
                0x0000000008084fac                HAL_TIM_Encoder_Init
                0x00000000080850d0                HAL_TIM_Encoder_DeInit
                0x0000000008085130                HAL_TIM_Encoder_MspInit
                0x0000000008085144                HAL_TIM_Encoder_MspDeInit
                0x0000000008085158                HAL_TIM_Encoder_Start
                0x00000000080851c6                HAL_TIM_Encoder_Stop
                0x0000000008085254                HAL_TIM_Encoder_Start_IT
                0x0000000008085302                HAL_TIM_Encoder_Stop_IT
                0x00000000080853d6                HAL_TIM_Encoder_Start_DMA
                0x00000000080855cc                HAL_TIM_Encoder_Stop_DMA
                0x00000000080856c8                HAL_TIM_IRQHandler
                0x00000000080858e8                HAL_TIM_OC_ConfigChannel
                0x00000000080859a8                HAL_TIM_IC_ConfigChannel
                0x0000000008085ae0                HAL_TIM_PWM_ConfigChannel
                0x0000000008085c6c                HAL_TIM_OnePulse_ConfigChannel
                0x0000000008085dec                HAL_TIM_DMABurst_WriteStart
                0x0000000008086070                HAL_TIM_DMABurst_WriteStop
                0x0000000008086146                HAL_TIM_DMABurst_ReadStart
                0x00000000080863c8                HAL_TIM_DMABurst_ReadStop
                0x000000000808649e                HAL_TIM_GenerateEvent
                0x00000000080864ec                HAL_TIM_ConfigOCrefClear
                0x0000000008086674                HAL_TIM_ConfigClockSource
                0x00000000080867f2                HAL_TIM_ConfigTI1Input
                0x000000000808682a                HAL_TIM_SlaveConfigSynchro
                0x00000000080868ae                HAL_TIM_SlaveConfigSynchro_IT
                0x0000000008086932                HAL_TIM_ReadCapturedValue
                0x00000000080869b8                HAL_TIM_PeriodElapsedCallback
                0x00000000080869cc                HAL_TIM_PeriodElapsedHalfCpltCallback
                0x00000000080869e0                HAL_TIM_OC_DelayElapsedCallback
                0x00000000080869f4                HAL_TIM_IC_CaptureCallback
                0x0000000008086a08                HAL_TIM_IC_CaptureHalfCpltCallback
                0x0000000008086a1c                HAL_TIM_PWM_PulseFinishedCallback
                0x0000000008086a30                HAL_TIM_PWM_PulseFinishedHalfCpltCallback
                0x0000000008086a44                HAL_TIM_TriggerCallback
                0x0000000008086a58                HAL_TIM_TriggerHalfCpltCallback
                0x0000000008086a6c                HAL_TIM_ErrorCallback
                0x0000000008086a80                HAL_TIM_Base_GetState
                0x0000000008086a9c                HAL_TIM_OC_GetState
                0x0000000008086ab8                HAL_TIM_PWM_GetState
                0x0000000008086ad4                HAL_TIM_IC_GetState
                0x0000000008086af0                HAL_TIM_OnePulse_GetState
                0x0000000008086b0c                HAL_TIM_Encoder_GetState
                0x0000000008086b28                TIM_DMAError
                0x0000000008086b4c                TIM_DMADelayPulseCplt
                0x0000000008086bbc                TIM_DMADelayPulseHalfCplt
                0x0000000008086c2c                TIM_DMACaptureCplt
                0x0000000008086c9c                TIM_DMACaptureHalfCplt
                0x0000000008086d9c                TIM_Base_SetConfig
                0x0000000008086fbc                TIM_OC2_SetConfig
                0x0000000008087348                TIM_TI1_SetConfig
                0x0000000008087690                TIM_ETR_SetConfig
                0x00000000080876d0                TIM_CCxChannelCmd
 .text          0x000000000808771c     0x144c ./obj/stm32f4xx_hal_tim_ex.o
                0x000000000808771c                HAL_TIMEx_HallSensor_Init
                0x0000000008087846                HAL_TIMEx_HallSensor_DeInit
                0x00000000080878a6                HAL_TIMEx_HallSensor_MspInit
                0x00000000080878ba                HAL_TIMEx_HallSensor_MspDeInit
                0x00000000080878ce                HAL_TIMEx_HallSensor_Start
                0x0000000008087910                HAL_TIMEx_HallSensor_Stop
                0x0000000008087960                HAL_TIMEx_HallSensor_Start_IT
                0x00000000080879b2                HAL_TIMEx_HallSensor_Stop_IT
                0x0000000008087a12                HAL_TIMEx_HallSensor_Start_DMA
                0x0000000008087ae0                HAL_TIMEx_HallSensor_Stop_DMA
                0x0000000008087b4a                HAL_TIMEx_OCN_Start
                0x0000000008087b9e                HAL_TIMEx_OCN_Stop
                0x0000000008087c20                HAL_TIMEx_OCN_Start_IT
                0x0000000008087cca                HAL_TIMEx_OCN_Stop_IT
                0x0000000008087db6                HAL_TIMEx_OCN_Start_DMA
                0x0000000008087f38                HAL_TIMEx_OCN_Stop_DMA
                0x0000000008088026                HAL_TIMEx_PWMN_Start
                0x000000000808807a                HAL_TIMEx_PWMN_Stop
                0x00000000080880fc                HAL_TIMEx_PWMN_Start_IT
                0x00000000080881a6                HAL_TIMEx_PWMN_Stop_IT
                0x0000000008088292                HAL_TIMEx_PWMN_Start_DMA
                0x0000000008088414                HAL_TIMEx_PWMN_Stop_DMA
                0x0000000008088502                HAL_TIMEx_OnePulseN_Start
                0x0000000008088534                HAL_TIMEx_OnePulseN_Stop
                0x00000000080885b6                HAL_TIMEx_OnePulseN_Start_IT
                0x0000000008088608                HAL_TIMEx_OnePulseN_Stop_IT
                0x00000000080886aa                HAL_TIMEx_ConfigCommutEvent
                0x000000000808876a                HAL_TIMEx_ConfigCommutEvent_IT
                0x000000000808882a                HAL_TIMEx_ConfigCommutEvent_DMA
                0x0000000008088910                HAL_TIMEx_MasterConfigSynchronization
                0x000000000808899a                HAL_TIMEx_ConfigBreakDeadTime
                0x0000000008088a3e                HAL_TIMEx_RemapConfig
                0x0000000008088a7c                HAL_TIMEx_CommutCallback
                0x0000000008088a90                HAL_TIMEx_CommutHalfCpltCallback
                0x0000000008088aa4                HAL_TIMEx_BreakCallback
                0x0000000008088ab8                HAL_TIMEx_HallSensor_GetState
                0x0000000008088ad4                TIMEx_DMACommutationCplt
                0x0000000008088af8                TIMEx_DMACommutationHalfCplt
 .text          0x0000000008088b68     0x21cc ./obj/stm32f4xx_hal_uart.o
                0x0000000008088b68                HAL_UART_Init
                0x0000000008088c22                HAL_HalfDuplex_Init
                0x0000000008088ccc                HAL_LIN_Init
                0x0000000008088d98                HAL_MultiProcessor_Init
                0x0000000008088e78                HAL_UART_DeInit
                0x0000000008088ef8                HAL_UART_Transmit
                0x0000000008089094                HAL_UART_Receive
                0x00000000080891e0                HAL_UART_Transmit_IT
                0x000000000808926a                HAL_UART_Receive_IT
                0x0000000008089314                HAL_UART_Transmit_DMA
                0x00000000080893ec                HAL_UART_Receive_DMA
                0x00000000080894ec                HAL_UART_DMAPause
                0x00000000080895b4                HAL_UART_DMAResume
                0x0000000008089656                HAL_UART_DMAStop
                0x000000000808970c                HAL_UART_Abort
                0x0000000008089810                HAL_UART_AbortTransmit
                0x0000000008089898                HAL_UART_AbortReceive
                0x0000000008089930                HAL_UART_Abort_IT
                0x0000000008089a78                HAL_UART_AbortTransmit_IT
                0x0000000008089b18                HAL_UART_AbortReceive_IT
                0x0000000008089bc8                HAL_UART_IRQHandler
                0x0000000008089e1c                HAL_UART_TxCpltCallback
                0x0000000008089e30                HAL_UART_TxHalfCpltCallback
                0x0000000008089e44                HAL_UART_RxCpltCallback
                0x0000000008089e58                HAL_UART_RxHalfCpltCallback
                0x0000000008089e6c                HAL_UART_ErrorCallback
                0x0000000008089e80                HAL_UART_AbortCpltCallback
                0x0000000008089e94                HAL_UART_AbortTransmitCpltCallback
                0x0000000008089ea8                HAL_UART_AbortReceiveCpltCallback
                0x0000000008089ebc                HAL_LIN_SendBreak
                0x0000000008089f10                HAL_MultiProcessor_EnterMuteMode
                0x0000000008089f64                HAL_MultiProcessor_ExitMuteMode
                0x0000000008089fb8                HAL_HalfDuplex_EnableTransmitter
                0x000000000808a020                HAL_HalfDuplex_EnableReceiver
                0x000000000808a088                HAL_UART_GetState
                0x000000000808a0c4                HAL_UART_GetError
 .text          0x000000000808ad34      0x538 ./obj/main.o
                0x000000000808ad34                enqueue
                0x000000000808adc0                dequeue
                0x000000000808ae24                qcount
                0x000000000808ae3c                dijkstra
                0x000000000808afdc                main
                0x000000000808b158                SystemClock_Config
                0x000000000808b25c                Error_Handler
 *fill*         0x000000000808b26c        0x4 
 .text          0x000000000808b270       0xa0 /Users/nico/gcc-arm-none-eabi-9-2019-q4-major/bin/../lib/gcc/arm-none-eabi/9.2.1/../../../../arm-none-eabi/lib/thumb/v7e-m+fp/hard/libc_nano.a(lib_a-memchr.o)
                0x000000000808b270                memchr
 .text          0x000000000808b310       0x30 /Users/nico/gcc-arm-none-eabi-9-2019-q4-major/bin/../lib/gcc/arm-none-eabi/9.2.1/thumb/v7e-m+fp/hard/libgcc.a(_aeabi_uldivmod.o)
                0x000000000808b310                __aeabi_uldivmod
 .text          0x000000000808b340      0x2c4 /Users/nico/gcc-arm-none-eabi-9-2019-q4-major/bin/../lib/gcc/arm-none-eabi/9.2.1/thumb/v7e-m+fp/hard/libgcc.a(_udivmoddi4.o)
                0x000000000808b340                __udivmoddi4
 .text          0x000000000808b604        0x4 /Users/nico/gcc-arm-none-eabi-9-2019-q4-major/bin/../lib/gcc/arm-none-eabi/9.2.1/thumb/v7e-m+fp/hard/libgcc.a(_dvmd_tls.o)
                0x000000000808b604                __aeabi_ldiv0
                0x000000000808b604                __aeabi_idiv0
 *(.text*)
 .text.Reset_Handler
                0x000000000808b608       0x50 ./obj/startup_stm32f429nihx.o
                0x000000000808b608                Reset_Handler
 .text.Default_Handler
                0x000000000808b658        0x2 ./obj/startup_stm32f429nihx.o
                0x000000000808b658                DMA1_Stream3_IRQHandler
                0x000000000808b658                HASH_RNG_IRQHandler
                0x000000000808b658                EXTI2_IRQHandler
                0x000000000808b658                TIM8_CC_IRQHandler
                0x000000000808b658                UART8_IRQHandler
                0x000000000808b658                SPI4_IRQHandler
                0x000000000808b658                TIM1_CC_IRQHandler
                0x000000000808b658                DMA2_Stream5_IRQHandler
                0x000000000808b658                DMA1_Stream5_IRQHandler
                0x000000000808b658                PVD_IRQHandler
                0x000000000808b658                SDIO_IRQHandler
                0x000000000808b658                TAMP_STAMP_IRQHandler
                0x000000000808b658                CAN2_RX1_IRQHandler
                0x000000000808b658                EXTI3_IRQHandler
                0x000000000808b658                TIM8_TRG_COM_TIM14_IRQHandler
                0x000000000808b658                TIM1_UP_TIM10_IRQHandler
                0x000000000808b658                TIM8_UP_TIM13_IRQHandler
                0x000000000808b658                I2C3_ER_IRQHandler
                0x000000000808b658                EXTI0_IRQHandler
                0x000000000808b658                I2C2_EV_IRQHandler
                0x000000000808b658                DMA1_Stream2_IRQHandler
                0x000000000808b658                CAN1_RX0_IRQHandler
                0x000000000808b658                FPU_IRQHandler
                0x000000000808b658                OTG_HS_WKUP_IRQHandler
                0x000000000808b658                LTDC_ER_IRQHandler
                0x000000000808b658                CAN2_SCE_IRQHandler
                0x000000000808b658                DMA2_Stream2_IRQHandler
                0x000000000808b658                SPI1_IRQHandler
                0x000000000808b658                TIM6_DAC_IRQHandler
                0x000000000808b658                TIM1_BRK_TIM9_IRQHandler
                0x000000000808b658                DCMI_IRQHandler
                0x000000000808b658                CAN2_RX0_IRQHandler
                0x000000000808b658                DMA2_Stream3_IRQHandler
                0x000000000808b658                USART6_IRQHandler
                0x000000000808b658                USART3_IRQHandler
                0x000000000808b658                CAN1_RX1_IRQHandler
                0x000000000808b658                UART5_IRQHandler
                0x000000000808b658                DMA2_Stream0_IRQHandler
                0x000000000808b658                TIM4_IRQHandler
                0x000000000808b658                I2C1_EV_IRQHandler
                0x000000000808b658                DMA1_Stream6_IRQHandler
                0x000000000808b658                DMA1_Stream1_IRQHandler
                0x000000000808b658                UART4_IRQHandler
                0x000000000808b658                TIM3_IRQHandler
                0x000000000808b658                RCC_IRQHandler
                0x000000000808b658                TIM8_BRK_TIM12_IRQHandler
                0x000000000808b658                Default_Handler
                0x000000000808b658                EXTI15_10_IRQHandler
                0x000000000808b658                ADC_IRQHandler
                0x000000000808b658                DMA1_Stream7_IRQHandler
                0x000000000808b658                SPI5_IRQHandler
                0x000000000808b658                TIM7_IRQHandler
                0x000000000808b658                CAN2_TX_IRQHandler
                0x000000000808b658                DMA2_Stream7_IRQHandler
                0x000000000808b658                I2C3_EV_IRQHandler
                0x000000000808b658                EXTI9_5_IRQHandler
                0x000000000808b658                RTC_WKUP_IRQHandler
                0x000000000808b658                LTDC_IRQHandler
                0x000000000808b658                ETH_WKUP_IRQHandler
                0x000000000808b658                SPI2_IRQHandler
                0x000000000808b658                OTG_HS_EP1_IN_IRQHandler
                0x000000000808b658                DMA1_Stream0_IRQHandler
                0x000000000808b658                CAN1_TX_IRQHandler
                0x000000000808b658                EXTI4_IRQHandler
                0x000000000808b658                ETH_IRQHandler
                0x000000000808b658                OTG_HS_EP1_OUT_IRQHandler
                0x000000000808b658                WWDG_IRQHandler
                0x000000000808b658                SPI6_IRQHandler
                0x000000000808b658                TIM2_IRQHandler
                0x000000000808b658                OTG_FS_WKUP_IRQHandler
                0x000000000808b658                TIM1_TRG_COM_TIM11_IRQHandler
                0x000000000808b658                OTG_HS_IRQHandler
                0x000000000808b658                DMA2D_IRQHandler
                0x000000000808b658                EXTI1_IRQHandler
                0x000000000808b658                UART7_IRQHandler
                0x000000000808b658                USART2_IRQHandler
                0x000000000808b658                I2C2_ER_IRQHandler
                0x000000000808b658                DMA2_Stream1_IRQHandler
                0x000000000808b658                CAN1_SCE_IRQHandler
                0x000000000808b658                FLASH_IRQHandler
                0x000000000808b658                DMA2_Stream4_IRQHandler
                0x000000000808b658                OTG_FS_IRQHandler
                0x000000000808b658                SPI3_IRQHandler
                0x000000000808b658                DMA1_Stream4_IRQHandler
                0x000000000808b658                I2C1_ER_IRQHandler
                0x000000000808b658                FMC_IRQHandler
                0x000000000808b658                DMA2_Stream6_IRQHandler
                0x000000000808b658                SAI1_IRQHandler
                0x000000000808b658                RTC_Alarm_IRQHandler
 *fill*         0x000000000808b65a        0x2 
 .text.exit     0x000000000808b65c       0x28 /Users/nico/gcc-arm-none-eabi-9-2019-q4-major/bin/../lib/gcc/arm-none-eabi/9.2.1/../../../../arm-none-eabi/lib/thumb/v7e-m+fp/hard/libc_nano.a(lib_a-exit.o)
                0x000000000808b65c                exit
 .text.__libc_init_array
                0x000000000808b684       0x48 /Users/nico/gcc-arm-none-eabi-9-2019-q4-major/bin/../lib/gcc/arm-none-eabi/9.2.1/../../../../arm-none-eabi/lib/thumb/v7e-m+fp/hard/libc_nano.a(lib_a-init.o)
                0x000000000808b684                __libc_init_array
 .text.malloc   0x000000000808b6cc       0x10 /Users/nico/gcc-arm-none-eabi-9-2019-q4-major/bin/../lib/gcc/arm-none-eabi/9.2.1/../../../../arm-none-eabi/lib/thumb/v7e-m+fp/hard/libc_nano.a(lib_a-malloc.o)
                0x000000000808b6cc                malloc
 .text.free     0x000000000808b6dc       0x10 /Users/nico/gcc-arm-none-eabi-9-2019-q4-major/bin/../lib/gcc/arm-none-eabi/9.2.1/../../../../arm-none-eabi/lib/thumb/v7e-m+fp/hard/libc_nano.a(lib_a-malloc.o)
                0x000000000808b6dc                free
 .text.memset   0x000000000808b6ec       0x10 /Users/nico/gcc-arm-none-eabi-9-2019-q4-major/bin/../lib/gcc/arm-none-eabi/9.2.1/../../../../arm-none-eabi/lib/thumb/v7e-m+fp/hard/libc_nano.a(lib_a-memset.o)
                0x000000000808b6ec                memset
 .text._free_r  0x000000000808b6fc       0xa0 /Users/nico/gcc-arm-none-eabi-9-2019-q4-major/bin/../lib/gcc/arm-none-eabi/9.2.1/../../../../arm-none-eabi/lib/thumb/v7e-m+fp/hard/libc_nano.a(lib_a-nano-freer.o)
                0x000000000808b6fc                _free_r
 .text._malloc_r
                0x000000000808b79c       0xb4 /Users/nico/gcc-arm-none-eabi-9-2019-q4-major/bin/../lib/gcc/arm-none-eabi/9.2.1/../../../../arm-none-eabi/lib/thumb/v7e-m+fp/hard/libc_nano.a(lib_a-nano-mallocr.o)
                0x000000000808b79c                _malloc_r
 .text._sbrk_r  0x000000000808b850       0x20 /Users/nico/gcc-arm-none-eabi-9-2019-q4-major/bin/../lib/gcc/arm-none-eabi/9.2.1/../../../../arm-none-eabi/lib/thumb/v7e-m+fp/hard/libc_nano.a(lib_a-sbrkr.o)
                0x000000000808b850                _sbrk_r
 .text.sprintf  0x000000000808b870       0x40 /Users/nico/gcc-arm-none-eabi-9-2019-q4-major/bin/../lib/gcc/arm-none-eabi/9.2.1/../../../../arm-none-eabi/lib/thumb/v7e-m+fp/hard/libc_nano.a(lib_a-sprintf.o)
                0x000000000808b870                sprintf
                0x000000000808b870                siprintf
 .text.__malloc_lock
                0x000000000808b8b0        0xc /Users/nico/gcc-arm-none-eabi-9-2019-q4-major/bin/../lib/gcc/arm-none-eabi/9.2.1/../../../../arm-none-eabi/lib/thumb/v7e-m+fp/hard/libc_nano.a(lib_a-mlock.o)
                0x000000000808b8b0                __malloc_lock
 .text.__malloc_unlock
                0x000000000808b8bc        0xc /Users/nico/gcc-arm-none-eabi-9-2019-q4-major/bin/../lib/gcc/arm-none-eabi/9.2.1/../../../../arm-none-eabi/lib/thumb/v7e-m+fp/hard/libc_nano.a(lib_a-mlock.o)
                0x000000000808b8bc                __malloc_unlock
 .text.__ssputs_r
                0x000000000808b8c8       0xb6 /Users/nico/gcc-arm-none-eabi-9-2019-q4-major/bin/../lib/gcc/arm-none-eabi/9.2.1/../../../../arm-none-eabi/lib/thumb/v7e-m+fp/hard/libc_nano.a(lib_a-nano-svfprintf.o)
                0x000000000808b8c8                __ssputs_r
 *fill*         0x000000000808b97e        0x2 
 .text._svfprintf_r
                0x000000000808b980      0x200 /Users/nico/gcc-arm-none-eabi-9-2019-q4-major/bin/../lib/gcc/arm-none-eabi/9.2.1/../../../../arm-none-eabi/lib/thumb/v7e-m+fp/hard/libc_nano.a(lib_a-nano-svfprintf.o)
                0x000000000808b980                _svfprintf_r
                0x000000000808b980                _svfiprintf_r
 .text._printf_common
                0x000000000808bb80       0xda /Users/nico/gcc-arm-none-eabi-9-2019-q4-major/bin/../lib/gcc/arm-none-eabi/9.2.1/../../../../arm-none-eabi/lib/thumb/v7e-m+fp/hard/libc_nano.a(lib_a-nano-vfprintf_i.o)
                0x000000000808bb80                _printf_common
 *fill*         0x000000000808bc5a        0x2 
 .text._printf_i
                0x000000000808bc5c      0x24c /Users/nico/gcc-arm-none-eabi-9-2019-q4-major/bin/../lib/gcc/arm-none-eabi/9.2.1/../../../../arm-none-eabi/lib/thumb/v7e-m+fp/hard/libc_nano.a(lib_a-nano-vfprintf_i.o)
                0x000000000808bc5c                _printf_i
 .text.__retarget_lock_acquire_recursive
                0x000000000808bea8        0x2 /Users/nico/gcc-arm-none-eabi-9-2019-q4-major/bin/../lib/gcc/arm-none-eabi/9.2.1/../../../../arm-none-eabi/lib/thumb/v7e-m+fp/hard/libc_nano.a(lib_a-lock.o)
                0x000000000808bea8                __retarget_lock_acquire_recursive
 .text.__retarget_lock_release_recursive
                0x000000000808beaa        0x2 /Users/nico/gcc-arm-none-eabi-9-2019-q4-major/bin/../lib/gcc/arm-none-eabi/9.2.1/../../../../arm-none-eabi/lib/thumb/v7e-m+fp/hard/libc_nano.a(lib_a-lock.o)
                0x000000000808beaa                __retarget_lock_release_recursive
 .text.memcpy   0x000000000808beac       0x1c /Users/nico/gcc-arm-none-eabi-9-2019-q4-major/bin/../lib/gcc/arm-none-eabi/9.2.1/../../../../arm-none-eabi/lib/thumb/v7e-m+fp/hard/libc_nano.a(lib_a-memcpy-stub.o)
                0x000000000808beac                memcpy
 .text.memmove  0x000000000808bec8       0x34 /Users/nico/gcc-arm-none-eabi-9-2019-q4-major/bin/../lib/gcc/arm-none-eabi/9.2.1/../../../../arm-none-eabi/lib/thumb/v7e-m+fp/hard/libc_nano.a(lib_a-memmove.o)
                0x000000000808bec8                memmove
 .text._realloc_r
                0x000000000808befc       0x4c /Users/nico/gcc-arm-none-eabi-9-2019-q4-major/bin/../lib/gcc/arm-none-eabi/9.2.1/../../../../arm-none-eabi/lib/thumb/v7e-m+fp/hard/libc_nano.a(lib_a-nano-reallocr.o)
                0x000000000808befc                _realloc_r
 .text._malloc_usable_size_r
                0x000000000808bf48       0x10 /Users/nico/gcc-arm-none-eabi-9-2019-q4-major/bin/../lib/gcc/arm-none-eabi/9.2.1/../../../../arm-none-eabi/lib/thumb/v7e-m+fp/hard/libc_nano.a(lib_a-nano-msizer.o)
                0x000000000808bf48                _malloc_usable_size_r
 .text._sbrk    0x000000000808bf58       0x1c /Users/nico/gcc-arm-none-eabi-9-2019-q4-major/bin/../lib/gcc/arm-none-eabi/9.2.1/../../../../arm-none-eabi/lib/thumb/v7e-m+fp/hard/libnosys.a(sbrk.o)
                0x000000000808bf58                _sbrk
 .text._exit    0x000000000808bf74        0x4 /Users/nico/gcc-arm-none-eabi-9-2019-q4-major/bin/../lib/gcc/arm-none-eabi/9.2.1/../../../../arm-none-eabi/lib/thumb/v7e-m+fp/hard/libnosys.a(_exit.o)
                0x000000000808bf74                _exit
 *(.glue_7)
 .glue_7        0x000000000808bf78        0x0 linker stubs
 *(.glue_7t)
 .glue_7t       0x000000000808bf78        0x0 linker stubs
 *(.eh_frame)
 .eh_frame      0x000000000808bf78        0x0 /Users/nico/gcc-arm-none-eabi-9-2019-q4-major/bin/../lib/gcc/arm-none-eabi/9.2.1/thumb/v7e-m+fp/hard/crtbegin.o
 *(.init)
 .init          0x000000000808bf78        0x4 /Users/nico/gcc-arm-none-eabi-9-2019-q4-major/bin/../lib/gcc/arm-none-eabi/9.2.1/thumb/v7e-m+fp/hard/crti.o
                0x000000000808bf78                _init
 .init          0x000000000808bf7c        0x8 /Users/nico/gcc-arm-none-eabi-9-2019-q4-major/bin/../lib/gcc/arm-none-eabi/9.2.1/thumb/v7e-m+fp/hard/crtn.o
 *(.fini)
 .fini          0x000000000808bf84        0x4 /Users/nico/gcc-arm-none-eabi-9-2019-q4-major/bin/../lib/gcc/arm-none-eabi/9.2.1/thumb/v7e-m+fp/hard/crti.o
                0x000000000808bf84                _fini
 .fini          0x000000000808bf88        0x8 /Users/nico/gcc-arm-none-eabi-9-2019-q4-major/bin/../lib/gcc/arm-none-eabi/9.2.1/thumb/v7e-m+fp/hard/crtn.o
                0x000000000808bf90                . = ALIGN (0x4)
                0x000000000808bf90                _etext = .

.vfp11_veneer   0x000000000808bf90        0x0
 .vfp11_veneer  0x000000000808bf90        0x0 linker stubs

.v4_bx          0x000000000808bf90        0x0
 .v4_bx         0x000000000808bf90        0x0 linker stubs

.iplt           0x000000000808bf90        0x0
 .iplt          0x000000000808bf90        0x0 /Users/nico/gcc-arm-none-eabi-9-2019-q4-major/bin/../lib/gcc/arm-none-eabi/9.2.1/thumb/v7e-m+fp/hard/crtbegin.o

.rodata         0x000000000808bf90       0x70
                0x000000000808bf90                . = ALIGN (0x4)
 *(.rodata)
 .rodata        0x000000000808bf90       0x17 ./obj/main.o
 *(.rodata*)
 *fill*         0x000000000808bfa7        0x1 
 .rodata.AHBPrescTable
                0x000000000808bfa8       0x10 ./obj/system_stm32f4xx.o
                0x000000000808bfa8                AHBPrescTable
 .rodata.APBPrescTable
                0x000000000808bfb8        0x8 ./obj/system_stm32f4xx.o
                0x000000000808bfb8                APBPrescTable
 .rodata.flagBitshiftOffset.8255
                0x000000000808bfc0        0x8 ./obj/stm32f4xx_hal_dma.o
 .rodata._global_impure_ptr
                0x000000000808bfc8        0x4 /Users/nico/gcc-arm-none-eabi-9-2019-q4-major/bin/../lib/gcc/arm-none-eabi/9.2.1/../../../../arm-none-eabi/lib/thumb/v7e-m+fp/hard/libc_nano.a(lib_a-impure.o)
                0x000000000808bfc8                _global_impure_ptr
 .rodata._svfprintf_r.str1.1
                0x000000000808bfcc       0x11 /Users/nico/gcc-arm-none-eabi-9-2019-q4-major/bin/../lib/gcc/arm-none-eabi/9.2.1/../../../../arm-none-eabi/lib/thumb/v7e-m+fp/hard/libc_nano.a(lib_a-nano-svfprintf.o)
 .rodata._printf_i.str1.1
                0x000000000808bfdd       0x22 /Users/nico/gcc-arm-none-eabi-9-2019-q4-major/bin/../lib/gcc/arm-none-eabi/9.2.1/../../../../arm-none-eabi/lib/thumb/v7e-m+fp/hard/libc_nano.a(lib_a-nano-vfprintf_i.o)
                0x000000000808c000                . = ALIGN (0x4)
 *fill*         0x000000000808bfff        0x1 

.ARM.extab      0x000000000808c000        0x0
                0x000000000808c000                . = ALIGN (0x4)
 *(.ARM.extab* .gnu.linkonce.armextab.*)
                0x000000000808c000                . = ALIGN (0x4)

.ARM            0x000000000808c000        0x8
                0x000000000808c000                . = ALIGN (0x4)
                0x000000000808c000                __exidx_start = .
 *(.ARM.exidx*)
 .ARM.exidx     0x000000000808c000        0x8 /Users/nico/gcc-arm-none-eabi-9-2019-q4-major/bin/../lib/gcc/arm-none-eabi/9.2.1/thumb/v7e-m+fp/hard/libgcc.a(_udivmoddi4.o)
                0x000000000808c008                __exidx_end = .
                0x000000000808c008                . = ALIGN (0x4)

.rel.dyn        0x000000000808c008        0x0
 .rel.iplt      0x000000000808c008        0x0 /Users/nico/gcc-arm-none-eabi-9-2019-q4-major/bin/../lib/gcc/arm-none-eabi/9.2.1/thumb/v7e-m+fp/hard/crtbegin.o

.preinit_array  0x000000000808c008        0x0
                0x000000000808c008                . = ALIGN (0x4)
                0x000000000808c008                PROVIDE (__preinit_array_start = .)
 *(.preinit_array*)
                0x000000000808c008                PROVIDE (__preinit_array_end = .)
                0x000000000808c008                . = ALIGN (0x4)

.init_array     0x000000000808c008        0x4
                0x000000000808c008                . = ALIGN (0x4)
                0x000000000808c008                PROVIDE (__init_array_start = .)
 *(SORT_BY_NAME(.init_array.*))
 *(.init_array*)
 .init_array    0x000000000808c008        0x4 /Users/nico/gcc-arm-none-eabi-9-2019-q4-major/bin/../lib/gcc/arm-none-eabi/9.2.1/thumb/v7e-m+fp/hard/crtbegin.o
                0x000000000808c00c                PROVIDE (__init_array_end = .)
                0x000000000808c00c                . = ALIGN (0x4)

.fini_array     0x000000000808c00c        0x4
                0x000000000808c00c                . = ALIGN (0x4)
                [!provide]                        PROVIDE (__fini_array_start = .)
 *(SORT_BY_NAME(.fini_array.*))
 *(.fini_array*)
 .fini_array    0x000000000808c00c        0x4 /Users/nico/gcc-arm-none-eabi-9-2019-q4-major/bin/../lib/gcc/arm-none-eabi/9.2.1/thumb/v7e-m+fp/hard/crtbegin.o
                [!provide]                        PROVIDE (__fini_array_end = .)
                0x000000000808c010                . = ALIGN (0x4)
                0x000000000808c010                _sidata = LOADADDR (.data)

.data           0x0000000020000000     0x9cb0 load address 0x000000000808c010
                0x0000000020000000                . = ALIGN (0x4)
                0x0000000020000000                _sdata = .
 *(.data)
 *(.data*)
 .data.SystemCoreClock
                0x0000000020000000        0x4 ./obj/system_stm32f4xx.o
                0x0000000020000000                SystemCoreClock
 .data.uwTickPrio
                0x0000000020000004        0x4 ./obj/stm32f4xx_hal.o
                0x0000000020000004                uwTickPrio
 .data.uwTickFreq
                0x0000000020000008        0x1 ./obj/stm32f4xx_hal.o
                0x0000000020000008                uwTickFreq
 *fill*         0x0000000020000009        0x3 
 .data.AdjMatrix
                0x000000002000000c     0x9c40 ./obj/main.o
                0x000000002000000c                AdjMatrix
 .data._impure_ptr
                0x0000000020009c4c        0x4 /Users/nico/gcc-arm-none-eabi-9-2019-q4-major/bin/../lib/gcc/arm-none-eabi/9.2.1/../../../../arm-none-eabi/lib/thumb/v7e-m+fp/hard/libc_nano.a(lib_a-impure.o)
                0x0000000020009c4c                _impure_ptr
 .data.impure_data
                0x0000000020009c50       0x60 /Users/nico/gcc-arm-none-eabi-9-2019-q4-major/bin/../lib/gcc/arm-none-eabi/9.2.1/../../../../arm-none-eabi/lib/thumb/v7e-m+fp/hard/libc_nano.a(lib_a-impure.o)
                0x0000000020009cb0                . = ALIGN (0x4)
                0x0000000020009cb0                _edata = .

.igot.plt       0x0000000020009cb0        0x0 load address 0x0000000008095cc0
 .igot.plt      0x0000000020009cb0        0x0 /Users/nico/gcc-arm-none-eabi-9-2019-q4-major/bin/../lib/gcc/arm-none-eabi/9.2.1/thumb/v7e-m+fp/hard/crtbegin.o
                0x0000000020009cb0                . = ALIGN (0x4)

.bss            0x0000000020009cb0      0x508 load address 0x0000000008095cc0
                0x0000000020009cb0                _sbss = .
                0x0000000020009cb0                __bss_start__ = _sbss
 *(.bss)
 .bss           0x0000000020009cb0       0x1c /Users/nico/gcc-arm-none-eabi-9-2019-q4-major/bin/../lib/gcc/arm-none-eabi/9.2.1/thumb/v7e-m+fp/hard/crtbegin.o
 *(.bss*)
 .bss.qHead     0x0000000020009ccc        0x4 ./obj/main.o
                0x0000000020009ccc                qHead
 .bss.g_qCount  0x0000000020009cd0        0x4 ./obj/main.o
                0x0000000020009cd0                g_qCount
 .bss.__malloc_free_list
                0x0000000020009cd4        0x4 /Users/nico/gcc-arm-none-eabi-9-2019-q4-major/bin/../lib/gcc/arm-none-eabi/9.2.1/../../../../arm-none-eabi/lib/thumb/v7e-m+fp/hard/libc_nano.a(lib_a-nano-mallocr.o)
                0x0000000020009cd4                __malloc_free_list
 .bss.__malloc_sbrk_start
                0x0000000020009cd8        0x4 /Users/nico/gcc-arm-none-eabi-9-2019-q4-major/bin/../lib/gcc/arm-none-eabi/9.2.1/../../../../arm-none-eabi/lib/thumb/v7e-m+fp/hard/libc_nano.a(lib_a-nano-mallocr.o)
                0x0000000020009cd8                __malloc_sbrk_start
 .bss.heap_end.5507
                0x0000000020009cdc        0x4 /Users/nico/gcc-arm-none-eabi-9-2019-q4-major/bin/../lib/gcc/arm-none-eabi/9.2.1/../../../../arm-none-eabi/lib/thumb/v7e-m+fp/hard/libnosys.a(sbrk.o)
 *(COMMON)
 COMMON         0x0000000020009ce0       0x40 ./obj/tim.o
                0x0000000020009ce0                htim5
 COMMON         0x0000000020009d20       0x40 ./obj/usart.o
                0x0000000020009d20                huart1
 COMMON         0x0000000020009d60        0x4 ./obj/stm32f4xx_hal.o
                0x0000000020009d60                uwTick
 COMMON         0x0000000020009d64      0x444 ./obj/main.o
                0x0000000020009d64                cmd_end
                0x0000000020009d68                rgnNodes
                0x000000002000a088                string
                0x000000002000a104                command
                0x000000002000a108                iDist
                0x000000002000a10c                iCost
                0x000000002000a110                output_buffer
                0x000000002000a190                i
                0x000000002000a194                input_buffer
                0x000000002000a199                count
                0x000000002000a19c                ch
                0x000000002000a1a0                iPrev
                0x000000002000a1a4                iNode
 COMMON         0x000000002000a1a8        0x4 /Users/nico/gcc-arm-none-eabi-9-2019-q4-major/bin/../lib/gcc/arm-none-eabi/9.2.1/../../../../arm-none-eabi/lib/thumb/v7e-m+fp/hard/libc_nano.a(lib_a-reent.o)
                0x000000002000a1a8                errno
 COMMON         0x000000002000a1ac        0x9 /Users/nico/gcc-arm-none-eabi-9-2019-q4-major/bin/../lib/gcc/arm-none-eabi/9.2.1/../../../../arm-none-eabi/lib/thumb/v7e-m+fp/hard/libc_nano.a(lib_a-lock.o)
                0x000000002000a1ac                __lock___atexit_recursive_mutex
                0x000000002000a1ad                __lock___arc4random_mutex
                0x000000002000a1ae                __lock___env_recursive_mutex
                0x000000002000a1af                __lock___sinit_recursive_mutex
                0x000000002000a1b0                __lock___malloc_recursive_mutex
                0x000000002000a1b1                __lock___at_quick_exit_mutex
                0x000000002000a1b2                __lock___dd_hash_mutex
                0x000000002000a1b3                __lock___tz_mutex
                0x000000002000a1b4                __lock___sfp_recursive_mutex
                0x000000002000a1b8                . = ALIGN (0x4)
 *fill*         0x000000002000a1b5        0x3 
                0x000000002000a1b8                _ebss = .
                0x000000002000a1b8                __bss_end__ = _ebss

._user_heap_stack
                0x000000002000a1b8      0x600 load address 0x0000000008095cc0
                0x000000002000a1b8                . = ALIGN (0x8)
                0x000000002000a1b8                PROVIDE (end = .)
                [!provide]                        PROVIDE (_end = .)
                0x000000002000a3b8                . = (. + _Min_Heap_Size)
 *fill*         0x000000002000a1b8      0x200 
                0x000000002000a7b8                . = (. + _Min_Stack_Size)
 *fill*         0x000000002000a3b8      0x400 
                0x000000002000a7b8                . = ALIGN (0x8)

/DISCARD/
 libc.a(*)
 libm.a(*)
 libgcc.a(*)

.ARM.attributes
                0x0000000000000000       0x30
 *(.ARM.attributes)
 .ARM.attributes
                0x0000000000000000       0x1e /Users/nico/gcc-arm-none-eabi-9-2019-q4-major/bin/../lib/gcc/arm-none-eabi/9.2.1/thumb/v7e-m+fp/hard/crti.o
 .ARM.attributes
                0x000000000000001e       0x34 /Users/nico/gcc-arm-none-eabi-9-2019-q4-major/bin/../lib/gcc/arm-none-eabi/9.2.1/thumb/v7e-m+fp/hard/crtbegin.o
 .ARM.attributes
                0x0000000000000052       0x39 ./obj/gpio.o
 .ARM.attributes
                0x000000000000008b       0x39 ./obj/stm32f4xx_hal_msp.o
 .ARM.attributes
                0x00000000000000c4       0x39 ./obj/stm32f4xx_it.o
 .ARM.attributes
                0x00000000000000fd       0x39 ./obj/system_stm32f4xx.o
 .ARM.attributes
                0x0000000000000136       0x39 ./obj/tim.o
 .ARM.attributes
                0x000000000000016f       0x39 ./obj/usart.o
 .ARM.attributes
                0x00000000000001a8       0x39 ./obj/stm32f4xx_hal.o
 .ARM.attributes
                0x00000000000001e1       0x39 ./obj/stm32f4xx_hal_cortex.o
 .ARM.attributes
                0x000000000000021a       0x39 ./obj/stm32f4xx_hal_dma.o
 .ARM.attributes
                0x0000000000000253       0x39 ./obj/stm32f4xx_hal_gpio.o
 .ARM.attributes
                0x000000000000028c       0x39 ./obj/stm32f4xx_hal_rcc.o
 .ARM.attributes
                0x00000000000002c5       0x39 ./obj/stm32f4xx_hal_tim.o
 .ARM.attributes
                0x00000000000002fe       0x39 ./obj/stm32f4xx_hal_tim_ex.o
 .ARM.attributes
                0x0000000000000337       0x39 ./obj/stm32f4xx_hal_uart.o
 .ARM.attributes
                0x0000000000000370       0x39 ./obj/main.o
 .ARM.attributes
                0x00000000000003a9       0x21 ./obj/startup_stm32f429nihx.o
 .ARM.attributes
                0x00000000000003ca       0x34 /Users/nico/gcc-arm-none-eabi-9-2019-q4-major/bin/../lib/gcc/arm-none-eabi/9.2.1/../../../../arm-none-eabi/lib/thumb/v7e-m+fp/hard/libc_nano.a(lib_a-exit.o)
 .ARM.attributes
                0x00000000000003fe       0x32 /Users/nico/gcc-arm-none-eabi-9-2019-q4-major/bin/../lib/gcc/arm-none-eabi/9.2.1/../../../../arm-none-eabi/lib/thumb/v7e-m+fp/hard/libc_nano.a(lib_a-impure.o)
 .ARM.attributes
                0x0000000000000430       0x34 /Users/nico/gcc-arm-none-eabi-9-2019-q4-major/bin/../lib/gcc/arm-none-eabi/9.2.1/../../../../arm-none-eabi/lib/thumb/v7e-m+fp/hard/libc_nano.a(lib_a-init.o)
 .ARM.attributes
                0x0000000000000464       0x34 /Users/nico/gcc-arm-none-eabi-9-2019-q4-major/bin/../lib/gcc/arm-none-eabi/9.2.1/../../../../arm-none-eabi/lib/thumb/v7e-m+fp/hard/libc_nano.a(lib_a-malloc.o)
 .ARM.attributes
                0x0000000000000498       0x34 /Users/nico/gcc-arm-none-eabi-9-2019-q4-major/bin/../lib/gcc/arm-none-eabi/9.2.1/../../../../arm-none-eabi/lib/thumb/v7e-m+fp/hard/libc_nano.a(lib_a-memset.o)
 .ARM.attributes
                0x00000000000004cc       0x34 /Users/nico/gcc-arm-none-eabi-9-2019-q4-major/bin/../lib/gcc/arm-none-eabi/9.2.1/../../../../arm-none-eabi/lib/thumb/v7e-m+fp/hard/libc_nano.a(lib_a-nano-freer.o)
 .ARM.attributes
                0x0000000000000500       0x34 /Users/nico/gcc-arm-none-eabi-9-2019-q4-major/bin/../lib/gcc/arm-none-eabi/9.2.1/../../../../arm-none-eabi/lib/thumb/v7e-m+fp/hard/libc_nano.a(lib_a-nano-mallocr.o)
 .ARM.attributes
                0x0000000000000534       0x34 /Users/nico/gcc-arm-none-eabi-9-2019-q4-major/bin/../lib/gcc/arm-none-eabi/9.2.1/../../../../arm-none-eabi/lib/thumb/v7e-m+fp/hard/libc_nano.a(lib_a-sbrkr.o)
 .ARM.attributes
                0x0000000000000568       0x34 /Users/nico/gcc-arm-none-eabi-9-2019-q4-major/bin/../lib/gcc/arm-none-eabi/9.2.1/../../../../arm-none-eabi/lib/thumb/v7e-m+fp/hard/libc_nano.a(lib_a-sprintf.o)
 .ARM.attributes
                0x000000000000059c       0x34 /Users/nico/gcc-arm-none-eabi-9-2019-q4-major/bin/../lib/gcc/arm-none-eabi/9.2.1/../../../../arm-none-eabi/lib/thumb/v7e-m+fp/hard/libc_nano.a(lib_a-mlock.o)
 .ARM.attributes
                0x00000000000005d0       0x34 /Users/nico/gcc-arm-none-eabi-9-2019-q4-major/bin/../lib/gcc/arm-none-eabi/9.2.1/../../../../arm-none-eabi/lib/thumb/v7e-m+fp/hard/libc_nano.a(lib_a-nano-svfprintf.o)
 .ARM.attributes
                0x0000000000000604       0x34 /Users/nico/gcc-arm-none-eabi-9-2019-q4-major/bin/../lib/gcc/arm-none-eabi/9.2.1/../../../../arm-none-eabi/lib/thumb/v7e-m+fp/hard/libc_nano.a(lib_a-nano-vfprintf_i.o)
 .ARM.attributes
                0x0000000000000638       0x34 /Users/nico/gcc-arm-none-eabi-9-2019-q4-major/bin/../lib/gcc/arm-none-eabi/9.2.1/../../../../arm-none-eabi/lib/thumb/v7e-m+fp/hard/libc_nano.a(lib_a-reent.o)
 .ARM.attributes
                0x000000000000066c       0x34 /Users/nico/gcc-arm-none-eabi-9-2019-q4-major/bin/../lib/gcc/arm-none-eabi/9.2.1/../../../../arm-none-eabi/lib/thumb/v7e-m+fp/hard/libc_nano.a(lib_a-lock.o)
 .ARM.attributes
                0x00000000000006a0       0x1c /Users/nico/gcc-arm-none-eabi-9-2019-q4-major/bin/../lib/gcc/arm-none-eabi/9.2.1/../../../../arm-none-eabi/lib/thumb/v7e-m+fp/hard/libc_nano.a(lib_a-memchr.o)
 .ARM.attributes
                0x00000000000006bc       0x34 /Users/nico/gcc-arm-none-eabi-9-2019-q4-major/bin/../lib/gcc/arm-none-eabi/9.2.1/../../../../arm-none-eabi/lib/thumb/v7e-m+fp/hard/libc_nano.a(lib_a-memcpy-stub.o)
 .ARM.attributes
                0x00000000000006f0       0x34 /Users/nico/gcc-arm-none-eabi-9-2019-q4-major/bin/../lib/gcc/arm-none-eabi/9.2.1/../../../../arm-none-eabi/lib/thumb/v7e-m+fp/hard/libc_nano.a(lib_a-memmove.o)
 .ARM.attributes
                0x0000000000000724       0x34 /Users/nico/gcc-arm-none-eabi-9-2019-q4-major/bin/../lib/gcc/arm-none-eabi/9.2.1/../../../../arm-none-eabi/lib/thumb/v7e-m+fp/hard/libc_nano.a(lib_a-nano-reallocr.o)
 .ARM.attributes
                0x0000000000000758       0x34 /Users/nico/gcc-arm-none-eabi-9-2019-q4-major/bin/../lib/gcc/arm-none-eabi/9.2.1/../../../../arm-none-eabi/lib/thumb/v7e-m+fp/hard/libc_nano.a(lib_a-nano-msizer.o)
 .ARM.attributes
                0x000000000000078c       0x1e /Users/nico/gcc-arm-none-eabi-9-2019-q4-major/bin/../lib/gcc/arm-none-eabi/9.2.1/thumb/v7e-m+fp/hard/libgcc.a(_aeabi_uldivmod.o)
 .ARM.attributes
                0x00000000000007aa       0x34 /Users/nico/gcc-arm-none-eabi-9-2019-q4-major/bin/../lib/gcc/arm-none-eabi/9.2.1/thumb/v7e-m+fp/hard/libgcc.a(_udivmoddi4.o)
 .ARM.attributes
                0x00000000000007de       0x1e /Users/nico/gcc-arm-none-eabi-9-2019-q4-major/bin/../lib/gcc/arm-none-eabi/9.2.1/thumb/v7e-m+fp/hard/libgcc.a(_dvmd_tls.o)
 .ARM.attributes
                0x00000000000007fc       0x34 /Users/nico/gcc-arm-none-eabi-9-2019-q4-major/bin/../lib/gcc/arm-none-eabi/9.2.1/../../../../arm-none-eabi/lib/thumb/v7e-m+fp/hard/libnosys.a(sbrk.o)
 .ARM.attributes
                0x0000000000000830       0x34 /Users/nico/gcc-arm-none-eabi-9-2019-q4-major/bin/../lib/gcc/arm-none-eabi/9.2.1/../../../../arm-none-eabi/lib/thumb/v7e-m+fp/hard/libnosys.a(_exit.o)
 .ARM.attributes
                0x0000000000000864       0x1e /Users/nico/gcc-arm-none-eabi-9-2019-q4-major/bin/../lib/gcc/arm-none-eabi/9.2.1/thumb/v7e-m+fp/hard/crtn.o
OUTPUT(UART-dijkstra.elf elf32-littlearm)

.comment        0x0000000000000000       0x7b
 .comment       0x0000000000000000       0x7b ./obj/gpio.o
                                         0x7c (size before relaxing)
 .comment       0x000000000000007b       0x7c ./obj/stm32f4xx_hal_msp.o
 .comment       0x000000000000007b       0x7c ./obj/stm32f4xx_it.o
 .comment       0x000000000000007b       0x7c ./obj/system_stm32f4xx.o
 .comment       0x000000000000007b       0x7c ./obj/tim.o
 .comment       0x000000000000007b       0x7c ./obj/usart.o
 .comment       0x000000000000007b       0x7c ./obj/stm32f4xx_hal.o
 .comment       0x000000000000007b       0x7c ./obj/stm32f4xx_hal_cortex.o
 .comment       0x000000000000007b       0x7c ./obj/stm32f4xx_hal_dma.o
 .comment       0x000000000000007b       0x7c ./obj/stm32f4xx_hal_gpio.o
 .comment       0x000000000000007b       0x7c ./obj/stm32f4xx_hal_rcc.o
 .comment       0x000000000000007b       0x7c ./obj/stm32f4xx_hal_tim.o
 .comment       0x000000000000007b       0x7c ./obj/stm32f4xx_hal_tim_ex.o
 .comment       0x000000000000007b       0x7c ./obj/stm32f4xx_hal_uart.o
 .comment       0x000000000000007b       0x7c ./obj/main.o

.debug_frame    0x0000000000000000      0x51c
 .debug_frame   0x0000000000000000       0x28 /Users/nico/gcc-arm-none-eabi-9-2019-q4-major/bin/../lib/gcc/arm-none-eabi/9.2.1/../../../../arm-none-eabi/lib/thumb/v7e-m+fp/hard/libc_nano.a(lib_a-exit.o)
 .debug_frame   0x0000000000000028       0x2c /Users/nico/gcc-arm-none-eabi-9-2019-q4-major/bin/../lib/gcc/arm-none-eabi/9.2.1/../../../../arm-none-eabi/lib/thumb/v7e-m+fp/hard/libc_nano.a(lib_a-init.o)
 .debug_frame   0x0000000000000054       0x30 /Users/nico/gcc-arm-none-eabi-9-2019-q4-major/bin/../lib/gcc/arm-none-eabi/9.2.1/../../../../arm-none-eabi/lib/thumb/v7e-m+fp/hard/libc_nano.a(lib_a-malloc.o)
 .debug_frame   0x0000000000000084       0x20 /Users/nico/gcc-arm-none-eabi-9-2019-q4-major/bin/../lib/gcc/arm-none-eabi/9.2.1/../../../../arm-none-eabi/lib/thumb/v7e-m+fp/hard/libc_nano.a(lib_a-memset.o)
 .debug_frame   0x00000000000000a4       0x38 /Users/nico/gcc-arm-none-eabi-9-2019-q4-major/bin/../lib/gcc/arm-none-eabi/9.2.1/../../../../arm-none-eabi/lib/thumb/v7e-m+fp/hard/libc_nano.a(lib_a-nano-freer.o)
 .debug_frame   0x00000000000000dc       0x30 /Users/nico/gcc-arm-none-eabi-9-2019-q4-major/bin/../lib/gcc/arm-none-eabi/9.2.1/../../../../arm-none-eabi/lib/thumb/v7e-m+fp/hard/libc_nano.a(lib_a-nano-mallocr.o)
 .debug_frame   0x000000000000010c       0x2c /Users/nico/gcc-arm-none-eabi-9-2019-q4-major/bin/../lib/gcc/arm-none-eabi/9.2.1/../../../../arm-none-eabi/lib/thumb/v7e-m+fp/hard/libc_nano.a(lib_a-sbrkr.o)
 .debug_frame   0x0000000000000138       0x6c /Users/nico/gcc-arm-none-eabi-9-2019-q4-major/bin/../lib/gcc/arm-none-eabi/9.2.1/../../../../arm-none-eabi/lib/thumb/v7e-m+fp/hard/libc_nano.a(lib_a-sprintf.o)
 .debug_frame   0x00000000000001a4       0x30 /Users/nico/gcc-arm-none-eabi-9-2019-q4-major/bin/../lib/gcc/arm-none-eabi/9.2.1/../../../../arm-none-eabi/lib/thumb/v7e-m+fp/hard/libc_nano.a(lib_a-mlock.o)
 .debug_frame   0x00000000000001d4       0x90 /Users/nico/gcc-arm-none-eabi-9-2019-q4-major/bin/../lib/gcc/arm-none-eabi/9.2.1/../../../../arm-none-eabi/lib/thumb/v7e-m+fp/hard/libc_nano.a(lib_a-nano-svfprintf.o)
 .debug_frame   0x0000000000000264       0x60 /Users/nico/gcc-arm-none-eabi-9-2019-q4-major/bin/../lib/gcc/arm-none-eabi/9.2.1/../../../../arm-none-eabi/lib/thumb/v7e-m+fp/hard/libc_nano.a(lib_a-nano-vfprintf_i.o)
 .debug_frame   0x00000000000002c4       0x5c /Users/nico/gcc-arm-none-eabi-9-2019-q4-major/bin/../lib/gcc/arm-none-eabi/9.2.1/../../../../arm-none-eabi/lib/thumb/v7e-m+fp/hard/libc_nano.a(lib_a-reent.o)
 .debug_frame   0x0000000000000320       0xb0 /Users/nico/gcc-arm-none-eabi-9-2019-q4-major/bin/../lib/gcc/arm-none-eabi/9.2.1/../../../../arm-none-eabi/lib/thumb/v7e-m+fp/hard/libc_nano.a(lib_a-lock.o)
 .debug_frame   0x00000000000003d0       0x28 /Users/nico/gcc-arm-none-eabi-9-2019-q4-major/bin/../lib/gcc/arm-none-eabi/9.2.1/../../../../arm-none-eabi/lib/thumb/v7e-m+fp/hard/libc_nano.a(lib_a-memcpy-stub.o)
 .debug_frame   0x00000000000003f8       0x28 /Users/nico/gcc-arm-none-eabi-9-2019-q4-major/bin/../lib/gcc/arm-none-eabi/9.2.1/../../../../arm-none-eabi/lib/thumb/v7e-m+fp/hard/libc_nano.a(lib_a-memmove.o)
 .debug_frame   0x0000000000000420       0x3c /Users/nico/gcc-arm-none-eabi-9-2019-q4-major/bin/../lib/gcc/arm-none-eabi/9.2.1/../../../../arm-none-eabi/lib/thumb/v7e-m+fp/hard/libc_nano.a(lib_a-nano-reallocr.o)
 .debug_frame   0x000000000000045c       0x20 /Users/nico/gcc-arm-none-eabi-9-2019-q4-major/bin/../lib/gcc/arm-none-eabi/9.2.1/../../../../arm-none-eabi/lib/thumb/v7e-m+fp/hard/libc_nano.a(lib_a-nano-msizer.o)
 .debug_frame   0x000000000000047c       0x2c /Users/nico/gcc-arm-none-eabi-9-2019-q4-major/bin/../lib/gcc/arm-none-eabi/9.2.1/thumb/v7e-m+fp/hard/libgcc.a(_aeabi_uldivmod.o)
 .debug_frame   0x00000000000004a8       0x34 /Users/nico/gcc-arm-none-eabi-9-2019-q4-major/bin/../lib/gcc/arm-none-eabi/9.2.1/thumb/v7e-m+fp/hard/libgcc.a(_udivmoddi4.o)
 .debug_frame   0x00000000000004dc       0x20 /Users/nico/gcc-arm-none-eabi-9-2019-q4-major/bin/../lib/gcc/arm-none-eabi/9.2.1/../../../../arm-none-eabi/lib/thumb/v7e-m+fp/hard/libnosys.a(sbrk.o)
 .debug_frame   0x00000000000004fc       0x20 /Users/nico/gcc-arm-none-eabi-9-2019-q4-major/bin/../lib/gcc/arm-none-eabi/9.2.1/../../../../arm-none-eabi/lib/thumb/v7e-m+fp/hard/libnosys.a(_exit.o)
