Archive member included to satisfy reference by file (symbol)

/Users/nico/gcc-arm-none-eabi-9-2019-q4-major/bin/../lib/gcc/arm-none-eabi/9.2.1/../../../../arm-none-eabi/lib/thumb/v7e-m+fp/hard/libc_nano.a(lib_a-exit.o)
                              /Users/nico/gcc-arm-none-eabi-9-2019-q4-major/bin/../lib/gcc/arm-none-eabi/9.2.1/../../../../arm-none-eabi/lib/thumb/v7e-m+fp/hard/crt0.o (exit)
/Users/nico/gcc-arm-none-eabi-9-2019-q4-major/bin/../lib/gcc/arm-none-eabi/9.2.1/../../../../arm-none-eabi/lib/thumb/v7e-m+fp/hard/libc_nano.a(lib_a-impure.o)
                              /Users/nico/gcc-arm-none-eabi-9-2019-q4-major/bin/../lib/gcc/arm-none-eabi/9.2.1/../../../../arm-none-eabi/lib/thumb/v7e-m+fp/hard/libc_nano.a(lib_a-exit.o) (_global_impure_ptr)
/Users/nico/gcc-arm-none-eabi-9-2019-q4-major/bin/../lib/gcc/arm-none-eabi/9.2.1/../../../../arm-none-eabi/lib/thumb/v7e-m+fp/hard/libc_nano.a(lib_a-init.o)
                              /Users/nico/gcc-arm-none-eabi-9-2019-q4-major/bin/../lib/gcc/arm-none-eabi/9.2.1/../../../../arm-none-eabi/lib/thumb/v7e-m+fp/hard/crt0.o (__libc_init_array)
/Users/nico/gcc-arm-none-eabi-9-2019-q4-major/bin/../lib/gcc/arm-none-eabi/9.2.1/../../../../arm-none-eabi/lib/thumb/v7e-m+fp/hard/libc_nano.a(lib_a-memset.o)
                              /Users/nico/gcc-arm-none-eabi-9-2019-q4-major/bin/../lib/gcc/arm-none-eabi/9.2.1/../../../../arm-none-eabi/lib/thumb/v7e-m+fp/hard/crt0.o (memset)
/Users/nico/gcc-arm-none-eabi-9-2019-q4-major/bin/../lib/gcc/arm-none-eabi/9.2.1/../../../../arm-none-eabi/lib/thumb/v7e-m+fp/hard/libc_nano.a(lib_a-sprintf.o)
                              ./obj/main.o (sprintf)
/Users/nico/gcc-arm-none-eabi-9-2019-q4-major/bin/../lib/gcc/arm-none-eabi/9.2.1/../../../../arm-none-eabi/lib/thumb/v7e-m+fp/hard/libc_nano.a(lib_a-nano-svfprintf.o)
                              /Users/nico/gcc-arm-none-eabi-9-2019-q4-major/bin/../lib/gcc/arm-none-eabi/9.2.1/../../../../arm-none-eabi/lib/thumb/v7e-m+fp/hard/libc_nano.a(lib_a-sprintf.o) (_svfprintf_r)
/Users/nico/gcc-arm-none-eabi-9-2019-q4-major/bin/../lib/gcc/arm-none-eabi/9.2.1/../../../../arm-none-eabi/lib/thumb/v7e-m+fp/hard/libc_nano.a(lib_a-nano-vfprintf_i.o)
                              /Users/nico/gcc-arm-none-eabi-9-2019-q4-major/bin/../lib/gcc/arm-none-eabi/9.2.1/../../../../arm-none-eabi/lib/thumb/v7e-m+fp/hard/libc_nano.a(lib_a-nano-svfprintf.o) (_printf_i)
/Users/nico/gcc-arm-none-eabi-9-2019-q4-major/bin/../lib/gcc/arm-none-eabi/9.2.1/../../../../arm-none-eabi/lib/thumb/v7e-m+fp/hard/libc_nano.a(lib_a-memchr.o)
                              /Users/nico/gcc-arm-none-eabi-9-2019-q4-major/bin/../lib/gcc/arm-none-eabi/9.2.1/../../../../arm-none-eabi/lib/thumb/v7e-m+fp/hard/libc_nano.a(lib_a-nano-svfprintf.o) (memchr)
/Users/nico/gcc-arm-none-eabi-9-2019-q4-major/bin/../lib/gcc/arm-none-eabi/9.2.1/../../../../arm-none-eabi/lib/thumb/v7e-m+fp/hard/libc_nano.a(lib_a-memcpy-stub.o)
                              /Users/nico/gcc-arm-none-eabi-9-2019-q4-major/bin/../lib/gcc/arm-none-eabi/9.2.1/../../../../arm-none-eabi/lib/thumb/v7e-m+fp/hard/libc_nano.a(lib_a-nano-svfprintf.o) (memcpy)
/Users/nico/gcc-arm-none-eabi-9-2019-q4-major/bin/../lib/gcc/arm-none-eabi/9.2.1/../../../../arm-none-eabi/lib/thumb/v7e-m+fp/hard/libc_nano.a(lib_a-memmove.o)
                              /Users/nico/gcc-arm-none-eabi-9-2019-q4-major/bin/../lib/gcc/arm-none-eabi/9.2.1/../../../../arm-none-eabi/lib/thumb/v7e-m+fp/hard/libc_nano.a(lib_a-nano-svfprintf.o) (memmove)
/Users/nico/gcc-arm-none-eabi-9-2019-q4-major/bin/../lib/gcc/arm-none-eabi/9.2.1/../../../../arm-none-eabi/lib/thumb/v7e-m+fp/hard/libc_nano.a(lib_a-nano-freer.o)
                              /Users/nico/gcc-arm-none-eabi-9-2019-q4-major/bin/../lib/gcc/arm-none-eabi/9.2.1/../../../../arm-none-eabi/lib/thumb/v7e-m+fp/hard/libc_nano.a(lib_a-nano-svfprintf.o) (_free_r)
/Users/nico/gcc-arm-none-eabi-9-2019-q4-major/bin/../lib/gcc/arm-none-eabi/9.2.1/../../../../arm-none-eabi/lib/thumb/v7e-m+fp/hard/libc_nano.a(lib_a-nano-mallocr.o)
                              /Users/nico/gcc-arm-none-eabi-9-2019-q4-major/bin/../lib/gcc/arm-none-eabi/9.2.1/../../../../arm-none-eabi/lib/thumb/v7e-m+fp/hard/libc_nano.a(lib_a-nano-svfprintf.o) (_malloc_r)
/Users/nico/gcc-arm-none-eabi-9-2019-q4-major/bin/../lib/gcc/arm-none-eabi/9.2.1/../../../../arm-none-eabi/lib/thumb/v7e-m+fp/hard/libc_nano.a(lib_a-nano-reallocr.o)
                              /Users/nico/gcc-arm-none-eabi-9-2019-q4-major/bin/../lib/gcc/arm-none-eabi/9.2.1/../../../../arm-none-eabi/lib/thumb/v7e-m+fp/hard/libc_nano.a(lib_a-nano-svfprintf.o) (_realloc_r)
/Users/nico/gcc-arm-none-eabi-9-2019-q4-major/bin/../lib/gcc/arm-none-eabi/9.2.1/../../../../arm-none-eabi/lib/thumb/v7e-m+fp/hard/libc_nano.a(lib_a-sbrkr.o)
                              /Users/nico/gcc-arm-none-eabi-9-2019-q4-major/bin/../lib/gcc/arm-none-eabi/9.2.1/../../../../arm-none-eabi/lib/thumb/v7e-m+fp/hard/libc_nano.a(lib_a-nano-mallocr.o) (_sbrk_r)
/Users/nico/gcc-arm-none-eabi-9-2019-q4-major/bin/../lib/gcc/arm-none-eabi/9.2.1/../../../../arm-none-eabi/lib/thumb/v7e-m+fp/hard/libc_nano.a(lib_a-mlock.o)
                              /Users/nico/gcc-arm-none-eabi-9-2019-q4-major/bin/../lib/gcc/arm-none-eabi/9.2.1/../../../../arm-none-eabi/lib/thumb/v7e-m+fp/hard/libc_nano.a(lib_a-nano-freer.o) (__malloc_lock)
/Users/nico/gcc-arm-none-eabi-9-2019-q4-major/bin/../lib/gcc/arm-none-eabi/9.2.1/../../../../arm-none-eabi/lib/thumb/v7e-m+fp/hard/libc_nano.a(lib_a-nano-msizer.o)
                              /Users/nico/gcc-arm-none-eabi-9-2019-q4-major/bin/../lib/gcc/arm-none-eabi/9.2.1/../../../../arm-none-eabi/lib/thumb/v7e-m+fp/hard/libc_nano.a(lib_a-nano-reallocr.o) (_malloc_usable_size_r)
/Users/nico/gcc-arm-none-eabi-9-2019-q4-major/bin/../lib/gcc/arm-none-eabi/9.2.1/../../../../arm-none-eabi/lib/thumb/v7e-m+fp/hard/libc_nano.a(lib_a-reent.o)
                              /Users/nico/gcc-arm-none-eabi-9-2019-q4-major/bin/../lib/gcc/arm-none-eabi/9.2.1/../../../../arm-none-eabi/lib/thumb/v7e-m+fp/hard/libc_nano.a(lib_a-sbrkr.o) (errno)
/Users/nico/gcc-arm-none-eabi-9-2019-q4-major/bin/../lib/gcc/arm-none-eabi/9.2.1/../../../../arm-none-eabi/lib/thumb/v7e-m+fp/hard/libc_nano.a(lib_a-lock.o)
                              /Users/nico/gcc-arm-none-eabi-9-2019-q4-major/bin/../lib/gcc/arm-none-eabi/9.2.1/../../../../arm-none-eabi/lib/thumb/v7e-m+fp/hard/libc_nano.a(lib_a-mlock.o) (__retarget_lock_acquire_recursive)
/Users/nico/gcc-arm-none-eabi-9-2019-q4-major/bin/../lib/gcc/arm-none-eabi/9.2.1/thumb/v7e-m+fp/hard/libgcc.a(_aeabi_uldivmod.o)
                              ./obj/stm32f4xx_hal_rcc.o (__aeabi_uldivmod)
/Users/nico/gcc-arm-none-eabi-9-2019-q4-major/bin/../lib/gcc/arm-none-eabi/9.2.1/thumb/v7e-m+fp/hard/libgcc.a(_udivmoddi4.o)
                              /Users/nico/gcc-arm-none-eabi-9-2019-q4-major/bin/../lib/gcc/arm-none-eabi/9.2.1/thumb/v7e-m+fp/hard/libgcc.a(_aeabi_uldivmod.o) (__udivmoddi4)
/Users/nico/gcc-arm-none-eabi-9-2019-q4-major/bin/../lib/gcc/arm-none-eabi/9.2.1/thumb/v7e-m+fp/hard/libgcc.a(_dvmd_tls.o)
                              /Users/nico/gcc-arm-none-eabi-9-2019-q4-major/bin/../lib/gcc/arm-none-eabi/9.2.1/thumb/v7e-m+fp/hard/libgcc.a(_aeabi_uldivmod.o) (__aeabi_ldiv0)
/Users/nico/gcc-arm-none-eabi-9-2019-q4-major/bin/../lib/gcc/arm-none-eabi/9.2.1/../../../../arm-none-eabi/lib/thumb/v7e-m+fp/hard/libnosys.a(sbrk.o)
                              /Users/nico/gcc-arm-none-eabi-9-2019-q4-major/bin/../lib/gcc/arm-none-eabi/9.2.1/../../../../arm-none-eabi/lib/thumb/v7e-m+fp/hard/libc_nano.a(lib_a-sbrkr.o) (_sbrk)
/Users/nico/gcc-arm-none-eabi-9-2019-q4-major/bin/../lib/gcc/arm-none-eabi/9.2.1/../../../../arm-none-eabi/lib/thumb/v7e-m+fp/hard/libnosys.a(_exit.o)
                              /Users/nico/gcc-arm-none-eabi-9-2019-q4-major/bin/../lib/gcc/arm-none-eabi/9.2.1/../../../../arm-none-eabi/lib/thumb/v7e-m+fp/hard/libc_nano.a(lib_a-exit.o) (_exit)

Allocating common symbols
Common symbol       size              file

__lock___atexit_recursive_mutex
                    0x1               /Users/nico/gcc-arm-none-eabi-9-2019-q4-major/bin/../lib/gcc/arm-none-eabi/9.2.1/../../../../arm-none-eabi/lib/thumb/v7e-m+fp/hard/libc_nano.a(lib_a-lock.o)
__lock___arc4random_mutex
                    0x1               /Users/nico/gcc-arm-none-eabi-9-2019-q4-major/bin/../lib/gcc/arm-none-eabi/9.2.1/../../../../arm-none-eabi/lib/thumb/v7e-m+fp/hard/libc_nano.a(lib_a-lock.o)
cmd_end             0x1               ./obj/main.o
errno               0x4               /Users/nico/gcc-arm-none-eabi-9-2019-q4-major/bin/../lib/gcc/arm-none-eabi/9.2.1/../../../../arm-none-eabi/lib/thumb/v7e-m+fp/hard/libc_nano.a(lib_a-reent.o)
string              0x7c              ./obj/main.o
command             0x4               ./obj/main.o
uwTick              0x4               ./obj/stm32f4xx_hal.o
pFlash              0x20              ./obj/stm32f4xx_hal_flash.o
__lock___env_recursive_mutex
                    0x1               /Users/nico/gcc-arm-none-eabi-9-2019-q4-major/bin/../lib/gcc/arm-none-eabi/9.2.1/../../../../arm-none-eabi/lib/thumb/v7e-m+fp/hard/libc_nano.a(lib_a-lock.o)
__lock___sinit_recursive_mutex
                    0x1               /Users/nico/gcc-arm-none-eabi-9-2019-q4-major/bin/../lib/gcc/arm-none-eabi/9.2.1/../../../../arm-none-eabi/lib/thumb/v7e-m+fp/hard/libc_nano.a(lib_a-lock.o)
htim5               0x40              ./obj/tim.o
__lock___malloc_recursive_mutex
                    0x1               /Users/nico/gcc-arm-none-eabi-9-2019-q4-major/bin/../lib/gcc/arm-none-eabi/9.2.1/../../../../arm-none-eabi/lib/thumb/v7e-m+fp/hard/libc_nano.a(lib_a-lock.o)
output_buffer       0x80              ./obj/main.o
input_buffer        0x5               ./obj/main.o
huart1              0x40              ./obj/usart.o
count               0x1               ./obj/main.o
__lock___at_quick_exit_mutex
                    0x1               /Users/nico/gcc-arm-none-eabi-9-2019-q4-major/bin/../lib/gcc/arm-none-eabi/9.2.1/../../../../arm-none-eabi/lib/thumb/v7e-m+fp/hard/libc_nano.a(lib_a-lock.o)
__lock___dd_hash_mutex
                    0x1               /Users/nico/gcc-arm-none-eabi-9-2019-q4-major/bin/../lib/gcc/arm-none-eabi/9.2.1/../../../../arm-none-eabi/lib/thumb/v7e-m+fp/hard/libc_nano.a(lib_a-lock.o)
__lock___tz_mutex   0x1               /Users/nico/gcc-arm-none-eabi-9-2019-q4-major/bin/../lib/gcc/arm-none-eabi/9.2.1/../../../../arm-none-eabi/lib/thumb/v7e-m+fp/hard/libc_nano.a(lib_a-lock.o)
__lock___sfp_recursive_mutex
                    0x1               /Users/nico/gcc-arm-none-eabi-9-2019-q4-major/bin/../lib/gcc/arm-none-eabi/9.2.1/../../../../arm-none-eabi/lib/thumb/v7e-m+fp/hard/libc_nano.a(lib_a-lock.o)

Discarded input sections

 .text          0x0000000000000000        0x0 /Users/nico/gcc-arm-none-eabi-9-2019-q4-major/bin/../lib/gcc/arm-none-eabi/9.2.1/thumb/v7e-m+fp/hard/crti.o
 .data          0x0000000000000000        0x0 /Users/nico/gcc-arm-none-eabi-9-2019-q4-major/bin/../lib/gcc/arm-none-eabi/9.2.1/thumb/v7e-m+fp/hard/crti.o
 .bss           0x0000000000000000        0x0 /Users/nico/gcc-arm-none-eabi-9-2019-q4-major/bin/../lib/gcc/arm-none-eabi/9.2.1/thumb/v7e-m+fp/hard/crti.o
 .data          0x0000000000000000        0x4 /Users/nico/gcc-arm-none-eabi-9-2019-q4-major/bin/../lib/gcc/arm-none-eabi/9.2.1/thumb/v7e-m+fp/hard/crtbegin.o
 .text          0x0000000000000000       0x74 /Users/nico/gcc-arm-none-eabi-9-2019-q4-major/bin/../lib/gcc/arm-none-eabi/9.2.1/../../../../arm-none-eabi/lib/thumb/v7e-m+fp/hard/crt0.o
 .data          0x0000000000000000        0x0 /Users/nico/gcc-arm-none-eabi-9-2019-q4-major/bin/../lib/gcc/arm-none-eabi/9.2.1/../../../../arm-none-eabi/lib/thumb/v7e-m+fp/hard/crt0.o
 .bss           0x0000000000000000        0x0 /Users/nico/gcc-arm-none-eabi-9-2019-q4-major/bin/../lib/gcc/arm-none-eabi/9.2.1/../../../../arm-none-eabi/lib/thumb/v7e-m+fp/hard/crt0.o
 .ARM.extab     0x0000000000000000        0x0 /Users/nico/gcc-arm-none-eabi-9-2019-q4-major/bin/../lib/gcc/arm-none-eabi/9.2.1/../../../../arm-none-eabi/lib/thumb/v7e-m+fp/hard/crt0.o
 .ARM.exidx     0x0000000000000000        0x8 /Users/nico/gcc-arm-none-eabi-9-2019-q4-major/bin/../lib/gcc/arm-none-eabi/9.2.1/../../../../arm-none-eabi/lib/thumb/v7e-m+fp/hard/crt0.o
 .ARM.attributes
                0x0000000000000000       0x1c /Users/nico/gcc-arm-none-eabi-9-2019-q4-major/bin/../lib/gcc/arm-none-eabi/9.2.1/../../../../arm-none-eabi/lib/thumb/v7e-m+fp/hard/crt0.o
 .data          0x0000000000000000        0x0 ./obj/gpio.o
 .bss           0x0000000000000000        0x0 ./obj/gpio.o
 .data          0x0000000000000000        0x0 ./obj/stm32f4xx_hal_msp.o
 .bss           0x0000000000000000        0x0 ./obj/stm32f4xx_hal_msp.o
 .data          0x0000000000000000        0x0 ./obj/stm32f4xx_it.o
 .bss           0x0000000000000000        0x0 ./obj/stm32f4xx_it.o
 .data          0x0000000000000000        0x0 ./obj/system_stm32f4xx.o
 .bss           0x0000000000000000        0x0 ./obj/system_stm32f4xx.o
 .data          0x0000000000000000        0x0 ./obj/tim.o
 .bss           0x0000000000000000        0x0 ./obj/tim.o
 .data          0x0000000000000000        0x0 ./obj/usart.o
 .bss           0x0000000000000000        0x0 ./obj/usart.o
 .data          0x0000000000000000        0x0 ./obj/stm32f4xx_hal.o
 .bss           0x0000000000000000        0x0 ./obj/stm32f4xx_hal.o
 .data          0x0000000000000000        0x0 ./obj/stm32f4xx_hal_cortex.o
 .bss           0x0000000000000000        0x0 ./obj/stm32f4xx_hal_cortex.o
 .data          0x0000000000000000        0x0 ./obj/stm32f4xx_hal_dma.o
 .bss           0x0000000000000000        0x0 ./obj/stm32f4xx_hal_dma.o
 .text          0x0000000000000000     0x13a8 ./obj/stm32f4xx_hal_dma_ex.o
 .data          0x0000000000000000        0x0 ./obj/stm32f4xx_hal_dma_ex.o
 .bss           0x0000000000000000        0x0 ./obj/stm32f4xx_hal_dma_ex.o
 .comment       0x0000000000000000       0x7c ./obj/stm32f4xx_hal_dma_ex.o
 .ARM.attributes
                0x0000000000000000       0x39 ./obj/stm32f4xx_hal_dma_ex.o
 .text          0x0000000000000000      0x314 ./obj/stm32f4xx_hal_exti.o
 .data          0x0000000000000000        0x0 ./obj/stm32f4xx_hal_exti.o
 .bss           0x0000000000000000        0x0 ./obj/stm32f4xx_hal_exti.o
 .comment       0x0000000000000000       0x7c ./obj/stm32f4xx_hal_exti.o
 .ARM.attributes
                0x0000000000000000       0x39 ./obj/stm32f4xx_hal_exti.o
 .text          0x0000000000000000      0x624 ./obj/stm32f4xx_hal_flash.o
 .data          0x0000000000000000        0x0 ./obj/stm32f4xx_hal_flash.o
 .bss           0x0000000000000000        0x0 ./obj/stm32f4xx_hal_flash.o
 .comment       0x0000000000000000       0x7c ./obj/stm32f4xx_hal_flash.o
 .ARM.attributes
                0x0000000000000000       0x39 ./obj/stm32f4xx_hal_flash.o
 COMMON         0x0000000000000000       0x20 ./obj/stm32f4xx_hal_flash.o
 .text          0x0000000000000000      0xa10 ./obj/stm32f4xx_hal_flash_ex.o
 .data          0x0000000000000000        0x0 ./obj/stm32f4xx_hal_flash_ex.o
 .bss           0x0000000000000000        0x0 ./obj/stm32f4xx_hal_flash_ex.o
 .comment       0x0000000000000000       0x7c ./obj/stm32f4xx_hal_flash_ex.o
 .ARM.attributes
                0x0000000000000000       0x39 ./obj/stm32f4xx_hal_flash_ex.o
 .text          0x0000000000000000        0x0 ./obj/stm32f4xx_hal_flash_ramfunc.o
 .data          0x0000000000000000        0x0 ./obj/stm32f4xx_hal_flash_ramfunc.o
 .bss           0x0000000000000000        0x0 ./obj/stm32f4xx_hal_flash_ramfunc.o
 .comment       0x0000000000000000       0x7c ./obj/stm32f4xx_hal_flash_ramfunc.o
 .ARM.attributes
                0x0000000000000000       0x39 ./obj/stm32f4xx_hal_flash_ramfunc.o
 .data          0x0000000000000000        0x0 ./obj/stm32f4xx_hal_gpio.o
 .bss           0x0000000000000000        0x0 ./obj/stm32f4xx_hal_gpio.o
 .text          0x0000000000000000      0x308 ./obj/stm32f4xx_hal_pwr.o
 .data          0x0000000000000000        0x0 ./obj/stm32f4xx_hal_pwr.o
 .bss           0x0000000000000000        0x0 ./obj/stm32f4xx_hal_pwr.o
 .comment       0x0000000000000000       0x7c ./obj/stm32f4xx_hal_pwr.o
 .ARM.attributes
                0x0000000000000000       0x39 ./obj/stm32f4xx_hal_pwr.o
 .text          0x0000000000000000      0x3bc ./obj/stm32f4xx_hal_pwr_ex.o
 .data          0x0000000000000000        0x0 ./obj/stm32f4xx_hal_pwr_ex.o
 .bss           0x0000000000000000        0x0 ./obj/stm32f4xx_hal_pwr_ex.o
 .comment       0x0000000000000000       0x7c ./obj/stm32f4xx_hal_pwr_ex.o
 .ARM.attributes
                0x0000000000000000       0x39 ./obj/stm32f4xx_hal_pwr_ex.o
 .data          0x0000000000000000        0x0 ./obj/stm32f4xx_hal_rcc.o
 .bss           0x0000000000000000        0x0 ./obj/stm32f4xx_hal_rcc.o
 .text          0x0000000000000000      0x87c ./obj/stm32f4xx_hal_rcc_ex.o
 .data          0x0000000000000000        0x0 ./obj/stm32f4xx_hal_rcc_ex.o
 .bss           0x0000000000000000        0x0 ./obj/stm32f4xx_hal_rcc_ex.o
 .comment       0x0000000000000000       0x7c ./obj/stm32f4xx_hal_rcc_ex.o
 .ARM.attributes
                0x0000000000000000       0x39 ./obj/stm32f4xx_hal_rcc_ex.o
 .data          0x0000000000000000        0x0 ./obj/stm32f4xx_hal_tim.o
 .bss           0x0000000000000000        0x0 ./obj/stm32f4xx_hal_tim.o
 .data          0x0000000000000000        0x0 ./obj/stm32f4xx_hal_tim_ex.o
 .bss           0x0000000000000000        0x0 ./obj/stm32f4xx_hal_tim_ex.o
 .data          0x0000000000000000        0x0 ./obj/stm32f4xx_hal_uart.o
 .bss           0x0000000000000000        0x0 ./obj/stm32f4xx_hal_uart.o
 .data          0x0000000000000000        0x0 ./obj/main.o
 .bss           0x0000000000000000        0x0 ./obj/main.o
 COMMON         0x0000000000000000      0x10a ./obj/main.o
 .text          0x0000000000000000       0x14 ./obj/startup_stm32f429nihx.o
 .data          0x0000000000000000        0x0 ./obj/startup_stm32f429nihx.o
 .bss           0x0000000000000000        0x0 ./obj/startup_stm32f429nihx.o
 .text          0x0000000000000000        0x0 /Users/nico/gcc-arm-none-eabi-9-2019-q4-major/bin/../lib/gcc/arm-none-eabi/9.2.1/../../../../arm-none-eabi/lib/thumb/v7e-m+fp/hard/libc_nano.a(lib_a-exit.o)
 .data          0x0000000000000000        0x0 /Users/nico/gcc-arm-none-eabi-9-2019-q4-major/bin/../lib/gcc/arm-none-eabi/9.2.1/../../../../arm-none-eabi/lib/thumb/v7e-m+fp/hard/libc_nano.a(lib_a-exit.o)
 .bss           0x0000000000000000        0x0 /Users/nico/gcc-arm-none-eabi-9-2019-q4-major/bin/../lib/gcc/arm-none-eabi/9.2.1/../../../../arm-none-eabi/lib/thumb/v7e-m+fp/hard/libc_nano.a(lib_a-exit.o)
 .text.exit     0x0000000000000000       0x28 /Users/nico/gcc-arm-none-eabi-9-2019-q4-major/bin/../lib/gcc/arm-none-eabi/9.2.1/../../../../arm-none-eabi/lib/thumb/v7e-m+fp/hard/libc_nano.a(lib_a-exit.o)
 .debug_frame   0x0000000000000000       0x28 /Users/nico/gcc-arm-none-eabi-9-2019-q4-major/bin/../lib/gcc/arm-none-eabi/9.2.1/../../../../arm-none-eabi/lib/thumb/v7e-m+fp/hard/libc_nano.a(lib_a-exit.o)
 .ARM.attributes
                0x0000000000000000       0x34 /Users/nico/gcc-arm-none-eabi-9-2019-q4-major/bin/../lib/gcc/arm-none-eabi/9.2.1/../../../../arm-none-eabi/lib/thumb/v7e-m+fp/hard/libc_nano.a(lib_a-exit.o)
 .text          0x0000000000000000        0x0 /Users/nico/gcc-arm-none-eabi-9-2019-q4-major/bin/../lib/gcc/arm-none-eabi/9.2.1/../../../../arm-none-eabi/lib/thumb/v7e-m+fp/hard/libc_nano.a(lib_a-impure.o)
 .data          0x0000000000000000        0x0 /Users/nico/gcc-arm-none-eabi-9-2019-q4-major/bin/../lib/gcc/arm-none-eabi/9.2.1/../../../../arm-none-eabi/lib/thumb/v7e-m+fp/hard/libc_nano.a(lib_a-impure.o)
 .bss           0x0000000000000000        0x0 /Users/nico/gcc-arm-none-eabi-9-2019-q4-major/bin/../lib/gcc/arm-none-eabi/9.2.1/../../../../arm-none-eabi/lib/thumb/v7e-m+fp/hard/libc_nano.a(lib_a-impure.o)
 .rodata._global_impure_ptr
                0x0000000000000000        0x4 /Users/nico/gcc-arm-none-eabi-9-2019-q4-major/bin/../lib/gcc/arm-none-eabi/9.2.1/../../../../arm-none-eabi/lib/thumb/v7e-m+fp/hard/libc_nano.a(lib_a-impure.o)
 .text          0x0000000000000000        0x0 /Users/nico/gcc-arm-none-eabi-9-2019-q4-major/bin/../lib/gcc/arm-none-eabi/9.2.1/../../../../arm-none-eabi/lib/thumb/v7e-m+fp/hard/libc_nano.a(lib_a-init.o)
 .data          0x0000000000000000        0x0 /Users/nico/gcc-arm-none-eabi-9-2019-q4-major/bin/../lib/gcc/arm-none-eabi/9.2.1/../../../../arm-none-eabi/lib/thumb/v7e-m+fp/hard/libc_nano.a(lib_a-init.o)
 .bss           0x0000000000000000        0x0 /Users/nico/gcc-arm-none-eabi-9-2019-q4-major/bin/../lib/gcc/arm-none-eabi/9.2.1/../../../../arm-none-eabi/lib/thumb/v7e-m+fp/hard/libc_nano.a(lib_a-init.o)
 .text          0x0000000000000000        0x0 /Users/nico/gcc-arm-none-eabi-9-2019-q4-major/bin/../lib/gcc/arm-none-eabi/9.2.1/../../../../arm-none-eabi/lib/thumb/v7e-m+fp/hard/libc_nano.a(lib_a-memset.o)
 .data          0x0000000000000000        0x0 /Users/nico/gcc-arm-none-eabi-9-2019-q4-major/bin/../lib/gcc/arm-none-eabi/9.2.1/../../../../arm-none-eabi/lib/thumb/v7e-m+fp/hard/libc_nano.a(lib_a-memset.o)
 .bss           0x0000000000000000        0x0 /Users/nico/gcc-arm-none-eabi-9-2019-q4-major/bin/../lib/gcc/arm-none-eabi/9.2.1/../../../../arm-none-eabi/lib/thumb/v7e-m+fp/hard/libc_nano.a(lib_a-memset.o)
 .text          0x0000000000000000        0x0 /Users/nico/gcc-arm-none-eabi-9-2019-q4-major/bin/../lib/gcc/arm-none-eabi/9.2.1/../../../../arm-none-eabi/lib/thumb/v7e-m+fp/hard/libc_nano.a(lib_a-sprintf.o)
 .data          0x0000000000000000        0x0 /Users/nico/gcc-arm-none-eabi-9-2019-q4-major/bin/../lib/gcc/arm-none-eabi/9.2.1/../../../../arm-none-eabi/lib/thumb/v7e-m+fp/hard/libc_nano.a(lib_a-sprintf.o)
 .bss           0x0000000000000000        0x0 /Users/nico/gcc-arm-none-eabi-9-2019-q4-major/bin/../lib/gcc/arm-none-eabi/9.2.1/../../../../arm-none-eabi/lib/thumb/v7e-m+fp/hard/libc_nano.a(lib_a-sprintf.o)
 .text._sprintf_r
                0x0000000000000000       0x38 /Users/nico/gcc-arm-none-eabi-9-2019-q4-major/bin/../lib/gcc/arm-none-eabi/9.2.1/../../../../arm-none-eabi/lib/thumb/v7e-m+fp/hard/libc_nano.a(lib_a-sprintf.o)
 .text          0x0000000000000000        0x0 /Users/nico/gcc-arm-none-eabi-9-2019-q4-major/bin/../lib/gcc/arm-none-eabi/9.2.1/../../../../arm-none-eabi/lib/thumb/v7e-m+fp/hard/libc_nano.a(lib_a-nano-svfprintf.o)
 .data          0x0000000000000000        0x0 /Users/nico/gcc-arm-none-eabi-9-2019-q4-major/bin/../lib/gcc/arm-none-eabi/9.2.1/../../../../arm-none-eabi/lib/thumb/v7e-m+fp/hard/libc_nano.a(lib_a-nano-svfprintf.o)
 .bss           0x0000000000000000        0x0 /Users/nico/gcc-arm-none-eabi-9-2019-q4-major/bin/../lib/gcc/arm-none-eabi/9.2.1/../../../../arm-none-eabi/lib/thumb/v7e-m+fp/hard/libc_nano.a(lib_a-nano-svfprintf.o)
 .text.__ssprint_r
                0x0000000000000000       0xf6 /Users/nico/gcc-arm-none-eabi-9-2019-q4-major/bin/../lib/gcc/arm-none-eabi/9.2.1/../../../../arm-none-eabi/lib/thumb/v7e-m+fp/hard/libc_nano.a(lib_a-nano-svfprintf.o)
 .text          0x0000000000000000        0x0 /Users/nico/gcc-arm-none-eabi-9-2019-q4-major/bin/../lib/gcc/arm-none-eabi/9.2.1/../../../../arm-none-eabi/lib/thumb/v7e-m+fp/hard/libc_nano.a(lib_a-nano-vfprintf_i.o)
 .data          0x0000000000000000        0x0 /Users/nico/gcc-arm-none-eabi-9-2019-q4-major/bin/../lib/gcc/arm-none-eabi/9.2.1/../../../../arm-none-eabi/lib/thumb/v7e-m+fp/hard/libc_nano.a(lib_a-nano-vfprintf_i.o)
 .bss           0x0000000000000000        0x0 /Users/nico/gcc-arm-none-eabi-9-2019-q4-major/bin/../lib/gcc/arm-none-eabi/9.2.1/../../../../arm-none-eabi/lib/thumb/v7e-m+fp/hard/libc_nano.a(lib_a-nano-vfprintf_i.o)
 .data          0x0000000000000000        0x0 /Users/nico/gcc-arm-none-eabi-9-2019-q4-major/bin/../lib/gcc/arm-none-eabi/9.2.1/../../../../arm-none-eabi/lib/thumb/v7e-m+fp/hard/libc_nano.a(lib_a-memchr.o)
 .bss           0x0000000000000000        0x0 /Users/nico/gcc-arm-none-eabi-9-2019-q4-major/bin/../lib/gcc/arm-none-eabi/9.2.1/../../../../arm-none-eabi/lib/thumb/v7e-m+fp/hard/libc_nano.a(lib_a-memchr.o)
 .text          0x0000000000000000        0x0 /Users/nico/gcc-arm-none-eabi-9-2019-q4-major/bin/../lib/gcc/arm-none-eabi/9.2.1/../../../../arm-none-eabi/lib/thumb/v7e-m+fp/hard/libc_nano.a(lib_a-memcpy-stub.o)
 .data          0x0000000000000000        0x0 /Users/nico/gcc-arm-none-eabi-9-2019-q4-major/bin/../lib/gcc/arm-none-eabi/9.2.1/../../../../arm-none-eabi/lib/thumb/v7e-m+fp/hard/libc_nano.a(lib_a-memcpy-stub.o)
 .bss           0x0000000000000000        0x0 /Users/nico/gcc-arm-none-eabi-9-2019-q4-major/bin/../lib/gcc/arm-none-eabi/9.2.1/../../../../arm-none-eabi/lib/thumb/v7e-m+fp/hard/libc_nano.a(lib_a-memcpy-stub.o)
 .text          0x0000000000000000        0x0 /Users/nico/gcc-arm-none-eabi-9-2019-q4-major/bin/../lib/gcc/arm-none-eabi/9.2.1/../../../../arm-none-eabi/lib/thumb/v7e-m+fp/hard/libc_nano.a(lib_a-memmove.o)
 .data          0x0000000000000000        0x0 /Users/nico/gcc-arm-none-eabi-9-2019-q4-major/bin/../lib/gcc/arm-none-eabi/9.2.1/../../../../arm-none-eabi/lib/thumb/v7e-m+fp/hard/libc_nano.a(lib_a-memmove.o)
 .bss           0x0000000000000000        0x0 /Users/nico/gcc-arm-none-eabi-9-2019-q4-major/bin/../lib/gcc/arm-none-eabi/9.2.1/../../../../arm-none-eabi/lib/thumb/v7e-m+fp/hard/libc_nano.a(lib_a-memmove.o)
 .text          0x0000000000000000        0x0 /Users/nico/gcc-arm-none-eabi-9-2019-q4-major/bin/../lib/gcc/arm-none-eabi/9.2.1/../../../../arm-none-eabi/lib/thumb/v7e-m+fp/hard/libc_nano.a(lib_a-nano-freer.o)
 .data          0x0000000000000000        0x0 /Users/nico/gcc-arm-none-eabi-9-2019-q4-major/bin/../lib/gcc/arm-none-eabi/9.2.1/../../../../arm-none-eabi/lib/thumb/v7e-m+fp/hard/libc_nano.a(lib_a-nano-freer.o)
 .bss           0x0000000000000000        0x0 /Users/nico/gcc-arm-none-eabi-9-2019-q4-major/bin/../lib/gcc/arm-none-eabi/9.2.1/../../../../arm-none-eabi/lib/thumb/v7e-m+fp/hard/libc_nano.a(lib_a-nano-freer.o)
 .text          0x0000000000000000        0x0 /Users/nico/gcc-arm-none-eabi-9-2019-q4-major/bin/../lib/gcc/arm-none-eabi/9.2.1/../../../../arm-none-eabi/lib/thumb/v7e-m+fp/hard/libc_nano.a(lib_a-nano-mallocr.o)
 .data          0x0000000000000000        0x0 /Users/nico/gcc-arm-none-eabi-9-2019-q4-major/bin/../lib/gcc/arm-none-eabi/9.2.1/../../../../arm-none-eabi/lib/thumb/v7e-m+fp/hard/libc_nano.a(lib_a-nano-mallocr.o)
 .bss           0x0000000000000000        0x0 /Users/nico/gcc-arm-none-eabi-9-2019-q4-major/bin/../lib/gcc/arm-none-eabi/9.2.1/../../../../arm-none-eabi/lib/thumb/v7e-m+fp/hard/libc_nano.a(lib_a-nano-mallocr.o)
 .text          0x0000000000000000        0x0 /Users/nico/gcc-arm-none-eabi-9-2019-q4-major/bin/../lib/gcc/arm-none-eabi/9.2.1/../../../../arm-none-eabi/lib/thumb/v7e-m+fp/hard/libc_nano.a(lib_a-nano-reallocr.o)
 .data          0x0000000000000000        0x0 /Users/nico/gcc-arm-none-eabi-9-2019-q4-major/bin/../lib/gcc/arm-none-eabi/9.2.1/../../../../arm-none-eabi/lib/thumb/v7e-m+fp/hard/libc_nano.a(lib_a-nano-reallocr.o)
 .bss           0x0000000000000000        0x0 /Users/nico/gcc-arm-none-eabi-9-2019-q4-major/bin/../lib/gcc/arm-none-eabi/9.2.1/../../../../arm-none-eabi/lib/thumb/v7e-m+fp/hard/libc_nano.a(lib_a-nano-reallocr.o)
 .text          0x0000000000000000        0x0 /Users/nico/gcc-arm-none-eabi-9-2019-q4-major/bin/../lib/gcc/arm-none-eabi/9.2.1/../../../../arm-none-eabi/lib/thumb/v7e-m+fp/hard/libc_nano.a(lib_a-sbrkr.o)
 .data          0x0000000000000000        0x0 /Users/nico/gcc-arm-none-eabi-9-2019-q4-major/bin/../lib/gcc/arm-none-eabi/9.2.1/../../../../arm-none-eabi/lib/thumb/v7e-m+fp/hard/libc_nano.a(lib_a-sbrkr.o)
 .bss           0x0000000000000000        0x0 /Users/nico/gcc-arm-none-eabi-9-2019-q4-major/bin/../lib/gcc/arm-none-eabi/9.2.1/../../../../arm-none-eabi/lib/thumb/v7e-m+fp/hard/libc_nano.a(lib_a-sbrkr.o)
 .text          0x0000000000000000        0x0 /Users/nico/gcc-arm-none-eabi-9-2019-q4-major/bin/../lib/gcc/arm-none-eabi/9.2.1/../../../../arm-none-eabi/lib/thumb/v7e-m+fp/hard/libc_nano.a(lib_a-mlock.o)
 .data          0x0000000000000000        0x0 /Users/nico/gcc-arm-none-eabi-9-2019-q4-major/bin/../lib/gcc/arm-none-eabi/9.2.1/../../../../arm-none-eabi/lib/thumb/v7e-m+fp/hard/libc_nano.a(lib_a-mlock.o)
 .bss           0x0000000000000000        0x0 /Users/nico/gcc-arm-none-eabi-9-2019-q4-major/bin/../lib/gcc/arm-none-eabi/9.2.1/../../../../arm-none-eabi/lib/thumb/v7e-m+fp/hard/libc_nano.a(lib_a-mlock.o)
 .text          0x0000000000000000        0x0 /Users/nico/gcc-arm-none-eabi-9-2019-q4-major/bin/../lib/gcc/arm-none-eabi/9.2.1/../../../../arm-none-eabi/lib/thumb/v7e-m+fp/hard/libc_nano.a(lib_a-nano-msizer.o)
 .data          0x0000000000000000        0x0 /Users/nico/gcc-arm-none-eabi-9-2019-q4-major/bin/../lib/gcc/arm-none-eabi/9.2.1/../../../../arm-none-eabi/lib/thumb/v7e-m+fp/hard/libc_nano.a(lib_a-nano-msizer.o)
 .bss           0x0000000000000000        0x0 /Users/nico/gcc-arm-none-eabi-9-2019-q4-major/bin/../lib/gcc/arm-none-eabi/9.2.1/../../../../arm-none-eabi/lib/thumb/v7e-m+fp/hard/libc_nano.a(lib_a-nano-msizer.o)
 .text          0x0000000000000000        0x0 /Users/nico/gcc-arm-none-eabi-9-2019-q4-major/bin/../lib/gcc/arm-none-eabi/9.2.1/../../../../arm-none-eabi/lib/thumb/v7e-m+fp/hard/libc_nano.a(lib_a-reent.o)
 .data          0x0000000000000000        0x0 /Users/nico/gcc-arm-none-eabi-9-2019-q4-major/bin/../lib/gcc/arm-none-eabi/9.2.1/../../../../arm-none-eabi/lib/thumb/v7e-m+fp/hard/libc_nano.a(lib_a-reent.o)
 .bss           0x0000000000000000        0x0 /Users/nico/gcc-arm-none-eabi-9-2019-q4-major/bin/../lib/gcc/arm-none-eabi/9.2.1/../../../../arm-none-eabi/lib/thumb/v7e-m+fp/hard/libc_nano.a(lib_a-reent.o)
 .text.cleanup_glue
                0x0000000000000000       0x1a /Users/nico/gcc-arm-none-eabi-9-2019-q4-major/bin/../lib/gcc/arm-none-eabi/9.2.1/../../../../arm-none-eabi/lib/thumb/v7e-m+fp/hard/libc_nano.a(lib_a-reent.o)
 .text._reclaim_reent
                0x0000000000000000       0xb8 /Users/nico/gcc-arm-none-eabi-9-2019-q4-major/bin/../lib/gcc/arm-none-eabi/9.2.1/../../../../arm-none-eabi/lib/thumb/v7e-m+fp/hard/libc_nano.a(lib_a-reent.o)
 .text          0x0000000000000000        0x0 /Users/nico/gcc-arm-none-eabi-9-2019-q4-major/bin/../lib/gcc/arm-none-eabi/9.2.1/../../../../arm-none-eabi/lib/thumb/v7e-m+fp/hard/libc_nano.a(lib_a-lock.o)
 .data          0x0000000000000000        0x0 /Users/nico/gcc-arm-none-eabi-9-2019-q4-major/bin/../lib/gcc/arm-none-eabi/9.2.1/../../../../arm-none-eabi/lib/thumb/v7e-m+fp/hard/libc_nano.a(lib_a-lock.o)
 .bss           0x0000000000000000        0x0 /Users/nico/gcc-arm-none-eabi-9-2019-q4-major/bin/../lib/gcc/arm-none-eabi/9.2.1/../../../../arm-none-eabi/lib/thumb/v7e-m+fp/hard/libc_nano.a(lib_a-lock.o)
 .text.__retarget_lock_init
                0x0000000000000000        0x2 /Users/nico/gcc-arm-none-eabi-9-2019-q4-major/bin/../lib/gcc/arm-none-eabi/9.2.1/../../../../arm-none-eabi/lib/thumb/v7e-m+fp/hard/libc_nano.a(lib_a-lock.o)
 .text.__retarget_lock_init_recursive
                0x0000000000000000        0x2 /Users/nico/gcc-arm-none-eabi-9-2019-q4-major/bin/../lib/gcc/arm-none-eabi/9.2.1/../../../../arm-none-eabi/lib/thumb/v7e-m+fp/hard/libc_nano.a(lib_a-lock.o)
 .text.__retarget_lock_close
                0x0000000000000000        0x2 /Users/nico/gcc-arm-none-eabi-9-2019-q4-major/bin/../lib/gcc/arm-none-eabi/9.2.1/../../../../arm-none-eabi/lib/thumb/v7e-m+fp/hard/libc_nano.a(lib_a-lock.o)
 .text.__retarget_lock_close_recursive
                0x0000000000000000        0x2 /Users/nico/gcc-arm-none-eabi-9-2019-q4-major/bin/../lib/gcc/arm-none-eabi/9.2.1/../../../../arm-none-eabi/lib/thumb/v7e-m+fp/hard/libc_nano.a(lib_a-lock.o)
 .text.__retarget_lock_acquire
                0x0000000000000000        0x2 /Users/nico/gcc-arm-none-eabi-9-2019-q4-major/bin/../lib/gcc/arm-none-eabi/9.2.1/../../../../arm-none-eabi/lib/thumb/v7e-m+fp/hard/libc_nano.a(lib_a-lock.o)
 .text.__retarget_lock_try_acquire
                0x0000000000000000        0x4 /Users/nico/gcc-arm-none-eabi-9-2019-q4-major/bin/../lib/gcc/arm-none-eabi/9.2.1/../../../../arm-none-eabi/lib/thumb/v7e-m+fp/hard/libc_nano.a(lib_a-lock.o)
 .text.__retarget_lock_try_acquire_recursive
                0x0000000000000000        0x4 /Users/nico/gcc-arm-none-eabi-9-2019-q4-major/bin/../lib/gcc/arm-none-eabi/9.2.1/../../../../arm-none-eabi/lib/thumb/v7e-m+fp/hard/libc_nano.a(lib_a-lock.o)
 .text.__retarget_lock_release
                0x0000000000000000        0x2 /Users/nico/gcc-arm-none-eabi-9-2019-q4-major/bin/../lib/gcc/arm-none-eabi/9.2.1/../../../../arm-none-eabi/lib/thumb/v7e-m+fp/hard/libc_nano.a(lib_a-lock.o)
 .data          0x0000000000000000        0x0 /Users/nico/gcc-arm-none-eabi-9-2019-q4-major/bin/../lib/gcc/arm-none-eabi/9.2.1/thumb/v7e-m+fp/hard/libgcc.a(_aeabi_uldivmod.o)
 .bss           0x0000000000000000        0x0 /Users/nico/gcc-arm-none-eabi-9-2019-q4-major/bin/../lib/gcc/arm-none-eabi/9.2.1/thumb/v7e-m+fp/hard/libgcc.a(_aeabi_uldivmod.o)
 .data          0x0000000000000000        0x0 /Users/nico/gcc-arm-none-eabi-9-2019-q4-major/bin/../lib/gcc/arm-none-eabi/9.2.1/thumb/v7e-m+fp/hard/libgcc.a(_udivmoddi4.o)
 .bss           0x0000000000000000        0x0 /Users/nico/gcc-arm-none-eabi-9-2019-q4-major/bin/../lib/gcc/arm-none-eabi/9.2.1/thumb/v7e-m+fp/hard/libgcc.a(_udivmoddi4.o)
 .ARM.extab     0x0000000000000000        0x0 /Users/nico/gcc-arm-none-eabi-9-2019-q4-major/bin/../lib/gcc/arm-none-eabi/9.2.1/thumb/v7e-m+fp/hard/libgcc.a(_udivmoddi4.o)
 .data          0x0000000000000000        0x0 /Users/nico/gcc-arm-none-eabi-9-2019-q4-major/bin/../lib/gcc/arm-none-eabi/9.2.1/thumb/v7e-m+fp/hard/libgcc.a(_dvmd_tls.o)
 .bss           0x0000000000000000        0x0 /Users/nico/gcc-arm-none-eabi-9-2019-q4-major/bin/../lib/gcc/arm-none-eabi/9.2.1/thumb/v7e-m+fp/hard/libgcc.a(_dvmd_tls.o)
 .text          0x0000000000000000        0x0 /Users/nico/gcc-arm-none-eabi-9-2019-q4-major/bin/../lib/gcc/arm-none-eabi/9.2.1/../../../../arm-none-eabi/lib/thumb/v7e-m+fp/hard/libnosys.a(sbrk.o)
 .data          0x0000000000000000        0x0 /Users/nico/gcc-arm-none-eabi-9-2019-q4-major/bin/../lib/gcc/arm-none-eabi/9.2.1/../../../../arm-none-eabi/lib/thumb/v7e-m+fp/hard/libnosys.a(sbrk.o)
 .bss           0x0000000000000000        0x0 /Users/nico/gcc-arm-none-eabi-9-2019-q4-major/bin/../lib/gcc/arm-none-eabi/9.2.1/../../../../arm-none-eabi/lib/thumb/v7e-m+fp/hard/libnosys.a(sbrk.o)
 .text          0x0000000000000000        0x0 /Users/nico/gcc-arm-none-eabi-9-2019-q4-major/bin/../lib/gcc/arm-none-eabi/9.2.1/../../../../arm-none-eabi/lib/thumb/v7e-m+fp/hard/libnosys.a(_exit.o)
 .data          0x0000000000000000        0x0 /Users/nico/gcc-arm-none-eabi-9-2019-q4-major/bin/../lib/gcc/arm-none-eabi/9.2.1/../../../../arm-none-eabi/lib/thumb/v7e-m+fp/hard/libnosys.a(_exit.o)
 .bss           0x0000000000000000        0x0 /Users/nico/gcc-arm-none-eabi-9-2019-q4-major/bin/../lib/gcc/arm-none-eabi/9.2.1/../../../../arm-none-eabi/lib/thumb/v7e-m+fp/hard/libnosys.a(_exit.o)
 .text._exit    0x0000000000000000        0x4 /Users/nico/gcc-arm-none-eabi-9-2019-q4-major/bin/../lib/gcc/arm-none-eabi/9.2.1/../../../../arm-none-eabi/lib/thumb/v7e-m+fp/hard/libnosys.a(_exit.o)
 .debug_frame   0x0000000000000000       0x20 /Users/nico/gcc-arm-none-eabi-9-2019-q4-major/bin/../lib/gcc/arm-none-eabi/9.2.1/../../../../arm-none-eabi/lib/thumb/v7e-m+fp/hard/libnosys.a(_exit.o)
 .ARM.attributes
                0x0000000000000000       0x34 /Users/nico/gcc-arm-none-eabi-9-2019-q4-major/bin/../lib/gcc/arm-none-eabi/9.2.1/../../../../arm-none-eabi/lib/thumb/v7e-m+fp/hard/libnosys.a(_exit.o)
 .text          0x0000000000000000        0x0 /Users/nico/gcc-arm-none-eabi-9-2019-q4-major/bin/../lib/gcc/arm-none-eabi/9.2.1/thumb/v7e-m+fp/hard/crtend.o
 .data          0x0000000000000000        0x0 /Users/nico/gcc-arm-none-eabi-9-2019-q4-major/bin/../lib/gcc/arm-none-eabi/9.2.1/thumb/v7e-m+fp/hard/crtend.o
 .bss           0x0000000000000000        0x0 /Users/nico/gcc-arm-none-eabi-9-2019-q4-major/bin/../lib/gcc/arm-none-eabi/9.2.1/thumb/v7e-m+fp/hard/crtend.o
 .eh_frame      0x0000000000000000        0x4 /Users/nico/gcc-arm-none-eabi-9-2019-q4-major/bin/../lib/gcc/arm-none-eabi/9.2.1/thumb/v7e-m+fp/hard/crtend.o
 .ARM.attributes
                0x0000000000000000       0x32 /Users/nico/gcc-arm-none-eabi-9-2019-q4-major/bin/../lib/gcc/arm-none-eabi/9.2.1/thumb/v7e-m+fp/hard/crtend.o
 .text          0x0000000000000000        0x0 /Users/nico/gcc-arm-none-eabi-9-2019-q4-major/bin/../lib/gcc/arm-none-eabi/9.2.1/thumb/v7e-m+fp/hard/crtn.o
 .data          0x0000000000000000        0x0 /Users/nico/gcc-arm-none-eabi-9-2019-q4-major/bin/../lib/gcc/arm-none-eabi/9.2.1/thumb/v7e-m+fp/hard/crtn.o
 .bss           0x0000000000000000        0x0 /Users/nico/gcc-arm-none-eabi-9-2019-q4-major/bin/../lib/gcc/arm-none-eabi/9.2.1/thumb/v7e-m+fp/hard/crtn.o

Memory Configuration

Name             Origin             Length             Attributes
CCMRAM           0x0000000010000000 0x0000000000010000 xrw
RAM              0x0000000020000000 0x0000000000030000 xrw
FLASH            0x0000000008080000 0x0000000000080000 xr
*default*        0x0000000000000000 0xffffffffffffffff

Linker script and memory map

LOAD /Users/nico/gcc-arm-none-eabi-9-2019-q4-major/bin/../lib/gcc/arm-none-eabi/9.2.1/thumb/v7e-m+fp/hard/crti.o
LOAD /Users/nico/gcc-arm-none-eabi-9-2019-q4-major/bin/../lib/gcc/arm-none-eabi/9.2.1/thumb/v7e-m+fp/hard/crtbegin.o
LOAD /Users/nico/gcc-arm-none-eabi-9-2019-q4-major/bin/../lib/gcc/arm-none-eabi/9.2.1/../../../../arm-none-eabi/lib/thumb/v7e-m+fp/hard/crt0.o
LOAD ./obj/gpio.o
LOAD ./obj/stm32f4xx_hal_msp.o
LOAD ./obj/stm32f4xx_it.o
LOAD ./obj/system_stm32f4xx.o
LOAD ./obj/tim.o
LOAD ./obj/usart.o
LOAD ./obj/stm32f4xx_hal.o
LOAD ./obj/stm32f4xx_hal_cortex.o
LOAD ./obj/stm32f4xx_hal_dma.o
LOAD ./obj/stm32f4xx_hal_dma_ex.o
LOAD ./obj/stm32f4xx_hal_exti.o
LOAD ./obj/stm32f4xx_hal_flash.o
LOAD ./obj/stm32f4xx_hal_flash_ex.o
LOAD ./obj/stm32f4xx_hal_flash_ramfunc.o
LOAD ./obj/stm32f4xx_hal_gpio.o
LOAD ./obj/stm32f4xx_hal_pwr.o
LOAD ./obj/stm32f4xx_hal_pwr_ex.o
LOAD ./obj/stm32f4xx_hal_rcc.o
LOAD ./obj/stm32f4xx_hal_rcc_ex.o
LOAD ./obj/stm32f4xx_hal_tim.o
LOAD ./obj/stm32f4xx_hal_tim_ex.o
LOAD ./obj/stm32f4xx_hal_uart.o
LOAD ./obj/main.o
LOAD ./obj/startup_stm32f429nihx.o
START GROUP
LOAD /Users/nico/gcc-arm-none-eabi-9-2019-q4-major/bin/../lib/gcc/arm-none-eabi/9.2.1/../../../../arm-none-eabi/lib/thumb/v7e-m+fp/hard/libc_nano.a
LOAD /Users/nico/gcc-arm-none-eabi-9-2019-q4-major/bin/../lib/gcc/arm-none-eabi/9.2.1/../../../../arm-none-eabi/lib/thumb/v7e-m+fp/hard/libm.a
END GROUP
START GROUP
LOAD /Users/nico/gcc-arm-none-eabi-9-2019-q4-major/bin/../lib/gcc/arm-none-eabi/9.2.1/thumb/v7e-m+fp/hard/libgcc.a
LOAD /Users/nico/gcc-arm-none-eabi-9-2019-q4-major/bin/../lib/gcc/arm-none-eabi/9.2.1/../../../../arm-none-eabi/lib/thumb/v7e-m+fp/hard/libc_nano.a
END GROUP
START GROUP
LOAD /Users/nico/gcc-arm-none-eabi-9-2019-q4-major/bin/../lib/gcc/arm-none-eabi/9.2.1/thumb/v7e-m+fp/hard/libgcc.a
LOAD /Users/nico/gcc-arm-none-eabi-9-2019-q4-major/bin/../lib/gcc/arm-none-eabi/9.2.1/../../../../arm-none-eabi/lib/thumb/v7e-m+fp/hard/libc_nano.a
LOAD /Users/nico/gcc-arm-none-eabi-9-2019-q4-major/bin/../lib/gcc/arm-none-eabi/9.2.1/../../../../arm-none-eabi/lib/thumb/v7e-m+fp/hard/libnosys.a
END GROUP
START GROUP
LOAD /Users/nico/gcc-arm-none-eabi-9-2019-q4-major/bin/../lib/gcc/arm-none-eabi/9.2.1/thumb/v7e-m+fp/hard/libgcc.a
LOAD /Users/nico/gcc-arm-none-eabi-9-2019-q4-major/bin/../lib/gcc/arm-none-eabi/9.2.1/../../../../arm-none-eabi/lib/thumb/v7e-m+fp/hard/libc_nano.a
LOAD /Users/nico/gcc-arm-none-eabi-9-2019-q4-major/bin/../lib/gcc/arm-none-eabi/9.2.1/../../../../arm-none-eabi/lib/thumb/v7e-m+fp/hard/libnosys.a
END GROUP
LOAD /Users/nico/gcc-arm-none-eabi-9-2019-q4-major/bin/../lib/gcc/arm-none-eabi/9.2.1/thumb/v7e-m+fp/hard/crtend.o
LOAD /Users/nico/gcc-arm-none-eabi-9-2019-q4-major/bin/../lib/gcc/arm-none-eabi/9.2.1/thumb/v7e-m+fp/hard/crtn.o
                0x0000000020030000                _estack = 0x20030000
                0x0000000000000200                _Min_Heap_Size = 0x200
                0x0000000000000400                _Min_Stack_Size = 0x400

.isr_vector     0x0000000008080000      0x1ac
                0x0000000008080000                . = ALIGN (0x4)
 *(.isr_vector)
 .isr_vector    0x0000000008080000      0x1ac ./obj/startup_stm32f429nihx.o
                0x0000000008080000                g_pfnVectors
                0x00000000080801ac                . = ALIGN (0x4)

.text           0x00000000080801b0     0xbb94
                0x00000000080801b0                . = ALIGN (0x4)
 *(.text)
 .text          0x00000000080801b0       0x40 /Users/nico/gcc-arm-none-eabi-9-2019-q4-major/bin/../lib/gcc/arm-none-eabi/9.2.1/thumb/v7e-m+fp/hard/crtbegin.o
 .text          0x00000000080801f0       0x50 ./obj/gpio.o
                0x00000000080801f0                MX_GPIO_Init
 .text          0x0000000008080240       0x50 ./obj/stm32f4xx_hal_msp.o
                0x0000000008080240                HAL_MspInit
 .text          0x0000000008080290      0x27c ./obj/stm32f4xx_it.o
                0x0000000008080290                NMI_Handler
                0x000000000808029e                HardFault_Handler
                0x00000000080802a4                MemManage_Handler
                0x00000000080802aa                BusFault_Handler
                0x00000000080802b0                UsageFault_Handler
                0x00000000080802b6                SVC_Handler
                0x00000000080802c4                DebugMon_Handler
                0x00000000080802d2                PendSV_Handler
                0x00000000080802e0                SysTick_Handler
                0x00000000080802ec                USART1_IRQHandler
                0x00000000080803fc                TIM5_IRQHandler
 .text          0x000000000808050c      0x164 ./obj/system_stm32f4xx.o
                0x000000000808050c                SystemInit
                0x000000000808057c                SystemCoreClockUpdate
 .text          0x0000000008080670      0x150 ./obj/tim.o
                0x0000000008080670                MX_TIM5_Init
                0x000000000808073c                HAL_TIM_Base_MspInit
                0x000000000808078c                HAL_TIM_Base_MspDeInit
 .text          0x00000000080807c0      0x1a4 ./obj/usart.o
                0x00000000080807c0                MX_USART1_UART_Init
                0x0000000008080834                HAL_UART_MspInit
                0x0000000008080914                HAL_UART_MspDeInit
 .text          0x0000000008080964      0x474 ./obj/stm32f4xx_hal.o
                0x0000000008080964                HAL_Init
                0x00000000080809e4                HAL_DeInit
                0x0000000008080a4a                HAL_MspDeInit
                0x0000000008080a58                HAL_InitTick
                0x0000000008080ae4                HAL_IncTick
                0x0000000008080b0c                HAL_GetTick
                0x0000000008080b24                HAL_GetTickPrio
                0x0000000008080b3c                HAL_SetTickFreq
                0x0000000008080b7c                HAL_GetTickFreq
                0x0000000008080b94                HAL_Delay
                0x0000000008080be8                HAL_SuspendTick
                0x0000000008080c08                HAL_ResumeTick
                0x0000000008080c28                HAL_GetHalVersion
                0x0000000008080c3c                HAL_GetREVID
                0x0000000008080c54                HAL_GetDEVID
                0x0000000008080c70                HAL_DBGMCU_EnableDBGSleepMode
                0x0000000008080c90                HAL_DBGMCU_DisableDBGSleepMode
                0x0000000008080cb0                HAL_DBGMCU_EnableDBGStopMode
                0x0000000008080cd0                HAL_DBGMCU_DisableDBGStopMode
                0x0000000008080cf0                HAL_DBGMCU_EnableDBGStandbyMode
                0x0000000008080d10                HAL_DBGMCU_DisableDBGStandbyMode
                0x0000000008080d30                HAL_EnableCompensationCell
                0x0000000008080d48                HAL_DisableCompensationCell
                0x0000000008080d60                HAL_GetUIDw0
                0x0000000008080d78                HAL_GetUIDw1
                0x0000000008080d90                HAL_GetUIDw2
                0x0000000008080da8                HAL_EnableMemorySwappingBank
                0x0000000008080dc0                HAL_DisableMemorySwappingBank
 .text          0x0000000008080dd8      0x6b0 ./obj/stm32f4xx_hal_cortex.o
                0x00000000080811b0                HAL_NVIC_SetPriorityGrouping
                0x00000000080811d6                HAL_NVIC_SetPriority
                0x000000000808121c                HAL_NVIC_EnableIRQ
                0x0000000008081238                HAL_NVIC_DisableIRQ
                0x0000000008081254                HAL_NVIC_SystemReset
                0x000000000808125c                HAL_SYSTICK_Config
                0x0000000008081294                HAL_MPU_Disable
                0x00000000080812c0                HAL_MPU_Enable
                0x00000000080812fc                HAL_MPU_ConfigRegion
                0x0000000008081384                HAL_NVIC_GetPriorityGrouping
                0x0000000008081392                HAL_NVIC_GetPriority
                0x00000000080813be                HAL_NVIC_SetPendingIRQ
                0x00000000080813da                HAL_NVIC_GetPendingIRQ
                0x00000000080813f8                HAL_NVIC_ClearPendingIRQ
                0x0000000008081414                HAL_NVIC_GetActive
                0x0000000008081432                HAL_SYSTICK_CLKSourceConfig
                0x000000000808146c                HAL_SYSTICK_IRQHandler
                0x0000000008081478                HAL_SYSTICK_Callback
 .text          0x0000000008081488      0xcac ./obj/stm32f4xx_hal_dma.o
                0x0000000008081488                HAL_DMA_Init
                0x00000000080815e4                HAL_DMA_DeInit
                0x00000000080816a0                HAL_DMA_Start
                0x0000000008081716                HAL_DMA_Start_IT
                0x00000000080817d6                HAL_DMA_Abort
                0x00000000080818b6                HAL_DMA_Abort_IT
                0x00000000080818fa                HAL_DMA_PollForTransfer
                0x0000000008081ab8                HAL_DMA_IRQHandler
                0x0000000008081dca                HAL_DMA_RegisterCallback
                0x0000000008081e72                HAL_DMA_UnRegisterCallback
                0x0000000008081f44                HAL_DMA_GetState
                0x0000000008081f60                HAL_DMA_GetError
 .text          0x0000000008082134      0x698 ./obj/stm32f4xx_hal_gpio.o
                0x0000000008082134                HAL_GPIO_Init
                0x0000000008082488                HAL_GPIO_DeInit
                0x000000000808269c                HAL_GPIO_ReadPin
                0x00000000080826cc                HAL_GPIO_WritePin
                0x00000000080826fe                HAL_GPIO_TogglePin
                0x0000000008082734                HAL_GPIO_LockPin
                0x0000000008082784                HAL_GPIO_EXTI_IRQHandler
                0x00000000080827b4                HAL_GPIO_EXTI_Callback
 .text          0x00000000080827cc      0xb64 ./obj/stm32f4xx_hal_rcc.o
                0x00000000080827dc                HAL_RCC_OscConfig
                0x0000000008082c70                HAL_RCC_ClockConfig
                0x0000000008082e70                HAL_RCC_MCOConfig
                0x0000000008082f40                HAL_RCC_EnableCSS
                0x0000000008082f58                HAL_RCC_DisableCSS
                0x0000000008082f70                HAL_RCC_GetSysClockFreq
                0x00000000080830e4                HAL_RCC_GetHCLKFreq
                0x00000000080830fc                HAL_RCC_GetPCLK1Freq
                0x0000000008083134                HAL_RCC_GetPCLK2Freq
                0x000000000808316c                HAL_RCC_GetOscConfig
                0x0000000008083294                HAL_RCC_GetClockConfig
                0x00000000080832f8                HAL_RCC_NMI_IRQHandler
                0x0000000008083320                HAL_RCC_CSSCallback
 .text          0x0000000008083330     0x43ec ./obj/stm32f4xx_hal_tim.o
                0x0000000008083330                HAL_TIM_Base_Init
                0x0000000008083396                HAL_TIM_Base_DeInit
                0x000000000808341e                HAL_TIM_Base_Start
                0x0000000008083466                HAL_TIM_Base_Stop
                0x00000000080834bc                HAL_TIM_Base_Start_IT
                0x0000000008083504                HAL_TIM_Base_Stop_IT
                0x000000000808355a                HAL_TIM_Base_Start_DMA
                0x000000000808361c                HAL_TIM_Base_Stop_DMA
                0x0000000008083680                HAL_TIM_OC_Init
                0x00000000080836d6                HAL_TIM_OC_DeInit
                0x0000000008083736                HAL_TIM_OC_MspInit
                0x000000000808374a                HAL_TIM_OC_MspDeInit
                0x000000000808375e                HAL_TIM_OC_Start
                0x00000000080837d8                HAL_TIM_OC_Stop
                0x0000000008083880                HAL_TIM_OC_Start_IT
                0x0000000008083988                HAL_TIM_OC_Stop_IT
                0x0000000008083abc                HAL_TIM_OC_Start_DMA
                0x0000000008083ce0                HAL_TIM_OC_Stop_DMA
                0x0000000008083e44                HAL_TIM_PWM_Init
                0x0000000008083e9a                HAL_TIM_PWM_DeInit
                0x0000000008083efa                HAL_TIM_PWM_MspInit
                0x0000000008083f0e                HAL_TIM_PWM_MspDeInit
                0x0000000008083f22                HAL_TIM_PWM_Start
                0x0000000008083f9c                HAL_TIM_PWM_Stop
                0x000000000808404c                HAL_TIM_PWM_Start_IT
                0x0000000008084154                HAL_TIM_PWM_Stop_IT
                0x0000000008084288                HAL_TIM_PWM_Start_DMA
                0x00000000080844ac                HAL_TIM_PWM_Stop_DMA
                0x0000000008084610                HAL_TIM_IC_Init
                0x0000000008084666                HAL_TIM_IC_DeInit
                0x00000000080846c6                HAL_TIM_IC_MspInit
                0x00000000080846da                HAL_TIM_IC_MspDeInit
                0x00000000080846ee                HAL_TIM_IC_Start
                0x0000000008084732                HAL_TIM_IC_Stop
                0x0000000008084784                HAL_TIM_IC_Start_IT
                0x0000000008084854                HAL_TIM_IC_Stop_IT
                0x0000000008084932                HAL_TIM_IC_Start_DMA
                0x0000000008084b20                HAL_TIM_IC_Stop_DMA
                0x0000000008084c2e                HAL_TIM_OnePulse_Init
                0x0000000008084ca6                HAL_TIM_OnePulse_DeInit
                0x0000000008084d06                HAL_TIM_OnePulse_MspInit
                0x0000000008084d1a                HAL_TIM_OnePulse_MspDeInit
                0x0000000008084d2e                HAL_TIM_OnePulse_Start
                0x0000000008084d94                HAL_TIM_OnePulse_Stop
                0x0000000008084e4c                HAL_TIM_OnePulse_Start_IT
                0x0000000008084ed4                HAL_TIM_OnePulse_Stop_IT
                0x0000000008084fac                HAL_TIM_Encoder_Init
                0x00000000080850d0                HAL_TIM_Encoder_DeInit
                0x0000000008085130                HAL_TIM_Encoder_MspInit
                0x0000000008085144                HAL_TIM_Encoder_MspDeInit
                0x0000000008085158                HAL_TIM_Encoder_Start
                0x00000000080851c6                HAL_TIM_Encoder_Stop
                0x0000000008085254                HAL_TIM_Encoder_Start_IT
                0x0000000008085302                HAL_TIM_Encoder_Stop_IT
                0x00000000080853d6                HAL_TIM_Encoder_Start_DMA
                0x00000000080855cc                HAL_TIM_Encoder_Stop_DMA
                0x00000000080856c8                HAL_TIM_IRQHandler
                0x00000000080858e8                HAL_TIM_OC_ConfigChannel
                0x00000000080859a8                HAL_TIM_IC_ConfigChannel
                0x0000000008085ae0                HAL_TIM_PWM_ConfigChannel
                0x0000000008085c6c                HAL_TIM_OnePulse_ConfigChannel
                0x0000000008085dec                HAL_TIM_DMABurst_WriteStart
                0x0000000008086070                HAL_TIM_DMABurst_WriteStop
                0x0000000008086146                HAL_TIM_DMABurst_ReadStart
                0x00000000080863c8                HAL_TIM_DMABurst_ReadStop
                0x000000000808649e                HAL_TIM_GenerateEvent
                0x00000000080864ec                HAL_TIM_ConfigOCrefClear
                0x0000000008086674                HAL_TIM_ConfigClockSource
                0x00000000080867f2                HAL_TIM_ConfigTI1Input
                0x000000000808682a                HAL_TIM_SlaveConfigSynchro
                0x00000000080868ae                HAL_TIM_SlaveConfigSynchro_IT
                0x0000000008086932                HAL_TIM_ReadCapturedValue
                0x00000000080869b8                HAL_TIM_PeriodElapsedCallback
                0x00000000080869cc                HAL_TIM_PeriodElapsedHalfCpltCallback
                0x00000000080869e0                HAL_TIM_OC_DelayElapsedCallback
                0x00000000080869f4                HAL_TIM_IC_CaptureCallback
                0x0000000008086a08                HAL_TIM_IC_CaptureHalfCpltCallback
                0x0000000008086a1c                HAL_TIM_PWM_PulseFinishedCallback
                0x0000000008086a30                HAL_TIM_PWM_PulseFinishedHalfCpltCallback
                0x0000000008086a44                HAL_TIM_TriggerCallback
                0x0000000008086a58                HAL_TIM_TriggerHalfCpltCallback
                0x0000000008086a6c                HAL_TIM_ErrorCallback
                0x0000000008086a80                HAL_TIM_Base_GetState
                0x0000000008086a9c                HAL_TIM_OC_GetState
                0x0000000008086ab8                HAL_TIM_PWM_GetState
                0x0000000008086ad4                HAL_TIM_IC_GetState
                0x0000000008086af0                HAL_TIM_OnePulse_GetState
                0x0000000008086b0c                HAL_TIM_Encoder_GetState
                0x0000000008086b28                TIM_DMAError
                0x0000000008086b4c                TIM_DMADelayPulseCplt
                0x0000000008086bbc                TIM_DMADelayPulseHalfCplt
                0x0000000008086c2c                TIM_DMACaptureCplt
                0x0000000008086c9c                TIM_DMACaptureHalfCplt
                0x0000000008086d9c                TIM_Base_SetConfig
                0x0000000008086fbc                TIM_OC2_SetConfig
                0x0000000008087348                TIM_TI1_SetConfig
                0x0000000008087690                TIM_ETR_SetConfig
                0x00000000080876d0                TIM_CCxChannelCmd
 .text          0x000000000808771c     0x144c ./obj/stm32f4xx_hal_tim_ex.o
                0x000000000808771c                HAL_TIMEx_HallSensor_Init
                0x0000000008087846                HAL_TIMEx_HallSensor_DeInit
                0x00000000080878a6                HAL_TIMEx_HallSensor_MspInit
                0x00000000080878ba                HAL_TIMEx_HallSensor_MspDeInit
                0x00000000080878ce                HAL_TIMEx_HallSensor_Start
                0x0000000008087910                HAL_TIMEx_HallSensor_Stop
                0x0000000008087960                HAL_TIMEx_HallSensor_Start_IT
                0x00000000080879b2                HAL_TIMEx_HallSensor_Stop_IT
                0x0000000008087a12                HAL_TIMEx_HallSensor_Start_DMA
                0x0000000008087ae0                HAL_TIMEx_HallSensor_Stop_DMA
                0x0000000008087b4a                HAL_TIMEx_OCN_Start
                0x0000000008087b9e                HAL_TIMEx_OCN_Stop
                0x0000000008087c20                HAL_TIMEx_OCN_Start_IT
                0x0000000008087cca                HAL_TIMEx_OCN_Stop_IT
                0x0000000008087db6                HAL_TIMEx_OCN_Start_DMA
                0x0000000008087f38                HAL_TIMEx_OCN_Stop_DMA
                0x0000000008088026                HAL_TIMEx_PWMN_Start
                0x000000000808807a                HAL_TIMEx_PWMN_Stop
                0x00000000080880fc                HAL_TIMEx_PWMN_Start_IT
                0x00000000080881a6                HAL_TIMEx_PWMN_Stop_IT
                0x0000000008088292                HAL_TIMEx_PWMN_Start_DMA
                0x0000000008088414                HAL_TIMEx_PWMN_Stop_DMA
                0x0000000008088502                HAL_TIMEx_OnePulseN_Start
                0x0000000008088534                HAL_TIMEx_OnePulseN_Stop
                0x00000000080885b6                HAL_TIMEx_OnePulseN_Start_IT
                0x0000000008088608                HAL_TIMEx_OnePulseN_Stop_IT
                0x00000000080886aa                HAL_TIMEx_ConfigCommutEvent
                0x000000000808876a                HAL_TIMEx_ConfigCommutEvent_IT
                0x000000000808882a                HAL_TIMEx_ConfigCommutEvent_DMA
                0x0000000008088910                HAL_TIMEx_MasterConfigSynchronization
                0x000000000808899a                HAL_TIMEx_ConfigBreakDeadTime
                0x0000000008088a3e                HAL_TIMEx_RemapConfig
                0x0000000008088a7c                HAL_TIMEx_CommutCallback
                0x0000000008088a90                HAL_TIMEx_CommutHalfCpltCallback
                0x0000000008088aa4                HAL_TIMEx_BreakCallback
                0x0000000008088ab8                HAL_TIMEx_HallSensor_GetState
                0x0000000008088ad4                TIMEx_DMACommutationCplt
                0x0000000008088af8                TIMEx_DMACommutationHalfCplt
 .text          0x0000000008088b68     0x21cc ./obj/stm32f4xx_hal_uart.o
                0x0000000008088b68                HAL_UART_Init
                0x0000000008088c22                HAL_HalfDuplex_Init
                0x0000000008088ccc                HAL_LIN_Init
                0x0000000008088d98                HAL_MultiProcessor_Init
                0x0000000008088e78                HAL_UART_DeInit
                0x0000000008088ef8                HAL_UART_Transmit
                0x0000000008089094                HAL_UART_Receive
                0x00000000080891e0                HAL_UART_Transmit_IT
                0x000000000808926a                HAL_UART_Receive_IT
                0x0000000008089314                HAL_UART_Transmit_DMA
                0x00000000080893ec                HAL_UART_Receive_DMA
                0x00000000080894ec                HAL_UART_DMAPause
                0x00000000080895b4                HAL_UART_DMAResume
                0x0000000008089656                HAL_UART_DMAStop
                0x000000000808970c                HAL_UART_Abort
                0x0000000008089810                HAL_UART_AbortTransmit
                0x0000000008089898                HAL_UART_AbortReceive
                0x0000000008089930                HAL_UART_Abort_IT
                0x0000000008089a78                HAL_UART_AbortTransmit_IT
                0x0000000008089b18                HAL_UART_AbortReceive_IT
                0x0000000008089bc8                HAL_UART_IRQHandler
                0x0000000008089e1c                HAL_UART_TxCpltCallback
                0x0000000008089e30                HAL_UART_TxHalfCpltCallback
                0x0000000008089e44                HAL_UART_RxCpltCallback
                0x0000000008089e58                HAL_UART_RxHalfCpltCallback
                0x0000000008089e6c                HAL_UART_ErrorCallback
                0x0000000008089e80                HAL_UART_AbortCpltCallback
                0x0000000008089e94                HAL_UART_AbortTransmitCpltCallback
                0x0000000008089ea8                HAL_UART_AbortReceiveCpltCallback
                0x0000000008089ebc                HAL_LIN_SendBreak
                0x0000000008089f10                HAL_MultiProcessor_EnterMuteMode
                0x0000000008089f64                HAL_MultiProcessor_ExitMuteMode
                0x0000000008089fb8                HAL_HalfDuplex_EnableTransmitter
                0x000000000808a020                HAL_HalfDuplex_EnableReceiver
                0x000000000808a088                HAL_UART_GetState
                0x000000000808a0c4                HAL_UART_GetError
 .text          0x000000000808ad34      0x334 ./obj/main.o
                0x000000000808ad34                updateCRC32
                0x000000000808ad64                crc32file
                0x000000000808adc8                crc32buf
                0x000000000808ae10                main
                0x000000000808af54                SystemClock_Config
                0x000000000808b058                Error_Handler
 *fill*         0x000000000808b068        0x8 
 .text          0x000000000808b070       0xa0 /Users/nico/gcc-arm-none-eabi-9-2019-q4-major/bin/../lib/gcc/arm-none-eabi/9.2.1/../../../../arm-none-eabi/lib/thumb/v7e-m+fp/hard/libc_nano.a(lib_a-memchr.o)
                0x000000000808b070                memchr
 .text          0x000000000808b110       0x30 /Users/nico/gcc-arm-none-eabi-9-2019-q4-major/bin/../lib/gcc/arm-none-eabi/9.2.1/thumb/v7e-m+fp/hard/libgcc.a(_aeabi_uldivmod.o)
                0x000000000808b110                __aeabi_uldivmod
 .text          0x000000000808b140      0x2c4 /Users/nico/gcc-arm-none-eabi-9-2019-q4-major/bin/../lib/gcc/arm-none-eabi/9.2.1/thumb/v7e-m+fp/hard/libgcc.a(_udivmoddi4.o)
                0x000000000808b140                __udivmoddi4
 .text          0x000000000808b404        0x4 /Users/nico/gcc-arm-none-eabi-9-2019-q4-major/bin/../lib/gcc/arm-none-eabi/9.2.1/thumb/v7e-m+fp/hard/libgcc.a(_dvmd_tls.o)
                0x000000000808b404                __aeabi_ldiv0
                0x000000000808b404                __aeabi_idiv0
 *(.text*)
 .text.Reset_Handler
                0x000000000808b408       0x50 ./obj/startup_stm32f429nihx.o
                0x000000000808b408                Reset_Handler
 .text.Default_Handler
                0x000000000808b458        0x2 ./obj/startup_stm32f429nihx.o
                0x000000000808b458                DMA1_Stream3_IRQHandler
                0x000000000808b458                HASH_RNG_IRQHandler
                0x000000000808b458                EXTI2_IRQHandler
                0x000000000808b458                TIM8_CC_IRQHandler
                0x000000000808b458                UART8_IRQHandler
                0x000000000808b458                SPI4_IRQHandler
                0x000000000808b458                TIM1_CC_IRQHandler
                0x000000000808b458                DMA2_Stream5_IRQHandler
                0x000000000808b458                DMA1_Stream5_IRQHandler
                0x000000000808b458                PVD_IRQHandler
                0x000000000808b458                SDIO_IRQHandler
                0x000000000808b458                TAMP_STAMP_IRQHandler
                0x000000000808b458                CAN2_RX1_IRQHandler
                0x000000000808b458                EXTI3_IRQHandler
                0x000000000808b458                TIM8_TRG_COM_TIM14_IRQHandler
                0x000000000808b458                TIM1_UP_TIM10_IRQHandler
                0x000000000808b458                TIM8_UP_TIM13_IRQHandler
                0x000000000808b458                I2C3_ER_IRQHandler
                0x000000000808b458                EXTI0_IRQHandler
                0x000000000808b458                I2C2_EV_IRQHandler
                0x000000000808b458                DMA1_Stream2_IRQHandler
                0x000000000808b458                CAN1_RX0_IRQHandler
                0x000000000808b458                FPU_IRQHandler
                0x000000000808b458                OTG_HS_WKUP_IRQHandler
                0x000000000808b458                LTDC_ER_IRQHandler
                0x000000000808b458                CAN2_SCE_IRQHandler
                0x000000000808b458                DMA2_Stream2_IRQHandler
                0x000000000808b458                SPI1_IRQHandler
                0x000000000808b458                TIM6_DAC_IRQHandler
                0x000000000808b458                TIM1_BRK_TIM9_IRQHandler
                0x000000000808b458                DCMI_IRQHandler
                0x000000000808b458                CAN2_RX0_IRQHandler
                0x000000000808b458                DMA2_Stream3_IRQHandler
                0x000000000808b458                USART6_IRQHandler
                0x000000000808b458                USART3_IRQHandler
                0x000000000808b458                CAN1_RX1_IRQHandler
                0x000000000808b458                UART5_IRQHandler
                0x000000000808b458                DMA2_Stream0_IRQHandler
                0x000000000808b458                TIM4_IRQHandler
                0x000000000808b458                I2C1_EV_IRQHandler
                0x000000000808b458                DMA1_Stream6_IRQHandler
                0x000000000808b458                DMA1_Stream1_IRQHandler
                0x000000000808b458                UART4_IRQHandler
                0x000000000808b458                TIM3_IRQHandler
                0x000000000808b458                RCC_IRQHandler
                0x000000000808b458                TIM8_BRK_TIM12_IRQHandler
                0x000000000808b458                Default_Handler
                0x000000000808b458                EXTI15_10_IRQHandler
                0x000000000808b458                ADC_IRQHandler
                0x000000000808b458                DMA1_Stream7_IRQHandler
                0x000000000808b458                SPI5_IRQHandler
                0x000000000808b458                TIM7_IRQHandler
                0x000000000808b458                CAN2_TX_IRQHandler
                0x000000000808b458                DMA2_Stream7_IRQHandler
                0x000000000808b458                I2C3_EV_IRQHandler
                0x000000000808b458                EXTI9_5_IRQHandler
                0x000000000808b458                RTC_WKUP_IRQHandler
                0x000000000808b458                LTDC_IRQHandler
                0x000000000808b458                ETH_WKUP_IRQHandler
                0x000000000808b458                SPI2_IRQHandler
                0x000000000808b458                OTG_HS_EP1_IN_IRQHandler
                0x000000000808b458                DMA1_Stream0_IRQHandler
                0x000000000808b458                CAN1_TX_IRQHandler
                0x000000000808b458                EXTI4_IRQHandler
                0x000000000808b458                ETH_IRQHandler
                0x000000000808b458                OTG_HS_EP1_OUT_IRQHandler
                0x000000000808b458                WWDG_IRQHandler
                0x000000000808b458                SPI6_IRQHandler
                0x000000000808b458                TIM2_IRQHandler
                0x000000000808b458                OTG_FS_WKUP_IRQHandler
                0x000000000808b458                TIM1_TRG_COM_TIM11_IRQHandler
                0x000000000808b458                OTG_HS_IRQHandler
                0x000000000808b458                DMA2D_IRQHandler
                0x000000000808b458                EXTI1_IRQHandler
                0x000000000808b458                UART7_IRQHandler
                0x000000000808b458                USART2_IRQHandler
                0x000000000808b458                I2C2_ER_IRQHandler
                0x000000000808b458                DMA2_Stream1_IRQHandler
                0x000000000808b458                CAN1_SCE_IRQHandler
                0x000000000808b458                FLASH_IRQHandler
                0x000000000808b458                DMA2_Stream4_IRQHandler
                0x000000000808b458                OTG_FS_IRQHandler
                0x000000000808b458                SPI3_IRQHandler
                0x000000000808b458                DMA1_Stream4_IRQHandler
                0x000000000808b458                I2C1_ER_IRQHandler
                0x000000000808b458                FMC_IRQHandler
                0x000000000808b458                DMA2_Stream6_IRQHandler
                0x000000000808b458                SAI1_IRQHandler
                0x000000000808b458                RTC_Alarm_IRQHandler
 *fill*         0x000000000808b45a        0x2 
 .text.__libc_init_array
                0x000000000808b45c       0x48 /Users/nico/gcc-arm-none-eabi-9-2019-q4-major/bin/../lib/gcc/arm-none-eabi/9.2.1/../../../../arm-none-eabi/lib/thumb/v7e-m+fp/hard/libc_nano.a(lib_a-init.o)
                0x000000000808b45c                __libc_init_array
 .text.memset   0x000000000808b4a4       0x10 /Users/nico/gcc-arm-none-eabi-9-2019-q4-major/bin/../lib/gcc/arm-none-eabi/9.2.1/../../../../arm-none-eabi/lib/thumb/v7e-m+fp/hard/libc_nano.a(lib_a-memset.o)
                0x000000000808b4a4                memset
 .text.sprintf  0x000000000808b4b4       0x40 /Users/nico/gcc-arm-none-eabi-9-2019-q4-major/bin/../lib/gcc/arm-none-eabi/9.2.1/../../../../arm-none-eabi/lib/thumb/v7e-m+fp/hard/libc_nano.a(lib_a-sprintf.o)
                0x000000000808b4b4                sprintf
                0x000000000808b4b4                siprintf
 .text.__ssputs_r
                0x000000000808b4f4       0xb6 /Users/nico/gcc-arm-none-eabi-9-2019-q4-major/bin/../lib/gcc/arm-none-eabi/9.2.1/../../../../arm-none-eabi/lib/thumb/v7e-m+fp/hard/libc_nano.a(lib_a-nano-svfprintf.o)
                0x000000000808b4f4                __ssputs_r
 *fill*         0x000000000808b5aa        0x2 
 .text._svfprintf_r
                0x000000000808b5ac      0x200 /Users/nico/gcc-arm-none-eabi-9-2019-q4-major/bin/../lib/gcc/arm-none-eabi/9.2.1/../../../../arm-none-eabi/lib/thumb/v7e-m+fp/hard/libc_nano.a(lib_a-nano-svfprintf.o)
                0x000000000808b5ac                _svfprintf_r
                0x000000000808b5ac                _svfiprintf_r
 .text._printf_common
                0x000000000808b7ac       0xda /Users/nico/gcc-arm-none-eabi-9-2019-q4-major/bin/../lib/gcc/arm-none-eabi/9.2.1/../../../../arm-none-eabi/lib/thumb/v7e-m+fp/hard/libc_nano.a(lib_a-nano-vfprintf_i.o)
                0x000000000808b7ac                _printf_common
 *fill*         0x000000000808b886        0x2 
 .text._printf_i
                0x000000000808b888      0x24c /Users/nico/gcc-arm-none-eabi-9-2019-q4-major/bin/../lib/gcc/arm-none-eabi/9.2.1/../../../../arm-none-eabi/lib/thumb/v7e-m+fp/hard/libc_nano.a(lib_a-nano-vfprintf_i.o)
                0x000000000808b888                _printf_i
 .text.memcpy   0x000000000808bad4       0x1c /Users/nico/gcc-arm-none-eabi-9-2019-q4-major/bin/../lib/gcc/arm-none-eabi/9.2.1/../../../../arm-none-eabi/lib/thumb/v7e-m+fp/hard/libc_nano.a(lib_a-memcpy-stub.o)
                0x000000000808bad4                memcpy
 .text.memmove  0x000000000808baf0       0x34 /Users/nico/gcc-arm-none-eabi-9-2019-q4-major/bin/../lib/gcc/arm-none-eabi/9.2.1/../../../../arm-none-eabi/lib/thumb/v7e-m+fp/hard/libc_nano.a(lib_a-memmove.o)
                0x000000000808baf0                memmove
 .text._free_r  0x000000000808bb24       0xa0 /Users/nico/gcc-arm-none-eabi-9-2019-q4-major/bin/../lib/gcc/arm-none-eabi/9.2.1/../../../../arm-none-eabi/lib/thumb/v7e-m+fp/hard/libc_nano.a(lib_a-nano-freer.o)
                0x000000000808bb24                _free_r
 .text._malloc_r
                0x000000000808bbc4       0xb4 /Users/nico/gcc-arm-none-eabi-9-2019-q4-major/bin/../lib/gcc/arm-none-eabi/9.2.1/../../../../arm-none-eabi/lib/thumb/v7e-m+fp/hard/libc_nano.a(lib_a-nano-mallocr.o)
                0x000000000808bbc4                _malloc_r
 .text._realloc_r
                0x000000000808bc78       0x4c /Users/nico/gcc-arm-none-eabi-9-2019-q4-major/bin/../lib/gcc/arm-none-eabi/9.2.1/../../../../arm-none-eabi/lib/thumb/v7e-m+fp/hard/libc_nano.a(lib_a-nano-reallocr.o)
                0x000000000808bc78                _realloc_r
 .text._sbrk_r  0x000000000808bcc4       0x20 /Users/nico/gcc-arm-none-eabi-9-2019-q4-major/bin/../lib/gcc/arm-none-eabi/9.2.1/../../../../arm-none-eabi/lib/thumb/v7e-m+fp/hard/libc_nano.a(lib_a-sbrkr.o)
                0x000000000808bcc4                _sbrk_r
 .text.__malloc_lock
                0x000000000808bce4        0xc /Users/nico/gcc-arm-none-eabi-9-2019-q4-major/bin/../lib/gcc/arm-none-eabi/9.2.1/../../../../arm-none-eabi/lib/thumb/v7e-m+fp/hard/libc_nano.a(lib_a-mlock.o)
                0x000000000808bce4                __malloc_lock
 .text.__malloc_unlock
                0x000000000808bcf0        0xc /Users/nico/gcc-arm-none-eabi-9-2019-q4-major/bin/../lib/gcc/arm-none-eabi/9.2.1/../../../../arm-none-eabi/lib/thumb/v7e-m+fp/hard/libc_nano.a(lib_a-mlock.o)
                0x000000000808bcf0                __malloc_unlock
 .text._malloc_usable_size_r
                0x000000000808bcfc       0x10 /Users/nico/gcc-arm-none-eabi-9-2019-q4-major/bin/../lib/gcc/arm-none-eabi/9.2.1/../../../../arm-none-eabi/lib/thumb/v7e-m+fp/hard/libc_nano.a(lib_a-nano-msizer.o)
                0x000000000808bcfc                _malloc_usable_size_r
 .text.__retarget_lock_acquire_recursive
                0x000000000808bd0c        0x2 /Users/nico/gcc-arm-none-eabi-9-2019-q4-major/bin/../lib/gcc/arm-none-eabi/9.2.1/../../../../arm-none-eabi/lib/thumb/v7e-m+fp/hard/libc_nano.a(lib_a-lock.o)
                0x000000000808bd0c                __retarget_lock_acquire_recursive
 .text.__retarget_lock_release_recursive
                0x000000000808bd0e        0x2 /Users/nico/gcc-arm-none-eabi-9-2019-q4-major/bin/../lib/gcc/arm-none-eabi/9.2.1/../../../../arm-none-eabi/lib/thumb/v7e-m+fp/hard/libc_nano.a(lib_a-lock.o)
                0x000000000808bd0e                __retarget_lock_release_recursive
 .text._sbrk    0x000000000808bd10       0x1c /Users/nico/gcc-arm-none-eabi-9-2019-q4-major/bin/../lib/gcc/arm-none-eabi/9.2.1/../../../../arm-none-eabi/lib/thumb/v7e-m+fp/hard/libnosys.a(sbrk.o)
                0x000000000808bd10                _sbrk
 *(.glue_7)
 .glue_7        0x000000000808bd2c        0x0 linker stubs
 *(.glue_7t)
 .glue_7t       0x000000000808bd2c        0x0 linker stubs
 *(.eh_frame)
 .eh_frame      0x000000000808bd2c        0x0 /Users/nico/gcc-arm-none-eabi-9-2019-q4-major/bin/../lib/gcc/arm-none-eabi/9.2.1/thumb/v7e-m+fp/hard/crtbegin.o
 *(.init)
 .init          0x000000000808bd2c        0x4 /Users/nico/gcc-arm-none-eabi-9-2019-q4-major/bin/../lib/gcc/arm-none-eabi/9.2.1/thumb/v7e-m+fp/hard/crti.o
                0x000000000808bd2c                _init
 .init          0x000000000808bd30        0x8 /Users/nico/gcc-arm-none-eabi-9-2019-q4-major/bin/../lib/gcc/arm-none-eabi/9.2.1/thumb/v7e-m+fp/hard/crtn.o
 *(.fini)
 .fini          0x000000000808bd38        0x4 /Users/nico/gcc-arm-none-eabi-9-2019-q4-major/bin/../lib/gcc/arm-none-eabi/9.2.1/thumb/v7e-m+fp/hard/crti.o
                0x000000000808bd38                _fini
 .fini          0x000000000808bd3c        0x8 /Users/nico/gcc-arm-none-eabi-9-2019-q4-major/bin/../lib/gcc/arm-none-eabi/9.2.1/thumb/v7e-m+fp/hard/crtn.o
                0x000000000808bd44                . = ALIGN (0x4)
                0x000000000808bd44                _etext = .

.vfp11_veneer   0x000000000808bd44        0x0
 .vfp11_veneer  0x000000000808bd44        0x0 linker stubs

.v4_bx          0x000000000808bd44        0x0
 .v4_bx         0x000000000808bd44        0x0 linker stubs

.iplt           0x000000000808bd44        0x0
 .iplt          0x000000000808bd44        0x0 /Users/nico/gcc-arm-none-eabi-9-2019-q4-major/bin/../lib/gcc/arm-none-eabi/9.2.1/thumb/v7e-m+fp/hard/crtbegin.o

.rodata         0x000000000808bd44       0x6c
                0x000000000808bd44                . = ALIGN (0x4)
 *(.rodata)
 .rodata        0x000000000808bd44       0x17 ./obj/main.o
 *(.rodata*)
 *fill*         0x000000000808bd5b        0x1 
 .rodata.AHBPrescTable
                0x000000000808bd5c       0x10 ./obj/system_stm32f4xx.o
                0x000000000808bd5c                AHBPrescTable
 .rodata.APBPrescTable
                0x000000000808bd6c        0x8 ./obj/system_stm32f4xx.o
                0x000000000808bd6c                APBPrescTable
 .rodata.flagBitshiftOffset.8255
                0x000000000808bd74        0x8 ./obj/stm32f4xx_hal_dma.o
 .rodata._svfprintf_r.str1.1
                0x000000000808bd7c       0x11 /Users/nico/gcc-arm-none-eabi-9-2019-q4-major/bin/../lib/gcc/arm-none-eabi/9.2.1/../../../../arm-none-eabi/lib/thumb/v7e-m+fp/hard/libc_nano.a(lib_a-nano-svfprintf.o)
 .rodata._printf_i.str1.1
                0x000000000808bd8d       0x22 /Users/nico/gcc-arm-none-eabi-9-2019-q4-major/bin/../lib/gcc/arm-none-eabi/9.2.1/../../../../arm-none-eabi/lib/thumb/v7e-m+fp/hard/libc_nano.a(lib_a-nano-vfprintf_i.o)
                0x000000000808bdb0                . = ALIGN (0x4)
 *fill*         0x000000000808bdaf        0x1 

.ARM.extab      0x000000000808bdb0        0x0
                0x000000000808bdb0                . = ALIGN (0x4)
 *(.ARM.extab* .gnu.linkonce.armextab.*)
                0x000000000808bdb0                . = ALIGN (0x4)

.ARM            0x000000000808bdb0        0x8
                0x000000000808bdb0                . = ALIGN (0x4)
                0x000000000808bdb0                __exidx_start = .
 *(.ARM.exidx*)
 .ARM.exidx     0x000000000808bdb0        0x8 /Users/nico/gcc-arm-none-eabi-9-2019-q4-major/bin/../lib/gcc/arm-none-eabi/9.2.1/thumb/v7e-m+fp/hard/libgcc.a(_udivmoddi4.o)
                0x000000000808bdb8                __exidx_end = .
                0x000000000808bdb8                . = ALIGN (0x4)

.rel.dyn        0x000000000808bdb8        0x0
 .rel.iplt      0x000000000808bdb8        0x0 /Users/nico/gcc-arm-none-eabi-9-2019-q4-major/bin/../lib/gcc/arm-none-eabi/9.2.1/thumb/v7e-m+fp/hard/crtbegin.o

.preinit_array  0x000000000808bdb8        0x0
                0x000000000808bdb8                . = ALIGN (0x4)
                0x000000000808bdb8                PROVIDE (__preinit_array_start = .)
 *(.preinit_array*)
                0x000000000808bdb8                PROVIDE (__preinit_array_end = .)
                0x000000000808bdb8                . = ALIGN (0x4)

.init_array     0x000000000808bdb8        0x4
                0x000000000808bdb8                . = ALIGN (0x4)
                0x000000000808bdb8                PROVIDE (__init_array_start = .)
 *(SORT_BY_NAME(.init_array.*))
 *(.init_array*)
 .init_array    0x000000000808bdb8        0x4 /Users/nico/gcc-arm-none-eabi-9-2019-q4-major/bin/../lib/gcc/arm-none-eabi/9.2.1/thumb/v7e-m+fp/hard/crtbegin.o
                0x000000000808bdbc                PROVIDE (__init_array_end = .)
                0x000000000808bdbc                . = ALIGN (0x4)

.fini_array     0x000000000808bdbc        0x4
                0x000000000808bdbc                . = ALIGN (0x4)
                [!provide]                        PROVIDE (__fini_array_start = .)
 *(SORT_BY_NAME(.fini_array.*))
 *(.fini_array*)
 .fini_array    0x000000000808bdbc        0x4 /Users/nico/gcc-arm-none-eabi-9-2019-q4-major/bin/../lib/gcc/arm-none-eabi/9.2.1/thumb/v7e-m+fp/hard/crtbegin.o
                [!provide]                        PROVIDE (__fini_array_end = .)
                0x000000000808bdc0                . = ALIGN (0x4)
                0x000000000808bdc0                _sidata = LOADADDR (.data)

.data           0x0000000020000000    0x19470 load address 0x000000000808bdc0
                0x0000000020000000                . = ALIGN (0x4)
                0x0000000020000000                _sdata = .
 *(.data)
 *(.data*)
 .data.SystemCoreClock
                0x0000000020000000        0x4 ./obj/system_stm32f4xx.o
                0x0000000020000000                SystemCoreClock
 .data.uwTickPrio
                0x0000000020000004        0x4 ./obj/stm32f4xx_hal.o
                0x0000000020000004                uwTickPrio
 .data.uwTickFreq
                0x0000000020000008        0x1 ./obj/stm32f4xx_hal.o
                0x0000000020000008                uwTickFreq
 *fill*         0x0000000020000009        0x3 
 .data.input_vector
                0x000000002000000c    0x19000 ./obj/main.o
                0x000000002000000c                input_vector
 .data.crc_32_tab
                0x000000002001900c      0x400 ./obj/main.o
 .data._impure_ptr
                0x000000002001940c        0x4 /Users/nico/gcc-arm-none-eabi-9-2019-q4-major/bin/../lib/gcc/arm-none-eabi/9.2.1/../../../../arm-none-eabi/lib/thumb/v7e-m+fp/hard/libc_nano.a(lib_a-impure.o)
                0x000000002001940c                _impure_ptr
 .data.impure_data
                0x0000000020019410       0x60 /Users/nico/gcc-arm-none-eabi-9-2019-q4-major/bin/../lib/gcc/arm-none-eabi/9.2.1/../../../../arm-none-eabi/lib/thumb/v7e-m+fp/hard/libc_nano.a(lib_a-impure.o)
                0x0000000020019470                . = ALIGN (0x4)
                0x0000000020019470                _edata = .

.igot.plt       0x0000000020019470        0x0 load address 0x00000000080a5230
 .igot.plt      0x0000000020019470        0x0 /Users/nico/gcc-arm-none-eabi-9-2019-q4-major/bin/../lib/gcc/arm-none-eabi/9.2.1/thumb/v7e-m+fp/hard/crtbegin.o
                0x0000000020019470                . = ALIGN (0x4)

.bss            0x0000000020019470       0xbc load address 0x00000000080a5230
                0x0000000020019470                _sbss = .
                0x0000000020019470                __bss_start__ = _sbss
 *(.bss)
 .bss           0x0000000020019470       0x1c /Users/nico/gcc-arm-none-eabi-9-2019-q4-major/bin/../lib/gcc/arm-none-eabi/9.2.1/thumb/v7e-m+fp/hard/crtbegin.o
 *(.bss*)
 .bss.__malloc_free_list
                0x000000002001948c        0x4 /Users/nico/gcc-arm-none-eabi-9-2019-q4-major/bin/../lib/gcc/arm-none-eabi/9.2.1/../../../../arm-none-eabi/lib/thumb/v7e-m+fp/hard/libc_nano.a(lib_a-nano-mallocr.o)
                0x000000002001948c                __malloc_free_list
 .bss.__malloc_sbrk_start
                0x0000000020019490        0x4 /Users/nico/gcc-arm-none-eabi-9-2019-q4-major/bin/../lib/gcc/arm-none-eabi/9.2.1/../../../../arm-none-eabi/lib/thumb/v7e-m+fp/hard/libc_nano.a(lib_a-nano-mallocr.o)
                0x0000000020019490                __malloc_sbrk_start
 .bss.heap_end.5507
                0x0000000020019494        0x4 /Users/nico/gcc-arm-none-eabi-9-2019-q4-major/bin/../lib/gcc/arm-none-eabi/9.2.1/../../../../arm-none-eabi/lib/thumb/v7e-m+fp/hard/libnosys.a(sbrk.o)
 *(COMMON)
 COMMON         0x0000000020019498       0x40 ./obj/tim.o
                0x0000000020019498                htim5
 COMMON         0x00000000200194d8       0x40 ./obj/usart.o
                0x00000000200194d8                huart1
 COMMON         0x0000000020019518        0x4 ./obj/stm32f4xx_hal.o
                0x0000000020019518                uwTick
 COMMON         0x000000002001951c        0x4 /Users/nico/gcc-arm-none-eabi-9-2019-q4-major/bin/../lib/gcc/arm-none-eabi/9.2.1/../../../../arm-none-eabi/lib/thumb/v7e-m+fp/hard/libc_nano.a(lib_a-reent.o)
                0x000000002001951c                errno
 COMMON         0x0000000020019520        0x9 /Users/nico/gcc-arm-none-eabi-9-2019-q4-major/bin/../lib/gcc/arm-none-eabi/9.2.1/../../../../arm-none-eabi/lib/thumb/v7e-m+fp/hard/libc_nano.a(lib_a-lock.o)
                0x0000000020019520                __lock___atexit_recursive_mutex
                0x0000000020019521                __lock___arc4random_mutex
                0x0000000020019522                __lock___env_recursive_mutex
                0x0000000020019523                __lock___sinit_recursive_mutex
                0x0000000020019524                __lock___malloc_recursive_mutex
                0x0000000020019525                __lock___at_quick_exit_mutex
                0x0000000020019526                __lock___dd_hash_mutex
                0x0000000020019527                __lock___tz_mutex
                0x0000000020019528                __lock___sfp_recursive_mutex
                0x000000002001952c                . = ALIGN (0x4)
 *fill*         0x0000000020019529        0x3 
                0x000000002001952c                _ebss = .
                0x000000002001952c                __bss_end__ = _ebss

._user_heap_stack
                0x000000002001952c      0x604 load address 0x00000000080a5230
                0x0000000020019530                . = ALIGN (0x8)
 *fill*         0x000000002001952c        0x4 
                0x0000000020019530                PROVIDE (end = .)
                [!provide]                        PROVIDE (_end = .)
                0x0000000020019730                . = (. + _Min_Heap_Size)
 *fill*         0x0000000020019530      0x200 
                0x0000000020019b30                . = (. + _Min_Stack_Size)
 *fill*         0x0000000020019730      0x400 
                0x0000000020019b30                . = ALIGN (0x8)

/DISCARD/
 libc.a(*)
 libm.a(*)
 libgcc.a(*)

.ARM.attributes
                0x0000000000000000       0x30
 *(.ARM.attributes)
 .ARM.attributes
                0x0000000000000000       0x1e /Users/nico/gcc-arm-none-eabi-9-2019-q4-major/bin/../lib/gcc/arm-none-eabi/9.2.1/thumb/v7e-m+fp/hard/crti.o
 .ARM.attributes
                0x000000000000001e       0x34 /Users/nico/gcc-arm-none-eabi-9-2019-q4-major/bin/../lib/gcc/arm-none-eabi/9.2.1/thumb/v7e-m+fp/hard/crtbegin.o
 .ARM.attributes
                0x0000000000000052       0x39 ./obj/gpio.o
 .ARM.attributes
                0x000000000000008b       0x39 ./obj/stm32f4xx_hal_msp.o
 .ARM.attributes
                0x00000000000000c4       0x39 ./obj/stm32f4xx_it.o
 .ARM.attributes
                0x00000000000000fd       0x39 ./obj/system_stm32f4xx.o
 .ARM.attributes
                0x0000000000000136       0x39 ./obj/tim.o
 .ARM.attributes
                0x000000000000016f       0x39 ./obj/usart.o
 .ARM.attributes
                0x00000000000001a8       0x39 ./obj/stm32f4xx_hal.o
 .ARM.attributes
                0x00000000000001e1       0x39 ./obj/stm32f4xx_hal_cortex.o
 .ARM.attributes
                0x000000000000021a       0x39 ./obj/stm32f4xx_hal_dma.o
 .ARM.attributes
                0x0000000000000253       0x39 ./obj/stm32f4xx_hal_gpio.o
 .ARM.attributes
                0x000000000000028c       0x39 ./obj/stm32f4xx_hal_rcc.o
 .ARM.attributes
                0x00000000000002c5       0x39 ./obj/stm32f4xx_hal_tim.o
 .ARM.attributes
                0x00000000000002fe       0x39 ./obj/stm32f4xx_hal_tim_ex.o
 .ARM.attributes
                0x0000000000000337       0x39 ./obj/stm32f4xx_hal_uart.o
 .ARM.attributes
                0x0000000000000370       0x39 ./obj/main.o
 .ARM.attributes
                0x00000000000003a9       0x21 ./obj/startup_stm32f429nihx.o
 .ARM.attributes
                0x00000000000003ca       0x32 /Users/nico/gcc-arm-none-eabi-9-2019-q4-major/bin/../lib/gcc/arm-none-eabi/9.2.1/../../../../arm-none-eabi/lib/thumb/v7e-m+fp/hard/libc_nano.a(lib_a-impure.o)
 .ARM.attributes
                0x00000000000003fc       0x34 /Users/nico/gcc-arm-none-eabi-9-2019-q4-major/bin/../lib/gcc/arm-none-eabi/9.2.1/../../../../arm-none-eabi/lib/thumb/v7e-m+fp/hard/libc_nano.a(lib_a-init.o)
 .ARM.attributes
                0x0000000000000430       0x34 /Users/nico/gcc-arm-none-eabi-9-2019-q4-major/bin/../lib/gcc/arm-none-eabi/9.2.1/../../../../arm-none-eabi/lib/thumb/v7e-m+fp/hard/libc_nano.a(lib_a-memset.o)
 .ARM.attributes
                0x0000000000000464       0x34 /Users/nico/gcc-arm-none-eabi-9-2019-q4-major/bin/../lib/gcc/arm-none-eabi/9.2.1/../../../../arm-none-eabi/lib/thumb/v7e-m+fp/hard/libc_nano.a(lib_a-sprintf.o)
 .ARM.attributes
                0x0000000000000498       0x34 /Users/nico/gcc-arm-none-eabi-9-2019-q4-major/bin/../lib/gcc/arm-none-eabi/9.2.1/../../../../arm-none-eabi/lib/thumb/v7e-m+fp/hard/libc_nano.a(lib_a-nano-svfprintf.o)
 .ARM.attributes
                0x00000000000004cc       0x34 /Users/nico/gcc-arm-none-eabi-9-2019-q4-major/bin/../lib/gcc/arm-none-eabi/9.2.1/../../../../arm-none-eabi/lib/thumb/v7e-m+fp/hard/libc_nano.a(lib_a-nano-vfprintf_i.o)
 .ARM.attributes
                0x0000000000000500       0x1c /Users/nico/gcc-arm-none-eabi-9-2019-q4-major/bin/../lib/gcc/arm-none-eabi/9.2.1/../../../../arm-none-eabi/lib/thumb/v7e-m+fp/hard/libc_nano.a(lib_a-memchr.o)
 .ARM.attributes
                0x000000000000051c       0x34 /Users/nico/gcc-arm-none-eabi-9-2019-q4-major/bin/../lib/gcc/arm-none-eabi/9.2.1/../../../../arm-none-eabi/lib/thumb/v7e-m+fp/hard/libc_nano.a(lib_a-memcpy-stub.o)
 .ARM.attributes
                0x0000000000000550       0x34 /Users/nico/gcc-arm-none-eabi-9-2019-q4-major/bin/../lib/gcc/arm-none-eabi/9.2.1/../../../../arm-none-eabi/lib/thumb/v7e-m+fp/hard/libc_nano.a(lib_a-memmove.o)
 .ARM.attributes
                0x0000000000000584       0x34 /Users/nico/gcc-arm-none-eabi-9-2019-q4-major/bin/../lib/gcc/arm-none-eabi/9.2.1/../../../../arm-none-eabi/lib/thumb/v7e-m+fp/hard/libc_nano.a(lib_a-nano-freer.o)
 .ARM.attributes
                0x00000000000005b8       0x34 /Users/nico/gcc-arm-none-eabi-9-2019-q4-major/bin/../lib/gcc/arm-none-eabi/9.2.1/../../../../arm-none-eabi/lib/thumb/v7e-m+fp/hard/libc_nano.a(lib_a-nano-mallocr.o)
 .ARM.attributes
                0x00000000000005ec       0x34 /Users/nico/gcc-arm-none-eabi-9-2019-q4-major/bin/../lib/gcc/arm-none-eabi/9.2.1/../../../../arm-none-eabi/lib/thumb/v7e-m+fp/hard/libc_nano.a(lib_a-nano-reallocr.o)
 .ARM.attributes
                0x0000000000000620       0x34 /Users/nico/gcc-arm-none-eabi-9-2019-q4-major/bin/../lib/gcc/arm-none-eabi/9.2.1/../../../../arm-none-eabi/lib/thumb/v7e-m+fp/hard/libc_nano.a(lib_a-sbrkr.o)
 .ARM.attributes
                0x0000000000000654       0x34 /Users/nico/gcc-arm-none-eabi-9-2019-q4-major/bin/../lib/gcc/arm-none-eabi/9.2.1/../../../../arm-none-eabi/lib/thumb/v7e-m+fp/hard/libc_nano.a(lib_a-mlock.o)
 .ARM.attributes
                0x0000000000000688       0x34 /Users/nico/gcc-arm-none-eabi-9-2019-q4-major/bin/../lib/gcc/arm-none-eabi/9.2.1/../../../../arm-none-eabi/lib/thumb/v7e-m+fp/hard/libc_nano.a(lib_a-nano-msizer.o)
 .ARM.attributes
                0x00000000000006bc       0x34 /Users/nico/gcc-arm-none-eabi-9-2019-q4-major/bin/../lib/gcc/arm-none-eabi/9.2.1/../../../../arm-none-eabi/lib/thumb/v7e-m+fp/hard/libc_nano.a(lib_a-reent.o)
 .ARM.attributes
                0x00000000000006f0       0x34 /Users/nico/gcc-arm-none-eabi-9-2019-q4-major/bin/../lib/gcc/arm-none-eabi/9.2.1/../../../../arm-none-eabi/lib/thumb/v7e-m+fp/hard/libc_nano.a(lib_a-lock.o)
 .ARM.attributes
                0x0000000000000724       0x1e /Users/nico/gcc-arm-none-eabi-9-2019-q4-major/bin/../lib/gcc/arm-none-eabi/9.2.1/thumb/v7e-m+fp/hard/libgcc.a(_aeabi_uldivmod.o)
 .ARM.attributes
                0x0000000000000742       0x34 /Users/nico/gcc-arm-none-eabi-9-2019-q4-major/bin/../lib/gcc/arm-none-eabi/9.2.1/thumb/v7e-m+fp/hard/libgcc.a(_udivmoddi4.o)
 .ARM.attributes
                0x0000000000000776       0x1e /Users/nico/gcc-arm-none-eabi-9-2019-q4-major/bin/../lib/gcc/arm-none-eabi/9.2.1/thumb/v7e-m+fp/hard/libgcc.a(_dvmd_tls.o)
 .ARM.attributes
                0x0000000000000794       0x34 /Users/nico/gcc-arm-none-eabi-9-2019-q4-major/bin/../lib/gcc/arm-none-eabi/9.2.1/../../../../arm-none-eabi/lib/thumb/v7e-m+fp/hard/libnosys.a(sbrk.o)
 .ARM.attributes
                0x00000000000007c8       0x1e /Users/nico/gcc-arm-none-eabi-9-2019-q4-major/bin/../lib/gcc/arm-none-eabi/9.2.1/thumb/v7e-m+fp/hard/crtn.o
OUTPUT(UART-crc32.elf elf32-littlearm)

.comment        0x0000000000000000       0x7b
 .comment       0x0000000000000000       0x7b ./obj/gpio.o
                                         0x7c (size before relaxing)
 .comment       0x000000000000007b       0x7c ./obj/stm32f4xx_hal_msp.o
 .comment       0x000000000000007b       0x7c ./obj/stm32f4xx_it.o
 .comment       0x000000000000007b       0x7c ./obj/system_stm32f4xx.o
 .comment       0x000000000000007b       0x7c ./obj/tim.o
 .comment       0x000000000000007b       0x7c ./obj/usart.o
 .comment       0x000000000000007b       0x7c ./obj/stm32f4xx_hal.o
 .comment       0x000000000000007b       0x7c ./obj/stm32f4xx_hal_cortex.o
 .comment       0x000000000000007b       0x7c ./obj/stm32f4xx_hal_dma.o
 .comment       0x000000000000007b       0x7c ./obj/stm32f4xx_hal_gpio.o
 .comment       0x000000000000007b       0x7c ./obj/stm32f4xx_hal_rcc.o
 .comment       0x000000000000007b       0x7c ./obj/stm32f4xx_hal_tim.o
 .comment       0x000000000000007b       0x7c ./obj/stm32f4xx_hal_tim_ex.o
 .comment       0x000000000000007b       0x7c ./obj/stm32f4xx_hal_uart.o
 .comment       0x000000000000007b       0x7c ./obj/main.o

.debug_frame    0x0000000000000000      0x4a4
 .debug_frame   0x0000000000000000       0x2c /Users/nico/gcc-arm-none-eabi-9-2019-q4-major/bin/../lib/gcc/arm-none-eabi/9.2.1/../../../../arm-none-eabi/lib/thumb/v7e-m+fp/hard/libc_nano.a(lib_a-init.o)
 .debug_frame   0x000000000000002c       0x20 /Users/nico/gcc-arm-none-eabi-9-2019-q4-major/bin/../lib/gcc/arm-none-eabi/9.2.1/../../../../arm-none-eabi/lib/thumb/v7e-m+fp/hard/libc_nano.a(lib_a-memset.o)
 .debug_frame   0x000000000000004c       0x6c /Users/nico/gcc-arm-none-eabi-9-2019-q4-major/bin/../lib/gcc/arm-none-eabi/9.2.1/../../../../arm-none-eabi/lib/thumb/v7e-m+fp/hard/libc_nano.a(lib_a-sprintf.o)
 .debug_frame   0x00000000000000b8       0x90 /Users/nico/gcc-arm-none-eabi-9-2019-q4-major/bin/../lib/gcc/arm-none-eabi/9.2.1/../../../../arm-none-eabi/lib/thumb/v7e-m+fp/hard/libc_nano.a(lib_a-nano-svfprintf.o)
 .debug_frame   0x0000000000000148       0x60 /Users/nico/gcc-arm-none-eabi-9-2019-q4-major/bin/../lib/gcc/arm-none-eabi/9.2.1/../../../../arm-none-eabi/lib/thumb/v7e-m+fp/hard/libc_nano.a(lib_a-nano-vfprintf_i.o)
 .debug_frame   0x00000000000001a8       0x28 /Users/nico/gcc-arm-none-eabi-9-2019-q4-major/bin/../lib/gcc/arm-none-eabi/9.2.1/../../../../arm-none-eabi/lib/thumb/v7e-m+fp/hard/libc_nano.a(lib_a-memcpy-stub.o)
 .debug_frame   0x00000000000001d0       0x28 /Users/nico/gcc-arm-none-eabi-9-2019-q4-major/bin/../lib/gcc/arm-none-eabi/9.2.1/../../../../arm-none-eabi/lib/thumb/v7e-m+fp/hard/libc_nano.a(lib_a-memmove.o)
 .debug_frame   0x00000000000001f8       0x38 /Users/nico/gcc-arm-none-eabi-9-2019-q4-major/bin/../lib/gcc/arm-none-eabi/9.2.1/../../../../arm-none-eabi/lib/thumb/v7e-m+fp/hard/libc_nano.a(lib_a-nano-freer.o)
 .debug_frame   0x0000000000000230       0x30 /Users/nico/gcc-arm-none-eabi-9-2019-q4-major/bin/../lib/gcc/arm-none-eabi/9.2.1/../../../../arm-none-eabi/lib/thumb/v7e-m+fp/hard/libc_nano.a(lib_a-nano-mallocr.o)
 .debug_frame   0x0000000000000260       0x3c /Users/nico/gcc-arm-none-eabi-9-2019-q4-major/bin/../lib/gcc/arm-none-eabi/9.2.1/../../../../arm-none-eabi/lib/thumb/v7e-m+fp/hard/libc_nano.a(lib_a-nano-reallocr.o)
 .debug_frame   0x000000000000029c       0x2c /Users/nico/gcc-arm-none-eabi-9-2019-q4-major/bin/../lib/gcc/arm-none-eabi/9.2.1/../../../../arm-none-eabi/lib/thumb/v7e-m+fp/hard/libc_nano.a(lib_a-sbrkr.o)
 .debug_frame   0x00000000000002c8       0x30 /Users/nico/gcc-arm-none-eabi-9-2019-q4-major/bin/../lib/gcc/arm-none-eabi/9.2.1/../../../../arm-none-eabi/lib/thumb/v7e-m+fp/hard/libc_nano.a(lib_a-mlock.o)
 .debug_frame   0x00000000000002f8       0x20 /Users/nico/gcc-arm-none-eabi-9-2019-q4-major/bin/../lib/gcc/arm-none-eabi/9.2.1/../../../../arm-none-eabi/lib/thumb/v7e-m+fp/hard/libc_nano.a(lib_a-nano-msizer.o)
 .debug_frame   0x0000000000000318       0x5c /Users/nico/gcc-arm-none-eabi-9-2019-q4-major/bin/../lib/gcc/arm-none-eabi/9.2.1/../../../../arm-none-eabi/lib/thumb/v7e-m+fp/hard/libc_nano.a(lib_a-reent.o)
 .debug_frame   0x0000000000000374       0xb0 /Users/nico/gcc-arm-none-eabi-9-2019-q4-major/bin/../lib/gcc/arm-none-eabi/9.2.1/../../../../arm-none-eabi/lib/thumb/v7e-m+fp/hard/libc_nano.a(lib_a-lock.o)
 .debug_frame   0x0000000000000424       0x2c /Users/nico/gcc-arm-none-eabi-9-2019-q4-major/bin/../lib/gcc/arm-none-eabi/9.2.1/thumb/v7e-m+fp/hard/libgcc.a(_aeabi_uldivmod.o)
 .debug_frame   0x0000000000000450       0x34 /Users/nico/gcc-arm-none-eabi-9-2019-q4-major/bin/../lib/gcc/arm-none-eabi/9.2.1/thumb/v7e-m+fp/hard/libgcc.a(_udivmoddi4.o)
 .debug_frame   0x0000000000000484       0x20 /Users/nico/gcc-arm-none-eabi-9-2019-q4-major/bin/../lib/gcc/arm-none-eabi/9.2.1/../../../../arm-none-eabi/lib/thumb/v7e-m+fp/hard/libnosys.a(sbrk.o)
