Archive member included to satisfy reference by file (symbol)

/Users/nico/gcc-arm-none-eabi-9-2019-q4-major/bin/../lib/gcc/arm-none-eabi/9.2.1/../../../../arm-none-eabi/lib/thumb/v7e-m+fp/hard/libc_nano.a(lib_a-exit.o)
                              /Users/nico/gcc-arm-none-eabi-9-2019-q4-major/bin/../lib/gcc/arm-none-eabi/9.2.1/../../../../arm-none-eabi/lib/thumb/v7e-m+fp/hard/crt0.o (exit)
/Users/nico/gcc-arm-none-eabi-9-2019-q4-major/bin/../lib/gcc/arm-none-eabi/9.2.1/../../../../arm-none-eabi/lib/thumb/v7e-m+fp/hard/libc_nano.a(lib_a-impure.o)
                              /Users/nico/gcc-arm-none-eabi-9-2019-q4-major/bin/../lib/gcc/arm-none-eabi/9.2.1/../../../../arm-none-eabi/lib/thumb/v7e-m+fp/hard/libc_nano.a(lib_a-exit.o) (_global_impure_ptr)
/Users/nico/gcc-arm-none-eabi-9-2019-q4-major/bin/../lib/gcc/arm-none-eabi/9.2.1/../../../../arm-none-eabi/lib/thumb/v7e-m+fp/hard/libc_nano.a(lib_a-init.o)
                              /Users/nico/gcc-arm-none-eabi-9-2019-q4-major/bin/../lib/gcc/arm-none-eabi/9.2.1/../../../../arm-none-eabi/lib/thumb/v7e-m+fp/hard/crt0.o (__libc_init_array)
/Users/nico/gcc-arm-none-eabi-9-2019-q4-major/bin/../lib/gcc/arm-none-eabi/9.2.1/../../../../arm-none-eabi/lib/thumb/v7e-m+fp/hard/libc_nano.a(lib_a-memcpy-stub.o)
                              ./obj/sha.o (memcpy)
/Users/nico/gcc-arm-none-eabi-9-2019-q4-major/bin/../lib/gcc/arm-none-eabi/9.2.1/../../../../arm-none-eabi/lib/thumb/v7e-m+fp/hard/libc_nano.a(lib_a-memset.o)
                              /Users/nico/gcc-arm-none-eabi-9-2019-q4-major/bin/../lib/gcc/arm-none-eabi/9.2.1/../../../../arm-none-eabi/lib/thumb/v7e-m+fp/hard/crt0.o (memset)
/Users/nico/gcc-arm-none-eabi-9-2019-q4-major/bin/../lib/gcc/arm-none-eabi/9.2.1/../../../../arm-none-eabi/lib/thumb/v7e-m+fp/hard/libc_nano.a(lib_a-sprintf.o)
                              ./obj/main.o (sprintf)
/Users/nico/gcc-arm-none-eabi-9-2019-q4-major/bin/../lib/gcc/arm-none-eabi/9.2.1/../../../../arm-none-eabi/lib/thumb/v7e-m+fp/hard/libc_nano.a(lib_a-nano-svfprintf.o)
                              /Users/nico/gcc-arm-none-eabi-9-2019-q4-major/bin/../lib/gcc/arm-none-eabi/9.2.1/../../../../arm-none-eabi/lib/thumb/v7e-m+fp/hard/libc_nano.a(lib_a-sprintf.o) (_svfprintf_r)
/Users/nico/gcc-arm-none-eabi-9-2019-q4-major/bin/../lib/gcc/arm-none-eabi/9.2.1/../../../../arm-none-eabi/lib/thumb/v7e-m+fp/hard/libc_nano.a(lib_a-nano-vfprintf_i.o)
                              /Users/nico/gcc-arm-none-eabi-9-2019-q4-major/bin/../lib/gcc/arm-none-eabi/9.2.1/../../../../arm-none-eabi/lib/thumb/v7e-m+fp/hard/libc_nano.a(lib_a-nano-svfprintf.o) (_printf_i)
/Users/nico/gcc-arm-none-eabi-9-2019-q4-major/bin/../lib/gcc/arm-none-eabi/9.2.1/../../../../arm-none-eabi/lib/thumb/v7e-m+fp/hard/libc_nano.a(lib_a-memchr.o)
                              /Users/nico/gcc-arm-none-eabi-9-2019-q4-major/bin/../lib/gcc/arm-none-eabi/9.2.1/../../../../arm-none-eabi/lib/thumb/v7e-m+fp/hard/libc_nano.a(lib_a-nano-svfprintf.o) (memchr)
/Users/nico/gcc-arm-none-eabi-9-2019-q4-major/bin/../lib/gcc/arm-none-eabi/9.2.1/../../../../arm-none-eabi/lib/thumb/v7e-m+fp/hard/libc_nano.a(lib_a-memmove.o)
                              /Users/nico/gcc-arm-none-eabi-9-2019-q4-major/bin/../lib/gcc/arm-none-eabi/9.2.1/../../../../arm-none-eabi/lib/thumb/v7e-m+fp/hard/libc_nano.a(lib_a-nano-svfprintf.o) (memmove)
/Users/nico/gcc-arm-none-eabi-9-2019-q4-major/bin/../lib/gcc/arm-none-eabi/9.2.1/../../../../arm-none-eabi/lib/thumb/v7e-m+fp/hard/libc_nano.a(lib_a-nano-freer.o)
                              /Users/nico/gcc-arm-none-eabi-9-2019-q4-major/bin/../lib/gcc/arm-none-eabi/9.2.1/../../../../arm-none-eabi/lib/thumb/v7e-m+fp/hard/libc_nano.a(lib_a-nano-svfprintf.o) (_free_r)
/Users/nico/gcc-arm-none-eabi-9-2019-q4-major/bin/../lib/gcc/arm-none-eabi/9.2.1/../../../../arm-none-eabi/lib/thumb/v7e-m+fp/hard/libc_nano.a(lib_a-nano-mallocr.o)
                              /Users/nico/gcc-arm-none-eabi-9-2019-q4-major/bin/../lib/gcc/arm-none-eabi/9.2.1/../../../../arm-none-eabi/lib/thumb/v7e-m+fp/hard/libc_nano.a(lib_a-nano-svfprintf.o) (_malloc_r)
/Users/nico/gcc-arm-none-eabi-9-2019-q4-major/bin/../lib/gcc/arm-none-eabi/9.2.1/../../../../arm-none-eabi/lib/thumb/v7e-m+fp/hard/libc_nano.a(lib_a-nano-reallocr.o)
                              /Users/nico/gcc-arm-none-eabi-9-2019-q4-major/bin/../lib/gcc/arm-none-eabi/9.2.1/../../../../arm-none-eabi/lib/thumb/v7e-m+fp/hard/libc_nano.a(lib_a-nano-svfprintf.o) (_realloc_r)
/Users/nico/gcc-arm-none-eabi-9-2019-q4-major/bin/../lib/gcc/arm-none-eabi/9.2.1/../../../../arm-none-eabi/lib/thumb/v7e-m+fp/hard/libc_nano.a(lib_a-sbrkr.o)
                              /Users/nico/gcc-arm-none-eabi-9-2019-q4-major/bin/../lib/gcc/arm-none-eabi/9.2.1/../../../../arm-none-eabi/lib/thumb/v7e-m+fp/hard/libc_nano.a(lib_a-nano-mallocr.o) (_sbrk_r)
/Users/nico/gcc-arm-none-eabi-9-2019-q4-major/bin/../lib/gcc/arm-none-eabi/9.2.1/../../../../arm-none-eabi/lib/thumb/v7e-m+fp/hard/libc_nano.a(lib_a-mlock.o)
                              /Users/nico/gcc-arm-none-eabi-9-2019-q4-major/bin/../lib/gcc/arm-none-eabi/9.2.1/../../../../arm-none-eabi/lib/thumb/v7e-m+fp/hard/libc_nano.a(lib_a-nano-freer.o) (__malloc_lock)
/Users/nico/gcc-arm-none-eabi-9-2019-q4-major/bin/../lib/gcc/arm-none-eabi/9.2.1/../../../../arm-none-eabi/lib/thumb/v7e-m+fp/hard/libc_nano.a(lib_a-nano-msizer.o)
                              /Users/nico/gcc-arm-none-eabi-9-2019-q4-major/bin/../lib/gcc/arm-none-eabi/9.2.1/../../../../arm-none-eabi/lib/thumb/v7e-m+fp/hard/libc_nano.a(lib_a-nano-reallocr.o) (_malloc_usable_size_r)
/Users/nico/gcc-arm-none-eabi-9-2019-q4-major/bin/../lib/gcc/arm-none-eabi/9.2.1/../../../../arm-none-eabi/lib/thumb/v7e-m+fp/hard/libc_nano.a(lib_a-reent.o)
                              /Users/nico/gcc-arm-none-eabi-9-2019-q4-major/bin/../lib/gcc/arm-none-eabi/9.2.1/../../../../arm-none-eabi/lib/thumb/v7e-m+fp/hard/libc_nano.a(lib_a-sbrkr.o) (errno)
/Users/nico/gcc-arm-none-eabi-9-2019-q4-major/bin/../lib/gcc/arm-none-eabi/9.2.1/../../../../arm-none-eabi/lib/thumb/v7e-m+fp/hard/libc_nano.a(lib_a-lock.o)
                              /Users/nico/gcc-arm-none-eabi-9-2019-q4-major/bin/../lib/gcc/arm-none-eabi/9.2.1/../../../../arm-none-eabi/lib/thumb/v7e-m+fp/hard/libc_nano.a(lib_a-mlock.o) (__retarget_lock_acquire_recursive)
/Users/nico/gcc-arm-none-eabi-9-2019-q4-major/bin/../lib/gcc/arm-none-eabi/9.2.1/thumb/v7e-m+fp/hard/libgcc.a(_aeabi_uldivmod.o)
                              ./obj/stm32f4xx_hal_rcc.o (__aeabi_uldivmod)
/Users/nico/gcc-arm-none-eabi-9-2019-q4-major/bin/../lib/gcc/arm-none-eabi/9.2.1/thumb/v7e-m+fp/hard/libgcc.a(_udivmoddi4.o)
                              /Users/nico/gcc-arm-none-eabi-9-2019-q4-major/bin/../lib/gcc/arm-none-eabi/9.2.1/thumb/v7e-m+fp/hard/libgcc.a(_aeabi_uldivmod.o) (__udivmoddi4)
/Users/nico/gcc-arm-none-eabi-9-2019-q4-major/bin/../lib/gcc/arm-none-eabi/9.2.1/thumb/v7e-m+fp/hard/libgcc.a(_dvmd_tls.o)
                              /Users/nico/gcc-arm-none-eabi-9-2019-q4-major/bin/../lib/gcc/arm-none-eabi/9.2.1/thumb/v7e-m+fp/hard/libgcc.a(_aeabi_uldivmod.o) (__aeabi_ldiv0)
/Users/nico/gcc-arm-none-eabi-9-2019-q4-major/bin/../lib/gcc/arm-none-eabi/9.2.1/../../../../arm-none-eabi/lib/thumb/v7e-m+fp/hard/libnosys.a(sbrk.o)
                              /Users/nico/gcc-arm-none-eabi-9-2019-q4-major/bin/../lib/gcc/arm-none-eabi/9.2.1/../../../../arm-none-eabi/lib/thumb/v7e-m+fp/hard/libc_nano.a(lib_a-sbrkr.o) (_sbrk)
/Users/nico/gcc-arm-none-eabi-9-2019-q4-major/bin/../lib/gcc/arm-none-eabi/9.2.1/../../../../arm-none-eabi/lib/thumb/v7e-m+fp/hard/libnosys.a(_exit.o)
                              /Users/nico/gcc-arm-none-eabi-9-2019-q4-major/bin/../lib/gcc/arm-none-eabi/9.2.1/../../../../arm-none-eabi/lib/thumb/v7e-m+fp/hard/libc_nano.a(lib_a-exit.o) (_exit)

Allocating common symbols
Common symbol       size              file

__lock___atexit_recursive_mutex
                    0x1               /Users/nico/gcc-arm-none-eabi-9-2019-q4-major/bin/../lib/gcc/arm-none-eabi/9.2.1/../../../../arm-none-eabi/lib/thumb/v7e-m+fp/hard/libc_nano.a(lib_a-lock.o)
__lock___arc4random_mutex
                    0x1               /Users/nico/gcc-arm-none-eabi-9-2019-q4-major/bin/../lib/gcc/arm-none-eabi/9.2.1/../../../../arm-none-eabi/lib/thumb/v7e-m+fp/hard/libc_nano.a(lib_a-lock.o)
cmd_end             0x1               ./obj/main.o
errno               0x4               /Users/nico/gcc-arm-none-eabi-9-2019-q4-major/bin/../lib/gcc/arm-none-eabi/9.2.1/../../../../arm-none-eabi/lib/thumb/v7e-m+fp/hard/libc_nano.a(lib_a-reent.o)
out                 0x80              ./obj/command.o
string              0x7c              ./obj/main.o
command             0x4               ./obj/main.o
uwTick              0x4               ./obj/stm32f4xx_hal.o
pFlash              0x20              ./obj/stm32f4xx_hal_flash.o
__lock___env_recursive_mutex
                    0x1               /Users/nico/gcc-arm-none-eabi-9-2019-q4-major/bin/../lib/gcc/arm-none-eabi/9.2.1/../../../../arm-none-eabi/lib/thumb/v7e-m+fp/hard/libc_nano.a(lib_a-lock.o)
__lock___sinit_recursive_mutex
                    0x1               /Users/nico/gcc-arm-none-eabi-9-2019-q4-major/bin/../lib/gcc/arm-none-eabi/9.2.1/../../../../arm-none-eabi/lib/thumb/v7e-m+fp/hard/libc_nano.a(lib_a-lock.o)
htim5               0x40              ./obj/tim.o
__lock___malloc_recursive_mutex
                    0x1               /Users/nico/gcc-arm-none-eabi-9-2019-q4-major/bin/../lib/gcc/arm-none-eabi/9.2.1/../../../../arm-none-eabi/lib/thumb/v7e-m+fp/hard/libc_nano.a(lib_a-lock.o)
output_buffer       0x80              ./obj/main.o
input_buffer        0x5               ./obj/main.o
huart1              0x40              ./obj/usart.o
count               0x1               ./obj/main.o
__lock___at_quick_exit_mutex
                    0x1               /Users/nico/gcc-arm-none-eabi-9-2019-q4-major/bin/../lib/gcc/arm-none-eabi/9.2.1/../../../../arm-none-eabi/lib/thumb/v7e-m+fp/hard/libc_nano.a(lib_a-lock.o)
__lock___dd_hash_mutex
                    0x1               /Users/nico/gcc-arm-none-eabi-9-2019-q4-major/bin/../lib/gcc/arm-none-eabi/9.2.1/../../../../arm-none-eabi/lib/thumb/v7e-m+fp/hard/libc_nano.a(lib_a-lock.o)
__lock___tz_mutex   0x1               /Users/nico/gcc-arm-none-eabi-9-2019-q4-major/bin/../lib/gcc/arm-none-eabi/9.2.1/../../../../arm-none-eabi/lib/thumb/v7e-m+fp/hard/libc_nano.a(lib_a-lock.o)
__lock___sfp_recursive_mutex
                    0x1               /Users/nico/gcc-arm-none-eabi-9-2019-q4-major/bin/../lib/gcc/arm-none-eabi/9.2.1/../../../../arm-none-eabi/lib/thumb/v7e-m+fp/hard/libc_nano.a(lib_a-lock.o)

Discarded input sections

 .text          0x0000000000000000        0x0 /Users/nico/gcc-arm-none-eabi-9-2019-q4-major/bin/../lib/gcc/arm-none-eabi/9.2.1/thumb/v7e-m+fp/hard/crti.o
 .data          0x0000000000000000        0x0 /Users/nico/gcc-arm-none-eabi-9-2019-q4-major/bin/../lib/gcc/arm-none-eabi/9.2.1/thumb/v7e-m+fp/hard/crti.o
 .bss           0x0000000000000000        0x0 /Users/nico/gcc-arm-none-eabi-9-2019-q4-major/bin/../lib/gcc/arm-none-eabi/9.2.1/thumb/v7e-m+fp/hard/crti.o
 .data          0x0000000000000000        0x4 /Users/nico/gcc-arm-none-eabi-9-2019-q4-major/bin/../lib/gcc/arm-none-eabi/9.2.1/thumb/v7e-m+fp/hard/crtbegin.o
 .text          0x0000000000000000       0x74 /Users/nico/gcc-arm-none-eabi-9-2019-q4-major/bin/../lib/gcc/arm-none-eabi/9.2.1/../../../../arm-none-eabi/lib/thumb/v7e-m+fp/hard/crt0.o
 .data          0x0000000000000000        0x0 /Users/nico/gcc-arm-none-eabi-9-2019-q4-major/bin/../lib/gcc/arm-none-eabi/9.2.1/../../../../arm-none-eabi/lib/thumb/v7e-m+fp/hard/crt0.o
 .bss           0x0000000000000000        0x0 /Users/nico/gcc-arm-none-eabi-9-2019-q4-major/bin/../lib/gcc/arm-none-eabi/9.2.1/../../../../arm-none-eabi/lib/thumb/v7e-m+fp/hard/crt0.o
 .ARM.extab     0x0000000000000000        0x0 /Users/nico/gcc-arm-none-eabi-9-2019-q4-major/bin/../lib/gcc/arm-none-eabi/9.2.1/../../../../arm-none-eabi/lib/thumb/v7e-m+fp/hard/crt0.o
 .ARM.exidx     0x0000000000000000        0x8 /Users/nico/gcc-arm-none-eabi-9-2019-q4-major/bin/../lib/gcc/arm-none-eabi/9.2.1/../../../../arm-none-eabi/lib/thumb/v7e-m+fp/hard/crt0.o
 .ARM.attributes
                0x0000000000000000       0x1c /Users/nico/gcc-arm-none-eabi-9-2019-q4-major/bin/../lib/gcc/arm-none-eabi/9.2.1/../../../../arm-none-eabi/lib/thumb/v7e-m+fp/hard/crt0.o
 .text          0x0000000000000000      0x208 ./obj/command.o
 .data          0x0000000000000000        0x0 ./obj/command.o
 .bss           0x0000000000000000        0x0 ./obj/command.o
 .rodata        0x0000000000000000       0xa9 ./obj/command.o
 .comment       0x0000000000000000       0x7c ./obj/command.o
 .ARM.attributes
                0x0000000000000000       0x39 ./obj/command.o
 COMMON         0x0000000000000000       0x80 ./obj/command.o
 .data          0x0000000000000000        0x0 ./obj/gpio.o
 .bss           0x0000000000000000        0x0 ./obj/gpio.o
 .data          0x0000000000000000        0x0 ./obj/sha.o
 .bss           0x0000000000000000        0x0 ./obj/sha.o
 .data          0x0000000000000000        0x0 ./obj/stm32f4xx_hal_msp.o
 .bss           0x0000000000000000        0x0 ./obj/stm32f4xx_hal_msp.o
 .data          0x0000000000000000        0x0 ./obj/stm32f4xx_it.o
 .bss           0x0000000000000000        0x0 ./obj/stm32f4xx_it.o
 .data          0x0000000000000000        0x0 ./obj/system_stm32f4xx.o
 .bss           0x0000000000000000        0x0 ./obj/system_stm32f4xx.o
 .data          0x0000000000000000        0x0 ./obj/tim.o
 .bss           0x0000000000000000        0x0 ./obj/tim.o
 .data          0x0000000000000000        0x0 ./obj/usart.o
 .bss           0x0000000000000000        0x0 ./obj/usart.o
 .data          0x0000000000000000        0x0 ./obj/stm32f4xx_hal.o
 .bss           0x0000000000000000        0x0 ./obj/stm32f4xx_hal.o
 .data          0x0000000000000000        0x0 ./obj/stm32f4xx_hal_cortex.o
 .bss           0x0000000000000000        0x0 ./obj/stm32f4xx_hal_cortex.o
 .data          0x0000000000000000        0x0 ./obj/stm32f4xx_hal_dma.o
 .bss           0x0000000000000000        0x0 ./obj/stm32f4xx_hal_dma.o
 .text          0x0000000000000000     0x13a8 ./obj/stm32f4xx_hal_dma_ex.o
 .data          0x0000000000000000        0x0 ./obj/stm32f4xx_hal_dma_ex.o
 .bss           0x0000000000000000        0x0 ./obj/stm32f4xx_hal_dma_ex.o
 .comment       0x0000000000000000       0x7c ./obj/stm32f4xx_hal_dma_ex.o
 .ARM.attributes
                0x0000000000000000       0x39 ./obj/stm32f4xx_hal_dma_ex.o
 .text          0x0000000000000000      0x314 ./obj/stm32f4xx_hal_exti.o
 .data          0x0000000000000000        0x0 ./obj/stm32f4xx_hal_exti.o
 .bss           0x0000000000000000        0x0 ./obj/stm32f4xx_hal_exti.o
 .comment       0x0000000000000000       0x7c ./obj/stm32f4xx_hal_exti.o
 .ARM.attributes
                0x0000000000000000       0x39 ./obj/stm32f4xx_hal_exti.o
 .text          0x0000000000000000      0x624 ./obj/stm32f4xx_hal_flash.o
 .data          0x0000000000000000        0x0 ./obj/stm32f4xx_hal_flash.o
 .bss           0x0000000000000000        0x0 ./obj/stm32f4xx_hal_flash.o
 .comment       0x0000000000000000       0x7c ./obj/stm32f4xx_hal_flash.o
 .ARM.attributes
                0x0000000000000000       0x39 ./obj/stm32f4xx_hal_flash.o
 COMMON         0x0000000000000000       0x20 ./obj/stm32f4xx_hal_flash.o
 .text          0x0000000000000000      0xa10 ./obj/stm32f4xx_hal_flash_ex.o
 .data          0x0000000000000000        0x0 ./obj/stm32f4xx_hal_flash_ex.o
 .bss           0x0000000000000000        0x0 ./obj/stm32f4xx_hal_flash_ex.o
 .comment       0x0000000000000000       0x7c ./obj/stm32f4xx_hal_flash_ex.o
 .ARM.attributes
                0x0000000000000000       0x39 ./obj/stm32f4xx_hal_flash_ex.o
 .text          0x0000000000000000        0x0 ./obj/stm32f4xx_hal_flash_ramfunc.o
 .data          0x0000000000000000        0x0 ./obj/stm32f4xx_hal_flash_ramfunc.o
 .bss           0x0000000000000000        0x0 ./obj/stm32f4xx_hal_flash_ramfunc.o
 .comment       0x0000000000000000       0x7c ./obj/stm32f4xx_hal_flash_ramfunc.o
 .ARM.attributes
                0x0000000000000000       0x39 ./obj/stm32f4xx_hal_flash_ramfunc.o
 .data          0x0000000000000000        0x0 ./obj/stm32f4xx_hal_gpio.o
 .bss           0x0000000000000000        0x0 ./obj/stm32f4xx_hal_gpio.o
 .text          0x0000000000000000      0x308 ./obj/stm32f4xx_hal_pwr.o
 .data          0x0000000000000000        0x0 ./obj/stm32f4xx_hal_pwr.o
 .bss           0x0000000000000000        0x0 ./obj/stm32f4xx_hal_pwr.o
 .comment       0x0000000000000000       0x7c ./obj/stm32f4xx_hal_pwr.o
 .ARM.attributes
                0x0000000000000000       0x39 ./obj/stm32f4xx_hal_pwr.o
 .text          0x0000000000000000      0x3bc ./obj/stm32f4xx_hal_pwr_ex.o
 .data          0x0000000000000000        0x0 ./obj/stm32f4xx_hal_pwr_ex.o
 .bss           0x0000000000000000        0x0 ./obj/stm32f4xx_hal_pwr_ex.o
 .comment       0x0000000000000000       0x7c ./obj/stm32f4xx_hal_pwr_ex.o
 .ARM.attributes
                0x0000000000000000       0x39 ./obj/stm32f4xx_hal_pwr_ex.o
 .data          0x0000000000000000        0x0 ./obj/stm32f4xx_hal_rcc.o
 .bss           0x0000000000000000        0x0 ./obj/stm32f4xx_hal_rcc.o
 .text          0x0000000000000000      0x87c ./obj/stm32f4xx_hal_rcc_ex.o
 .data          0x0000000000000000        0x0 ./obj/stm32f4xx_hal_rcc_ex.o
 .bss           0x0000000000000000        0x0 ./obj/stm32f4xx_hal_rcc_ex.o
 .comment       0x0000000000000000       0x7c ./obj/stm32f4xx_hal_rcc_ex.o
 .ARM.attributes
                0x0000000000000000       0x39 ./obj/stm32f4xx_hal_rcc_ex.o
 .data          0x0000000000000000        0x0 ./obj/stm32f4xx_hal_tim.o
 .bss           0x0000000000000000        0x0 ./obj/stm32f4xx_hal_tim.o
 .data          0x0000000000000000        0x0 ./obj/stm32f4xx_hal_tim_ex.o
 .bss           0x0000000000000000        0x0 ./obj/stm32f4xx_hal_tim_ex.o
 .data          0x0000000000000000        0x0 ./obj/stm32f4xx_hal_uart.o
 .bss           0x0000000000000000        0x0 ./obj/stm32f4xx_hal_uart.o
 .data          0x0000000000000000        0x0 ./obj/main.o
 .bss           0x0000000000000000        0x0 ./obj/main.o
 COMMON         0x0000000000000000      0x10a ./obj/main.o
 .text          0x0000000000000000       0x14 ./obj/startup_stm32f429nihx.o
 .data          0x0000000000000000        0x0 ./obj/startup_stm32f429nihx.o
 .bss           0x0000000000000000        0x0 ./obj/startup_stm32f429nihx.o
 .text          0x0000000000000000        0x0 /Users/nico/gcc-arm-none-eabi-9-2019-q4-major/bin/../lib/gcc/arm-none-eabi/9.2.1/../../../../arm-none-eabi/lib/thumb/v7e-m+fp/hard/libc_nano.a(lib_a-exit.o)
 .data          0x0000000000000000        0x0 /Users/nico/gcc-arm-none-eabi-9-2019-q4-major/bin/../lib/gcc/arm-none-eabi/9.2.1/../../../../arm-none-eabi/lib/thumb/v7e-m+fp/hard/libc_nano.a(lib_a-exit.o)
 .bss           0x0000000000000000        0x0 /Users/nico/gcc-arm-none-eabi-9-2019-q4-major/bin/../lib/gcc/arm-none-eabi/9.2.1/../../../../arm-none-eabi/lib/thumb/v7e-m+fp/hard/libc_nano.a(lib_a-exit.o)
 .text.exit     0x0000000000000000       0x28 /Users/nico/gcc-arm-none-eabi-9-2019-q4-major/bin/../lib/gcc/arm-none-eabi/9.2.1/../../../../arm-none-eabi/lib/thumb/v7e-m+fp/hard/libc_nano.a(lib_a-exit.o)
 .debug_frame   0x0000000000000000       0x28 /Users/nico/gcc-arm-none-eabi-9-2019-q4-major/bin/../lib/gcc/arm-none-eabi/9.2.1/../../../../arm-none-eabi/lib/thumb/v7e-m+fp/hard/libc_nano.a(lib_a-exit.o)
 .ARM.attributes
                0x0000000000000000       0x34 /Users/nico/gcc-arm-none-eabi-9-2019-q4-major/bin/../lib/gcc/arm-none-eabi/9.2.1/../../../../arm-none-eabi/lib/thumb/v7e-m+fp/hard/libc_nano.a(lib_a-exit.o)
 .text          0x0000000000000000        0x0 /Users/nico/gcc-arm-none-eabi-9-2019-q4-major/bin/../lib/gcc/arm-none-eabi/9.2.1/../../../../arm-none-eabi/lib/thumb/v7e-m+fp/hard/libc_nano.a(lib_a-impure.o)
 .data          0x0000000000000000        0x0 /Users/nico/gcc-arm-none-eabi-9-2019-q4-major/bin/../lib/gcc/arm-none-eabi/9.2.1/../../../../arm-none-eabi/lib/thumb/v7e-m+fp/hard/libc_nano.a(lib_a-impure.o)
 .bss           0x0000000000000000        0x0 /Users/nico/gcc-arm-none-eabi-9-2019-q4-major/bin/../lib/gcc/arm-none-eabi/9.2.1/../../../../arm-none-eabi/lib/thumb/v7e-m+fp/hard/libc_nano.a(lib_a-impure.o)
 .rodata._global_impure_ptr
                0x0000000000000000        0x4 /Users/nico/gcc-arm-none-eabi-9-2019-q4-major/bin/../lib/gcc/arm-none-eabi/9.2.1/../../../../arm-none-eabi/lib/thumb/v7e-m+fp/hard/libc_nano.a(lib_a-impure.o)
 .text          0x0000000000000000        0x0 /Users/nico/gcc-arm-none-eabi-9-2019-q4-major/bin/../lib/gcc/arm-none-eabi/9.2.1/../../../../arm-none-eabi/lib/thumb/v7e-m+fp/hard/libc_nano.a(lib_a-init.o)
 .data          0x0000000000000000        0x0 /Users/nico/gcc-arm-none-eabi-9-2019-q4-major/bin/../lib/gcc/arm-none-eabi/9.2.1/../../../../arm-none-eabi/lib/thumb/v7e-m+fp/hard/libc_nano.a(lib_a-init.o)
 .bss           0x0000000000000000        0x0 /Users/nico/gcc-arm-none-eabi-9-2019-q4-major/bin/../lib/gcc/arm-none-eabi/9.2.1/../../../../arm-none-eabi/lib/thumb/v7e-m+fp/hard/libc_nano.a(lib_a-init.o)
 .text          0x0000000000000000        0x0 /Users/nico/gcc-arm-none-eabi-9-2019-q4-major/bin/../lib/gcc/arm-none-eabi/9.2.1/../../../../arm-none-eabi/lib/thumb/v7e-m+fp/hard/libc_nano.a(lib_a-memcpy-stub.o)
 .data          0x0000000000000000        0x0 /Users/nico/gcc-arm-none-eabi-9-2019-q4-major/bin/../lib/gcc/arm-none-eabi/9.2.1/../../../../arm-none-eabi/lib/thumb/v7e-m+fp/hard/libc_nano.a(lib_a-memcpy-stub.o)
 .bss           0x0000000000000000        0x0 /Users/nico/gcc-arm-none-eabi-9-2019-q4-major/bin/../lib/gcc/arm-none-eabi/9.2.1/../../../../arm-none-eabi/lib/thumb/v7e-m+fp/hard/libc_nano.a(lib_a-memcpy-stub.o)
 .text          0x0000000000000000        0x0 /Users/nico/gcc-arm-none-eabi-9-2019-q4-major/bin/../lib/gcc/arm-none-eabi/9.2.1/../../../../arm-none-eabi/lib/thumb/v7e-m+fp/hard/libc_nano.a(lib_a-memset.o)
 .data          0x0000000000000000        0x0 /Users/nico/gcc-arm-none-eabi-9-2019-q4-major/bin/../lib/gcc/arm-none-eabi/9.2.1/../../../../arm-none-eabi/lib/thumb/v7e-m+fp/hard/libc_nano.a(lib_a-memset.o)
 .bss           0x0000000000000000        0x0 /Users/nico/gcc-arm-none-eabi-9-2019-q4-major/bin/../lib/gcc/arm-none-eabi/9.2.1/../../../../arm-none-eabi/lib/thumb/v7e-m+fp/hard/libc_nano.a(lib_a-memset.o)
 .text          0x0000000000000000        0x0 /Users/nico/gcc-arm-none-eabi-9-2019-q4-major/bin/../lib/gcc/arm-none-eabi/9.2.1/../../../../arm-none-eabi/lib/thumb/v7e-m+fp/hard/libc_nano.a(lib_a-sprintf.o)
 .data          0x0000000000000000        0x0 /Users/nico/gcc-arm-none-eabi-9-2019-q4-major/bin/../lib/gcc/arm-none-eabi/9.2.1/../../../../arm-none-eabi/lib/thumb/v7e-m+fp/hard/libc_nano.a(lib_a-sprintf.o)
 .bss           0x0000000000000000        0x0 /Users/nico/gcc-arm-none-eabi-9-2019-q4-major/bin/../lib/gcc/arm-none-eabi/9.2.1/../../../../arm-none-eabi/lib/thumb/v7e-m+fp/hard/libc_nano.a(lib_a-sprintf.o)
 .text._sprintf_r
                0x0000000000000000       0x38 /Users/nico/gcc-arm-none-eabi-9-2019-q4-major/bin/../lib/gcc/arm-none-eabi/9.2.1/../../../../arm-none-eabi/lib/thumb/v7e-m+fp/hard/libc_nano.a(lib_a-sprintf.o)
 .text          0x0000000000000000        0x0 /Users/nico/gcc-arm-none-eabi-9-2019-q4-major/bin/../lib/gcc/arm-none-eabi/9.2.1/../../../../arm-none-eabi/lib/thumb/v7e-m+fp/hard/libc_nano.a(lib_a-nano-svfprintf.o)
 .data          0x0000000000000000        0x0 /Users/nico/gcc-arm-none-eabi-9-2019-q4-major/bin/../lib/gcc/arm-none-eabi/9.2.1/../../../../arm-none-eabi/lib/thumb/v7e-m+fp/hard/libc_nano.a(lib_a-nano-svfprintf.o)
 .bss           0x0000000000000000        0x0 /Users/nico/gcc-arm-none-eabi-9-2019-q4-major/bin/../lib/gcc/arm-none-eabi/9.2.1/../../../../arm-none-eabi/lib/thumb/v7e-m+fp/hard/libc_nano.a(lib_a-nano-svfprintf.o)
 .text.__ssprint_r
                0x0000000000000000       0xf6 /Users/nico/gcc-arm-none-eabi-9-2019-q4-major/bin/../lib/gcc/arm-none-eabi/9.2.1/../../../../arm-none-eabi/lib/thumb/v7e-m+fp/hard/libc_nano.a(lib_a-nano-svfprintf.o)
 .text          0x0000000000000000        0x0 /Users/nico/gcc-arm-none-eabi-9-2019-q4-major/bin/../lib/gcc/arm-none-eabi/9.2.1/../../../../arm-none-eabi/lib/thumb/v7e-m+fp/hard/libc_nano.a(lib_a-nano-vfprintf_i.o)
 .data          0x0000000000000000        0x0 /Users/nico/gcc-arm-none-eabi-9-2019-q4-major/bin/../lib/gcc/arm-none-eabi/9.2.1/../../../../arm-none-eabi/lib/thumb/v7e-m+fp/hard/libc_nano.a(lib_a-nano-vfprintf_i.o)
 .bss           0x0000000000000000        0x0 /Users/nico/gcc-arm-none-eabi-9-2019-q4-major/bin/../lib/gcc/arm-none-eabi/9.2.1/../../../../arm-none-eabi/lib/thumb/v7e-m+fp/hard/libc_nano.a(lib_a-nano-vfprintf_i.o)
 .data          0x0000000000000000        0x0 /Users/nico/gcc-arm-none-eabi-9-2019-q4-major/bin/../lib/gcc/arm-none-eabi/9.2.1/../../../../arm-none-eabi/lib/thumb/v7e-m+fp/hard/libc_nano.a(lib_a-memchr.o)
 .bss           0x0000000000000000        0x0 /Users/nico/gcc-arm-none-eabi-9-2019-q4-major/bin/../lib/gcc/arm-none-eabi/9.2.1/../../../../arm-none-eabi/lib/thumb/v7e-m+fp/hard/libc_nano.a(lib_a-memchr.o)
 .text          0x0000000000000000        0x0 /Users/nico/gcc-arm-none-eabi-9-2019-q4-major/bin/../lib/gcc/arm-none-eabi/9.2.1/../../../../arm-none-eabi/lib/thumb/v7e-m+fp/hard/libc_nano.a(lib_a-memmove.o)
 .data          0x0000000000000000        0x0 /Users/nico/gcc-arm-none-eabi-9-2019-q4-major/bin/../lib/gcc/arm-none-eabi/9.2.1/../../../../arm-none-eabi/lib/thumb/v7e-m+fp/hard/libc_nano.a(lib_a-memmove.o)
 .bss           0x0000000000000000        0x0 /Users/nico/gcc-arm-none-eabi-9-2019-q4-major/bin/../lib/gcc/arm-none-eabi/9.2.1/../../../../arm-none-eabi/lib/thumb/v7e-m+fp/hard/libc_nano.a(lib_a-memmove.o)
 .text          0x0000000000000000        0x0 /Users/nico/gcc-arm-none-eabi-9-2019-q4-major/bin/../lib/gcc/arm-none-eabi/9.2.1/../../../../arm-none-eabi/lib/thumb/v7e-m+fp/hard/libc_nano.a(lib_a-nano-freer.o)
 .data          0x0000000000000000        0x0 /Users/nico/gcc-arm-none-eabi-9-2019-q4-major/bin/../lib/gcc/arm-none-eabi/9.2.1/../../../../arm-none-eabi/lib/thumb/v7e-m+fp/hard/libc_nano.a(lib_a-nano-freer.o)
 .bss           0x0000000000000000        0x0 /Users/nico/gcc-arm-none-eabi-9-2019-q4-major/bin/../lib/gcc/arm-none-eabi/9.2.1/../../../../arm-none-eabi/lib/thumb/v7e-m+fp/hard/libc_nano.a(lib_a-nano-freer.o)
 .text          0x0000000000000000        0x0 /Users/nico/gcc-arm-none-eabi-9-2019-q4-major/bin/../lib/gcc/arm-none-eabi/9.2.1/../../../../arm-none-eabi/lib/thumb/v7e-m+fp/hard/libc_nano.a(lib_a-nano-mallocr.o)
 .data          0x0000000000000000        0x0 /Users/nico/gcc-arm-none-eabi-9-2019-q4-major/bin/../lib/gcc/arm-none-eabi/9.2.1/../../../../arm-none-eabi/lib/thumb/v7e-m+fp/hard/libc_nano.a(lib_a-nano-mallocr.o)
 .bss           0x0000000000000000        0x0 /Users/nico/gcc-arm-none-eabi-9-2019-q4-major/bin/../lib/gcc/arm-none-eabi/9.2.1/../../../../arm-none-eabi/lib/thumb/v7e-m+fp/hard/libc_nano.a(lib_a-nano-mallocr.o)
 .text          0x0000000000000000        0x0 /Users/nico/gcc-arm-none-eabi-9-2019-q4-major/bin/../lib/gcc/arm-none-eabi/9.2.1/../../../../arm-none-eabi/lib/thumb/v7e-m+fp/hard/libc_nano.a(lib_a-nano-reallocr.o)
 .data          0x0000000000000000        0x0 /Users/nico/gcc-arm-none-eabi-9-2019-q4-major/bin/../lib/gcc/arm-none-eabi/9.2.1/../../../../arm-none-eabi/lib/thumb/v7e-m+fp/hard/libc_nano.a(lib_a-nano-reallocr.o)
 .bss           0x0000000000000000        0x0 /Users/nico/gcc-arm-none-eabi-9-2019-q4-major/bin/../lib/gcc/arm-none-eabi/9.2.1/../../../../arm-none-eabi/lib/thumb/v7e-m+fp/hard/libc_nano.a(lib_a-nano-reallocr.o)
 .text          0x0000000000000000        0x0 /Users/nico/gcc-arm-none-eabi-9-2019-q4-major/bin/../lib/gcc/arm-none-eabi/9.2.1/../../../../arm-none-eabi/lib/thumb/v7e-m+fp/hard/libc_nano.a(lib_a-sbrkr.o)
 .data          0x0000000000000000        0x0 /Users/nico/gcc-arm-none-eabi-9-2019-q4-major/bin/../lib/gcc/arm-none-eabi/9.2.1/../../../../arm-none-eabi/lib/thumb/v7e-m+fp/hard/libc_nano.a(lib_a-sbrkr.o)
 .bss           0x0000000000000000        0x0 /Users/nico/gcc-arm-none-eabi-9-2019-q4-major/bin/../lib/gcc/arm-none-eabi/9.2.1/../../../../arm-none-eabi/lib/thumb/v7e-m+fp/hard/libc_nano.a(lib_a-sbrkr.o)
 .text          0x0000000000000000        0x0 /Users/nico/gcc-arm-none-eabi-9-2019-q4-major/bin/../lib/gcc/arm-none-eabi/9.2.1/../../../../arm-none-eabi/lib/thumb/v7e-m+fp/hard/libc_nano.a(lib_a-mlock.o)
 .data          0x0000000000000000        0x0 /Users/nico/gcc-arm-none-eabi-9-2019-q4-major/bin/../lib/gcc/arm-none-eabi/9.2.1/../../../../arm-none-eabi/lib/thumb/v7e-m+fp/hard/libc_nano.a(lib_a-mlock.o)
 .bss           0x0000000000000000        0x0 /Users/nico/gcc-arm-none-eabi-9-2019-q4-major/bin/../lib/gcc/arm-none-eabi/9.2.1/../../../../arm-none-eabi/lib/thumb/v7e-m+fp/hard/libc_nano.a(lib_a-mlock.o)
 .text          0x0000000000000000        0x0 /Users/nico/gcc-arm-none-eabi-9-2019-q4-major/bin/../lib/gcc/arm-none-eabi/9.2.1/../../../../arm-none-eabi/lib/thumb/v7e-m+fp/hard/libc_nano.a(lib_a-nano-msizer.o)
 .data          0x0000000000000000        0x0 /Users/nico/gcc-arm-none-eabi-9-2019-q4-major/bin/../lib/gcc/arm-none-eabi/9.2.1/../../../../arm-none-eabi/lib/thumb/v7e-m+fp/hard/libc_nano.a(lib_a-nano-msizer.o)
 .bss           0x0000000000000000        0x0 /Users/nico/gcc-arm-none-eabi-9-2019-q4-major/bin/../lib/gcc/arm-none-eabi/9.2.1/../../../../arm-none-eabi/lib/thumb/v7e-m+fp/hard/libc_nano.a(lib_a-nano-msizer.o)
 .text          0x0000000000000000        0x0 /Users/nico/gcc-arm-none-eabi-9-2019-q4-major/bin/../lib/gcc/arm-none-eabi/9.2.1/../../../../arm-none-eabi/lib/thumb/v7e-m+fp/hard/libc_nano.a(lib_a-reent.o)
 .data          0x0000000000000000        0x0 /Users/nico/gcc-arm-none-eabi-9-2019-q4-major/bin/../lib/gcc/arm-none-eabi/9.2.1/../../../../arm-none-eabi/lib/thumb/v7e-m+fp/hard/libc_nano.a(lib_a-reent.o)
 .bss           0x0000000000000000        0x0 /Users/nico/gcc-arm-none-eabi-9-2019-q4-major/bin/../lib/gcc/arm-none-eabi/9.2.1/../../../../arm-none-eabi/lib/thumb/v7e-m+fp/hard/libc_nano.a(lib_a-reent.o)
 .text.cleanup_glue
                0x0000000000000000       0x1a /Users/nico/gcc-arm-none-eabi-9-2019-q4-major/bin/../lib/gcc/arm-none-eabi/9.2.1/../../../../arm-none-eabi/lib/thumb/v7e-m+fp/hard/libc_nano.a(lib_a-reent.o)
 .text._reclaim_reent
                0x0000000000000000       0xb8 /Users/nico/gcc-arm-none-eabi-9-2019-q4-major/bin/../lib/gcc/arm-none-eabi/9.2.1/../../../../arm-none-eabi/lib/thumb/v7e-m+fp/hard/libc_nano.a(lib_a-reent.o)
 .text          0x0000000000000000        0x0 /Users/nico/gcc-arm-none-eabi-9-2019-q4-major/bin/../lib/gcc/arm-none-eabi/9.2.1/../../../../arm-none-eabi/lib/thumb/v7e-m+fp/hard/libc_nano.a(lib_a-lock.o)
 .data          0x0000000000000000        0x0 /Users/nico/gcc-arm-none-eabi-9-2019-q4-major/bin/../lib/gcc/arm-none-eabi/9.2.1/../../../../arm-none-eabi/lib/thumb/v7e-m+fp/hard/libc_nano.a(lib_a-lock.o)
 .bss           0x0000000000000000        0x0 /Users/nico/gcc-arm-none-eabi-9-2019-q4-major/bin/../lib/gcc/arm-none-eabi/9.2.1/../../../../arm-none-eabi/lib/thumb/v7e-m+fp/hard/libc_nano.a(lib_a-lock.o)
 .text.__retarget_lock_init
                0x0000000000000000        0x2 /Users/nico/gcc-arm-none-eabi-9-2019-q4-major/bin/../lib/gcc/arm-none-eabi/9.2.1/../../../../arm-none-eabi/lib/thumb/v7e-m+fp/hard/libc_nano.a(lib_a-lock.o)
 .text.__retarget_lock_init_recursive
                0x0000000000000000        0x2 /Users/nico/gcc-arm-none-eabi-9-2019-q4-major/bin/../lib/gcc/arm-none-eabi/9.2.1/../../../../arm-none-eabi/lib/thumb/v7e-m+fp/hard/libc_nano.a(lib_a-lock.o)
 .text.__retarget_lock_close
                0x0000000000000000        0x2 /Users/nico/gcc-arm-none-eabi-9-2019-q4-major/bin/../lib/gcc/arm-none-eabi/9.2.1/../../../../arm-none-eabi/lib/thumb/v7e-m+fp/hard/libc_nano.a(lib_a-lock.o)
 .text.__retarget_lock_close_recursive
                0x0000000000000000        0x2 /Users/nico/gcc-arm-none-eabi-9-2019-q4-major/bin/../lib/gcc/arm-none-eabi/9.2.1/../../../../arm-none-eabi/lib/thumb/v7e-m+fp/hard/libc_nano.a(lib_a-lock.o)
 .text.__retarget_lock_acquire
                0x0000000000000000        0x2 /Users/nico/gcc-arm-none-eabi-9-2019-q4-major/bin/../lib/gcc/arm-none-eabi/9.2.1/../../../../arm-none-eabi/lib/thumb/v7e-m+fp/hard/libc_nano.a(lib_a-lock.o)
 .text.__retarget_lock_try_acquire
                0x0000000000000000        0x4 /Users/nico/gcc-arm-none-eabi-9-2019-q4-major/bin/../lib/gcc/arm-none-eabi/9.2.1/../../../../arm-none-eabi/lib/thumb/v7e-m+fp/hard/libc_nano.a(lib_a-lock.o)
 .text.__retarget_lock_try_acquire_recursive
                0x0000000000000000        0x4 /Users/nico/gcc-arm-none-eabi-9-2019-q4-major/bin/../lib/gcc/arm-none-eabi/9.2.1/../../../../arm-none-eabi/lib/thumb/v7e-m+fp/hard/libc_nano.a(lib_a-lock.o)
 .text.__retarget_lock_release
                0x0000000000000000        0x2 /Users/nico/gcc-arm-none-eabi-9-2019-q4-major/bin/../lib/gcc/arm-none-eabi/9.2.1/../../../../arm-none-eabi/lib/thumb/v7e-m+fp/hard/libc_nano.a(lib_a-lock.o)
 .data          0x0000000000000000        0x0 /Users/nico/gcc-arm-none-eabi-9-2019-q4-major/bin/../lib/gcc/arm-none-eabi/9.2.1/thumb/v7e-m+fp/hard/libgcc.a(_aeabi_uldivmod.o)
 .bss           0x0000000000000000        0x0 /Users/nico/gcc-arm-none-eabi-9-2019-q4-major/bin/../lib/gcc/arm-none-eabi/9.2.1/thumb/v7e-m+fp/hard/libgcc.a(_aeabi_uldivmod.o)
 .data          0x0000000000000000        0x0 /Users/nico/gcc-arm-none-eabi-9-2019-q4-major/bin/../lib/gcc/arm-none-eabi/9.2.1/thumb/v7e-m+fp/hard/libgcc.a(_udivmoddi4.o)
 .bss           0x0000000000000000        0x0 /Users/nico/gcc-arm-none-eabi-9-2019-q4-major/bin/../lib/gcc/arm-none-eabi/9.2.1/thumb/v7e-m+fp/hard/libgcc.a(_udivmoddi4.o)
 .ARM.extab     0x0000000000000000        0x0 /Users/nico/gcc-arm-none-eabi-9-2019-q4-major/bin/../lib/gcc/arm-none-eabi/9.2.1/thumb/v7e-m+fp/hard/libgcc.a(_udivmoddi4.o)
 .data          0x0000000000000000        0x0 /Users/nico/gcc-arm-none-eabi-9-2019-q4-major/bin/../lib/gcc/arm-none-eabi/9.2.1/thumb/v7e-m+fp/hard/libgcc.a(_dvmd_tls.o)
 .bss           0x0000000000000000        0x0 /Users/nico/gcc-arm-none-eabi-9-2019-q4-major/bin/../lib/gcc/arm-none-eabi/9.2.1/thumb/v7e-m+fp/hard/libgcc.a(_dvmd_tls.o)
 .text          0x0000000000000000        0x0 /Users/nico/gcc-arm-none-eabi-9-2019-q4-major/bin/../lib/gcc/arm-none-eabi/9.2.1/../../../../arm-none-eabi/lib/thumb/v7e-m+fp/hard/libnosys.a(sbrk.o)
 .data          0x0000000000000000        0x0 /Users/nico/gcc-arm-none-eabi-9-2019-q4-major/bin/../lib/gcc/arm-none-eabi/9.2.1/../../../../arm-none-eabi/lib/thumb/v7e-m+fp/hard/libnosys.a(sbrk.o)
 .bss           0x0000000000000000        0x0 /Users/nico/gcc-arm-none-eabi-9-2019-q4-major/bin/../lib/gcc/arm-none-eabi/9.2.1/../../../../arm-none-eabi/lib/thumb/v7e-m+fp/hard/libnosys.a(sbrk.o)
 .text          0x0000000000000000        0x0 /Users/nico/gcc-arm-none-eabi-9-2019-q4-major/bin/../lib/gcc/arm-none-eabi/9.2.1/../../../../arm-none-eabi/lib/thumb/v7e-m+fp/hard/libnosys.a(_exit.o)
 .data          0x0000000000000000        0x0 /Users/nico/gcc-arm-none-eabi-9-2019-q4-major/bin/../lib/gcc/arm-none-eabi/9.2.1/../../../../arm-none-eabi/lib/thumb/v7e-m+fp/hard/libnosys.a(_exit.o)
 .bss           0x0000000000000000        0x0 /Users/nico/gcc-arm-none-eabi-9-2019-q4-major/bin/../lib/gcc/arm-none-eabi/9.2.1/../../../../arm-none-eabi/lib/thumb/v7e-m+fp/hard/libnosys.a(_exit.o)
 .text._exit    0x0000000000000000        0x4 /Users/nico/gcc-arm-none-eabi-9-2019-q4-major/bin/../lib/gcc/arm-none-eabi/9.2.1/../../../../arm-none-eabi/lib/thumb/v7e-m+fp/hard/libnosys.a(_exit.o)
 .debug_frame   0x0000000000000000       0x20 /Users/nico/gcc-arm-none-eabi-9-2019-q4-major/bin/../lib/gcc/arm-none-eabi/9.2.1/../../../../arm-none-eabi/lib/thumb/v7e-m+fp/hard/libnosys.a(_exit.o)
 .ARM.attributes
                0x0000000000000000       0x34 /Users/nico/gcc-arm-none-eabi-9-2019-q4-major/bin/../lib/gcc/arm-none-eabi/9.2.1/../../../../arm-none-eabi/lib/thumb/v7e-m+fp/hard/libnosys.a(_exit.o)
 .text          0x0000000000000000        0x0 /Users/nico/gcc-arm-none-eabi-9-2019-q4-major/bin/../lib/gcc/arm-none-eabi/9.2.1/thumb/v7e-m+fp/hard/crtend.o
 .data          0x0000000000000000        0x0 /Users/nico/gcc-arm-none-eabi-9-2019-q4-major/bin/../lib/gcc/arm-none-eabi/9.2.1/thumb/v7e-m+fp/hard/crtend.o
 .bss           0x0000000000000000        0x0 /Users/nico/gcc-arm-none-eabi-9-2019-q4-major/bin/../lib/gcc/arm-none-eabi/9.2.1/thumb/v7e-m+fp/hard/crtend.o
 .eh_frame      0x0000000000000000        0x4 /Users/nico/gcc-arm-none-eabi-9-2019-q4-major/bin/../lib/gcc/arm-none-eabi/9.2.1/thumb/v7e-m+fp/hard/crtend.o
 .ARM.attributes
                0x0000000000000000       0x32 /Users/nico/gcc-arm-none-eabi-9-2019-q4-major/bin/../lib/gcc/arm-none-eabi/9.2.1/thumb/v7e-m+fp/hard/crtend.o
 .text          0x0000000000000000        0x0 /Users/nico/gcc-arm-none-eabi-9-2019-q4-major/bin/../lib/gcc/arm-none-eabi/9.2.1/thumb/v7e-m+fp/hard/crtn.o
 .data          0x0000000000000000        0x0 /Users/nico/gcc-arm-none-eabi-9-2019-q4-major/bin/../lib/gcc/arm-none-eabi/9.2.1/thumb/v7e-m+fp/hard/crtn.o
 .bss           0x0000000000000000        0x0 /Users/nico/gcc-arm-none-eabi-9-2019-q4-major/bin/../lib/gcc/arm-none-eabi/9.2.1/thumb/v7e-m+fp/hard/crtn.o

Memory Configuration

Name             Origin             Length             Attributes
CCMRAM           0x0000000010000000 0x0000000000010000 xrw
RAM              0x0000000020000000 0x0000000000030000 xrw
FLASH            0x0000000008080000 0x0000000000080000 xr
*default*        0x0000000000000000 0xffffffffffffffff

Linker script and memory map

LOAD /Users/nico/gcc-arm-none-eabi-9-2019-q4-major/bin/../lib/gcc/arm-none-eabi/9.2.1/thumb/v7e-m+fp/hard/crti.o
LOAD /Users/nico/gcc-arm-none-eabi-9-2019-q4-major/bin/../lib/gcc/arm-none-eabi/9.2.1/thumb/v7e-m+fp/hard/crtbegin.o
LOAD /Users/nico/gcc-arm-none-eabi-9-2019-q4-major/bin/../lib/gcc/arm-none-eabi/9.2.1/../../../../arm-none-eabi/lib/thumb/v7e-m+fp/hard/crt0.o
LOAD ./obj/command.o
LOAD ./obj/gpio.o
LOAD ./obj/sha.o
LOAD ./obj/stm32f4xx_hal_msp.o
LOAD ./obj/stm32f4xx_it.o
LOAD ./obj/system_stm32f4xx.o
LOAD ./obj/tim.o
LOAD ./obj/usart.o
LOAD ./obj/stm32f4xx_hal.o
LOAD ./obj/stm32f4xx_hal_cortex.o
LOAD ./obj/stm32f4xx_hal_dma.o
LOAD ./obj/stm32f4xx_hal_dma_ex.o
LOAD ./obj/stm32f4xx_hal_exti.o
LOAD ./obj/stm32f4xx_hal_flash.o
LOAD ./obj/stm32f4xx_hal_flash_ex.o
LOAD ./obj/stm32f4xx_hal_flash_ramfunc.o
LOAD ./obj/stm32f4xx_hal_gpio.o
LOAD ./obj/stm32f4xx_hal_pwr.o
LOAD ./obj/stm32f4xx_hal_pwr_ex.o
LOAD ./obj/stm32f4xx_hal_rcc.o
LOAD ./obj/stm32f4xx_hal_rcc_ex.o
LOAD ./obj/stm32f4xx_hal_tim.o
LOAD ./obj/stm32f4xx_hal_tim_ex.o
LOAD ./obj/stm32f4xx_hal_uart.o
LOAD ./obj/main.o
LOAD ./obj/startup_stm32f429nihx.o
START GROUP
LOAD /Users/nico/gcc-arm-none-eabi-9-2019-q4-major/bin/../lib/gcc/arm-none-eabi/9.2.1/../../../../arm-none-eabi/lib/thumb/v7e-m+fp/hard/libc_nano.a
LOAD /Users/nico/gcc-arm-none-eabi-9-2019-q4-major/bin/../lib/gcc/arm-none-eabi/9.2.1/../../../../arm-none-eabi/lib/thumb/v7e-m+fp/hard/libm.a
END GROUP
START GROUP
LOAD /Users/nico/gcc-arm-none-eabi-9-2019-q4-major/bin/../lib/gcc/arm-none-eabi/9.2.1/thumb/v7e-m+fp/hard/libgcc.a
LOAD /Users/nico/gcc-arm-none-eabi-9-2019-q4-major/bin/../lib/gcc/arm-none-eabi/9.2.1/../../../../arm-none-eabi/lib/thumb/v7e-m+fp/hard/libc_nano.a
END GROUP
START GROUP
LOAD /Users/nico/gcc-arm-none-eabi-9-2019-q4-major/bin/../lib/gcc/arm-none-eabi/9.2.1/thumb/v7e-m+fp/hard/libgcc.a
LOAD /Users/nico/gcc-arm-none-eabi-9-2019-q4-major/bin/../lib/gcc/arm-none-eabi/9.2.1/../../../../arm-none-eabi/lib/thumb/v7e-m+fp/hard/libc_nano.a
LOAD /Users/nico/gcc-arm-none-eabi-9-2019-q4-major/bin/../lib/gcc/arm-none-eabi/9.2.1/../../../../arm-none-eabi/lib/thumb/v7e-m+fp/hard/libnosys.a
END GROUP
START GROUP
LOAD /Users/nico/gcc-arm-none-eabi-9-2019-q4-major/bin/../lib/gcc/arm-none-eabi/9.2.1/thumb/v7e-m+fp/hard/libgcc.a
LOAD /Users/nico/gcc-arm-none-eabi-9-2019-q4-major/bin/../lib/gcc/arm-none-eabi/9.2.1/../../../../arm-none-eabi/lib/thumb/v7e-m+fp/hard/libc_nano.a
LOAD /Users/nico/gcc-arm-none-eabi-9-2019-q4-major/bin/../lib/gcc/arm-none-eabi/9.2.1/../../../../arm-none-eabi/lib/thumb/v7e-m+fp/hard/libnosys.a
END GROUP
LOAD /Users/nico/gcc-arm-none-eabi-9-2019-q4-major/bin/../lib/gcc/arm-none-eabi/9.2.1/thumb/v7e-m+fp/hard/crtend.o
LOAD /Users/nico/gcc-arm-none-eabi-9-2019-q4-major/bin/../lib/gcc/arm-none-eabi/9.2.1/thumb/v7e-m+fp/hard/crtn.o
                0x0000000020030000                _estack = 0x20030000
                0x0000000000000200                _Min_Heap_Size = 0x200
                0x0000000000000400                _Min_Stack_Size = 0x400

.isr_vector     0x0000000008080000      0x1ac
                0x0000000008080000                . = ALIGN (0x4)
 *(.isr_vector)
 .isr_vector    0x0000000008080000      0x1ac ./obj/startup_stm32f429nihx.o
                0x0000000008080000                g_pfnVectors
                0x00000000080801ac                . = ALIGN (0x4)

.text           0x00000000080801b0     0xc144
                0x00000000080801b0                . = ALIGN (0x4)
 *(.text)
 .text          0x00000000080801b0       0x40 /Users/nico/gcc-arm-none-eabi-9-2019-q4-major/bin/../lib/gcc/arm-none-eabi/9.2.1/thumb/v7e-m+fp/hard/crtbegin.o
 .text          0x00000000080801f0       0x50 ./obj/gpio.o
                0x00000000080801f0                MX_GPIO_Init
 .text          0x0000000008080240      0x698 ./obj/sha.o
                0x000000000808060c                sha_init
                0x0000000008080660                sha_update
                0x00000000080806fe                sha_final
                0x00000000080807bc                sha_stream
 .text          0x00000000080808d8       0x50 ./obj/stm32f4xx_hal_msp.o
                0x00000000080808d8                HAL_MspInit
 .text          0x0000000008080928      0x27c ./obj/stm32f4xx_it.o
                0x0000000008080928                NMI_Handler
                0x0000000008080936                HardFault_Handler
                0x000000000808093c                MemManage_Handler
                0x0000000008080942                BusFault_Handler
                0x0000000008080948                UsageFault_Handler
                0x000000000808094e                SVC_Handler
                0x000000000808095c                DebugMon_Handler
                0x000000000808096a                PendSV_Handler
                0x0000000008080978                SysTick_Handler
                0x0000000008080984                USART1_IRQHandler
                0x0000000008080a94                TIM5_IRQHandler
 .text          0x0000000008080ba4      0x164 ./obj/system_stm32f4xx.o
                0x0000000008080ba4                SystemInit
                0x0000000008080c14                SystemCoreClockUpdate
 .text          0x0000000008080d08      0x150 ./obj/tim.o
                0x0000000008080d08                MX_TIM5_Init
                0x0000000008080dd4                HAL_TIM_Base_MspInit
                0x0000000008080e24                HAL_TIM_Base_MspDeInit
 .text          0x0000000008080e58      0x1a4 ./obj/usart.o
                0x0000000008080e58                MX_USART1_UART_Init
                0x0000000008080ecc                HAL_UART_MspInit
                0x0000000008080fac                HAL_UART_MspDeInit
 .text          0x0000000008080ffc      0x474 ./obj/stm32f4xx_hal.o
                0x0000000008080ffc                HAL_Init
                0x000000000808107c                HAL_DeInit
                0x00000000080810e2                HAL_MspDeInit
                0x00000000080810f0                HAL_InitTick
                0x000000000808117c                HAL_IncTick
                0x00000000080811a4                HAL_GetTick
                0x00000000080811bc                HAL_GetTickPrio
                0x00000000080811d4                HAL_SetTickFreq
                0x0000000008081214                HAL_GetTickFreq
                0x000000000808122c                HAL_Delay
                0x0000000008081280                HAL_SuspendTick
                0x00000000080812a0                HAL_ResumeTick
                0x00000000080812c0                HAL_GetHalVersion
                0x00000000080812d4                HAL_GetREVID
                0x00000000080812ec                HAL_GetDEVID
                0x0000000008081308                HAL_DBGMCU_EnableDBGSleepMode
                0x0000000008081328                HAL_DBGMCU_DisableDBGSleepMode
                0x0000000008081348                HAL_DBGMCU_EnableDBGStopMode
                0x0000000008081368                HAL_DBGMCU_DisableDBGStopMode
                0x0000000008081388                HAL_DBGMCU_EnableDBGStandbyMode
                0x00000000080813a8                HAL_DBGMCU_DisableDBGStandbyMode
                0x00000000080813c8                HAL_EnableCompensationCell
                0x00000000080813e0                HAL_DisableCompensationCell
                0x00000000080813f8                HAL_GetUIDw0
                0x0000000008081410                HAL_GetUIDw1
                0x0000000008081428                HAL_GetUIDw2
                0x0000000008081440                HAL_EnableMemorySwappingBank
                0x0000000008081458                HAL_DisableMemorySwappingBank
 .text          0x0000000008081470      0x6b0 ./obj/stm32f4xx_hal_cortex.o
                0x0000000008081848                HAL_NVIC_SetPriorityGrouping
                0x000000000808186e                HAL_NVIC_SetPriority
                0x00000000080818b4                HAL_NVIC_EnableIRQ
                0x00000000080818d0                HAL_NVIC_DisableIRQ
                0x00000000080818ec                HAL_NVIC_SystemReset
                0x00000000080818f4                HAL_SYSTICK_Config
                0x000000000808192c                HAL_MPU_Disable
                0x0000000008081958                HAL_MPU_Enable
                0x0000000008081994                HAL_MPU_ConfigRegion
                0x0000000008081a1c                HAL_NVIC_GetPriorityGrouping
                0x0000000008081a2a                HAL_NVIC_GetPriority
                0x0000000008081a56                HAL_NVIC_SetPendingIRQ
                0x0000000008081a72                HAL_NVIC_GetPendingIRQ
                0x0000000008081a90                HAL_NVIC_ClearPendingIRQ
                0x0000000008081aac                HAL_NVIC_GetActive
                0x0000000008081aca                HAL_SYSTICK_CLKSourceConfig
                0x0000000008081b04                HAL_SYSTICK_IRQHandler
                0x0000000008081b10                HAL_SYSTICK_Callback
 .text          0x0000000008081b20      0xcac ./obj/stm32f4xx_hal_dma.o
                0x0000000008081b20                HAL_DMA_Init
                0x0000000008081c7c                HAL_DMA_DeInit
                0x0000000008081d38                HAL_DMA_Start
                0x0000000008081dae                HAL_DMA_Start_IT
                0x0000000008081e6e                HAL_DMA_Abort
                0x0000000008081f4e                HAL_DMA_Abort_IT
                0x0000000008081f92                HAL_DMA_PollForTransfer
                0x0000000008082150                HAL_DMA_IRQHandler
                0x0000000008082462                HAL_DMA_RegisterCallback
                0x000000000808250a                HAL_DMA_UnRegisterCallback
                0x00000000080825dc                HAL_DMA_GetState
                0x00000000080825f8                HAL_DMA_GetError
 .text          0x00000000080827cc      0x698 ./obj/stm32f4xx_hal_gpio.o
                0x00000000080827cc                HAL_GPIO_Init
                0x0000000008082b20                HAL_GPIO_DeInit
                0x0000000008082d34                HAL_GPIO_ReadPin
                0x0000000008082d64                HAL_GPIO_WritePin
                0x0000000008082d96                HAL_GPIO_TogglePin
                0x0000000008082dcc                HAL_GPIO_LockPin
                0x0000000008082e1c                HAL_GPIO_EXTI_IRQHandler
                0x0000000008082e4c                HAL_GPIO_EXTI_Callback
 .text          0x0000000008082e64      0xb64 ./obj/stm32f4xx_hal_rcc.o
                0x0000000008082e74                HAL_RCC_OscConfig
                0x0000000008083308                HAL_RCC_ClockConfig
                0x0000000008083508                HAL_RCC_MCOConfig
                0x00000000080835d8                HAL_RCC_EnableCSS
                0x00000000080835f0                HAL_RCC_DisableCSS
                0x0000000008083608                HAL_RCC_GetSysClockFreq
                0x000000000808377c                HAL_RCC_GetHCLKFreq
                0x0000000008083794                HAL_RCC_GetPCLK1Freq
                0x00000000080837cc                HAL_RCC_GetPCLK2Freq
                0x0000000008083804                HAL_RCC_GetOscConfig
                0x000000000808392c                HAL_RCC_GetClockConfig
                0x0000000008083990                HAL_RCC_NMI_IRQHandler
                0x00000000080839b8                HAL_RCC_CSSCallback
 .text          0x00000000080839c8     0x43ec ./obj/stm32f4xx_hal_tim.o
                0x00000000080839c8                HAL_TIM_Base_Init
                0x0000000008083a2e                HAL_TIM_Base_DeInit
                0x0000000008083ab6                HAL_TIM_Base_Start
                0x0000000008083afe                HAL_TIM_Base_Stop
                0x0000000008083b54                HAL_TIM_Base_Start_IT
                0x0000000008083b9c                HAL_TIM_Base_Stop_IT
                0x0000000008083bf2                HAL_TIM_Base_Start_DMA
                0x0000000008083cb4                HAL_TIM_Base_Stop_DMA
                0x0000000008083d18                HAL_TIM_OC_Init
                0x0000000008083d6e                HAL_TIM_OC_DeInit
                0x0000000008083dce                HAL_TIM_OC_MspInit
                0x0000000008083de2                HAL_TIM_OC_MspDeInit
                0x0000000008083df6                HAL_TIM_OC_Start
                0x0000000008083e70                HAL_TIM_OC_Stop
                0x0000000008083f18                HAL_TIM_OC_Start_IT
                0x0000000008084020                HAL_TIM_OC_Stop_IT
                0x0000000008084154                HAL_TIM_OC_Start_DMA
                0x0000000008084378                HAL_TIM_OC_Stop_DMA
                0x00000000080844dc                HAL_TIM_PWM_Init
                0x0000000008084532                HAL_TIM_PWM_DeInit
                0x0000000008084592                HAL_TIM_PWM_MspInit
                0x00000000080845a6                HAL_TIM_PWM_MspDeInit
                0x00000000080845ba                HAL_TIM_PWM_Start
                0x0000000008084634                HAL_TIM_PWM_Stop
                0x00000000080846e4                HAL_TIM_PWM_Start_IT
                0x00000000080847ec                HAL_TIM_PWM_Stop_IT
                0x0000000008084920                HAL_TIM_PWM_Start_DMA
                0x0000000008084b44                HAL_TIM_PWM_Stop_DMA
                0x0000000008084ca8                HAL_TIM_IC_Init
                0x0000000008084cfe                HAL_TIM_IC_DeInit
                0x0000000008084d5e                HAL_TIM_IC_MspInit
                0x0000000008084d72                HAL_TIM_IC_MspDeInit
                0x0000000008084d86                HAL_TIM_IC_Start
                0x0000000008084dca                HAL_TIM_IC_Stop
                0x0000000008084e1c                HAL_TIM_IC_Start_IT
                0x0000000008084eec                HAL_TIM_IC_Stop_IT
                0x0000000008084fca                HAL_TIM_IC_Start_DMA
                0x00000000080851b8                HAL_TIM_IC_Stop_DMA
                0x00000000080852c6                HAL_TIM_OnePulse_Init
                0x000000000808533e                HAL_TIM_OnePulse_DeInit
                0x000000000808539e                HAL_TIM_OnePulse_MspInit
                0x00000000080853b2                HAL_TIM_OnePulse_MspDeInit
                0x00000000080853c6                HAL_TIM_OnePulse_Start
                0x000000000808542c                HAL_TIM_OnePulse_Stop
                0x00000000080854e4                HAL_TIM_OnePulse_Start_IT
                0x000000000808556c                HAL_TIM_OnePulse_Stop_IT
                0x0000000008085644                HAL_TIM_Encoder_Init
                0x0000000008085768                HAL_TIM_Encoder_DeInit
                0x00000000080857c8                HAL_TIM_Encoder_MspInit
                0x00000000080857dc                HAL_TIM_Encoder_MspDeInit
                0x00000000080857f0                HAL_TIM_Encoder_Start
                0x000000000808585e                HAL_TIM_Encoder_Stop
                0x00000000080858ec                HAL_TIM_Encoder_Start_IT
                0x000000000808599a                HAL_TIM_Encoder_Stop_IT
                0x0000000008085a6e                HAL_TIM_Encoder_Start_DMA
                0x0000000008085c64                HAL_TIM_Encoder_Stop_DMA
                0x0000000008085d60                HAL_TIM_IRQHandler
                0x0000000008085f80                HAL_TIM_OC_ConfigChannel
                0x0000000008086040                HAL_TIM_IC_ConfigChannel
                0x0000000008086178                HAL_TIM_PWM_ConfigChannel
                0x0000000008086304                HAL_TIM_OnePulse_ConfigChannel
                0x0000000008086484                HAL_TIM_DMABurst_WriteStart
                0x0000000008086708                HAL_TIM_DMABurst_WriteStop
                0x00000000080867de                HAL_TIM_DMABurst_ReadStart
                0x0000000008086a60                HAL_TIM_DMABurst_ReadStop
                0x0000000008086b36                HAL_TIM_GenerateEvent
                0x0000000008086b84                HAL_TIM_ConfigOCrefClear
                0x0000000008086d0c                HAL_TIM_ConfigClockSource
                0x0000000008086e8a                HAL_TIM_ConfigTI1Input
                0x0000000008086ec2                HAL_TIM_SlaveConfigSynchro
                0x0000000008086f46                HAL_TIM_SlaveConfigSynchro_IT
                0x0000000008086fca                HAL_TIM_ReadCapturedValue
                0x0000000008087050                HAL_TIM_PeriodElapsedCallback
                0x0000000008087064                HAL_TIM_PeriodElapsedHalfCpltCallback
                0x0000000008087078                HAL_TIM_OC_DelayElapsedCallback
                0x000000000808708c                HAL_TIM_IC_CaptureCallback
                0x00000000080870a0                HAL_TIM_IC_CaptureHalfCpltCallback
                0x00000000080870b4                HAL_TIM_PWM_PulseFinishedCallback
                0x00000000080870c8                HAL_TIM_PWM_PulseFinishedHalfCpltCallback
                0x00000000080870dc                HAL_TIM_TriggerCallback
                0x00000000080870f0                HAL_TIM_TriggerHalfCpltCallback
                0x0000000008087104                HAL_TIM_ErrorCallback
                0x0000000008087118                HAL_TIM_Base_GetState
                0x0000000008087134                HAL_TIM_OC_GetState
                0x0000000008087150                HAL_TIM_PWM_GetState
                0x000000000808716c                HAL_TIM_IC_GetState
                0x0000000008087188                HAL_TIM_OnePulse_GetState
                0x00000000080871a4                HAL_TIM_Encoder_GetState
                0x00000000080871c0                TIM_DMAError
                0x00000000080871e4                TIM_DMADelayPulseCplt
                0x0000000008087254                TIM_DMADelayPulseHalfCplt
                0x00000000080872c4                TIM_DMACaptureCplt
                0x0000000008087334                TIM_DMACaptureHalfCplt
                0x0000000008087434                TIM_Base_SetConfig
                0x0000000008087654                TIM_OC2_SetConfig
                0x00000000080879e0                TIM_TI1_SetConfig
                0x0000000008087d28                TIM_ETR_SetConfig
                0x0000000008087d68                TIM_CCxChannelCmd
 .text          0x0000000008087db4     0x144c ./obj/stm32f4xx_hal_tim_ex.o
                0x0000000008087db4                HAL_TIMEx_HallSensor_Init
                0x0000000008087ede                HAL_TIMEx_HallSensor_DeInit
                0x0000000008087f3e                HAL_TIMEx_HallSensor_MspInit
                0x0000000008087f52                HAL_TIMEx_HallSensor_MspDeInit
                0x0000000008087f66                HAL_TIMEx_HallSensor_Start
                0x0000000008087fa8                HAL_TIMEx_HallSensor_Stop
                0x0000000008087ff8                HAL_TIMEx_HallSensor_Start_IT
                0x000000000808804a                HAL_TIMEx_HallSensor_Stop_IT
                0x00000000080880aa                HAL_TIMEx_HallSensor_Start_DMA
                0x0000000008088178                HAL_TIMEx_HallSensor_Stop_DMA
                0x00000000080881e2                HAL_TIMEx_OCN_Start
                0x0000000008088236                HAL_TIMEx_OCN_Stop
                0x00000000080882b8                HAL_TIMEx_OCN_Start_IT
                0x0000000008088362                HAL_TIMEx_OCN_Stop_IT
                0x000000000808844e                HAL_TIMEx_OCN_Start_DMA
                0x00000000080885d0                HAL_TIMEx_OCN_Stop_DMA
                0x00000000080886be                HAL_TIMEx_PWMN_Start
                0x0000000008088712                HAL_TIMEx_PWMN_Stop
                0x0000000008088794                HAL_TIMEx_PWMN_Start_IT
                0x000000000808883e                HAL_TIMEx_PWMN_Stop_IT
                0x000000000808892a                HAL_TIMEx_PWMN_Start_DMA
                0x0000000008088aac                HAL_TIMEx_PWMN_Stop_DMA
                0x0000000008088b9a                HAL_TIMEx_OnePulseN_Start
                0x0000000008088bcc                HAL_TIMEx_OnePulseN_Stop
                0x0000000008088c4e                HAL_TIMEx_OnePulseN_Start_IT
                0x0000000008088ca0                HAL_TIMEx_OnePulseN_Stop_IT
                0x0000000008088d42                HAL_TIMEx_ConfigCommutEvent
                0x0000000008088e02                HAL_TIMEx_ConfigCommutEvent_IT
                0x0000000008088ec2                HAL_TIMEx_ConfigCommutEvent_DMA
                0x0000000008088fa8                HAL_TIMEx_MasterConfigSynchronization
                0x0000000008089032                HAL_TIMEx_ConfigBreakDeadTime
                0x00000000080890d6                HAL_TIMEx_RemapConfig
                0x0000000008089114                HAL_TIMEx_CommutCallback
                0x0000000008089128                HAL_TIMEx_CommutHalfCpltCallback
                0x000000000808913c                HAL_TIMEx_BreakCallback
                0x0000000008089150                HAL_TIMEx_HallSensor_GetState
                0x000000000808916c                TIMEx_DMACommutationCplt
                0x0000000008089190                TIMEx_DMACommutationHalfCplt
 .text          0x0000000008089200     0x21cc ./obj/stm32f4xx_hal_uart.o
                0x0000000008089200                HAL_UART_Init
                0x00000000080892ba                HAL_HalfDuplex_Init
                0x0000000008089364                HAL_LIN_Init
                0x0000000008089430                HAL_MultiProcessor_Init
                0x0000000008089510                HAL_UART_DeInit
                0x0000000008089590                HAL_UART_Transmit
                0x000000000808972c                HAL_UART_Receive
                0x0000000008089878                HAL_UART_Transmit_IT
                0x0000000008089902                HAL_UART_Receive_IT
                0x00000000080899ac                HAL_UART_Transmit_DMA
                0x0000000008089a84                HAL_UART_Receive_DMA
                0x0000000008089b84                HAL_UART_DMAPause
                0x0000000008089c4c                HAL_UART_DMAResume
                0x0000000008089cee                HAL_UART_DMAStop
                0x0000000008089da4                HAL_UART_Abort
                0x0000000008089ea8                HAL_UART_AbortTransmit
                0x0000000008089f30                HAL_UART_AbortReceive
                0x0000000008089fc8                HAL_UART_Abort_IT
                0x000000000808a110                HAL_UART_AbortTransmit_IT
                0x000000000808a1b0                HAL_UART_AbortReceive_IT
                0x000000000808a260                HAL_UART_IRQHandler
                0x000000000808a4b4                HAL_UART_TxCpltCallback
                0x000000000808a4c8                HAL_UART_TxHalfCpltCallback
                0x000000000808a4dc                HAL_UART_RxCpltCallback
                0x000000000808a4f0                HAL_UART_RxHalfCpltCallback
                0x000000000808a504                HAL_UART_ErrorCallback
                0x000000000808a518                HAL_UART_AbortCpltCallback
                0x000000000808a52c                HAL_UART_AbortTransmitCpltCallback
                0x000000000808a540                HAL_UART_AbortReceiveCpltCallback
                0x000000000808a554                HAL_LIN_SendBreak
                0x000000000808a5a8                HAL_MultiProcessor_EnterMuteMode
                0x000000000808a5fc                HAL_MultiProcessor_ExitMuteMode
                0x000000000808a650                HAL_HalfDuplex_EnableTransmitter
                0x000000000808a6b8                HAL_HalfDuplex_EnableReceiver
                0x000000000808a720                HAL_UART_GetState
                0x000000000808a75c                HAL_UART_GetError
 .text          0x000000000808b3cc      0x250 ./obj/main.o
                0x000000000808b3cc                main
                0x000000000808b508                SystemClock_Config
                0x000000000808b60c                Error_Handler
 *fill*         0x000000000808b61c        0x4 
 .text          0x000000000808b620       0xa0 /Users/nico/gcc-arm-none-eabi-9-2019-q4-major/bin/../lib/gcc/arm-none-eabi/9.2.1/../../../../arm-none-eabi/lib/thumb/v7e-m+fp/hard/libc_nano.a(lib_a-memchr.o)
                0x000000000808b620                memchr
 .text          0x000000000808b6c0       0x30 /Users/nico/gcc-arm-none-eabi-9-2019-q4-major/bin/../lib/gcc/arm-none-eabi/9.2.1/thumb/v7e-m+fp/hard/libgcc.a(_aeabi_uldivmod.o)
                0x000000000808b6c0                __aeabi_uldivmod
 .text          0x000000000808b6f0      0x2c4 /Users/nico/gcc-arm-none-eabi-9-2019-q4-major/bin/../lib/gcc/arm-none-eabi/9.2.1/thumb/v7e-m+fp/hard/libgcc.a(_udivmoddi4.o)
                0x000000000808b6f0                __udivmoddi4
 .text          0x000000000808b9b4        0x4 /Users/nico/gcc-arm-none-eabi-9-2019-q4-major/bin/../lib/gcc/arm-none-eabi/9.2.1/thumb/v7e-m+fp/hard/libgcc.a(_dvmd_tls.o)
                0x000000000808b9b4                __aeabi_ldiv0
                0x000000000808b9b4                __aeabi_idiv0
 *(.text*)
 .text.Reset_Handler
                0x000000000808b9b8       0x50 ./obj/startup_stm32f429nihx.o
                0x000000000808b9b8                Reset_Handler
 .text.Default_Handler
                0x000000000808ba08        0x2 ./obj/startup_stm32f429nihx.o
                0x000000000808ba08                DMA1_Stream3_IRQHandler
                0x000000000808ba08                HASH_RNG_IRQHandler
                0x000000000808ba08                EXTI2_IRQHandler
                0x000000000808ba08                TIM8_CC_IRQHandler
                0x000000000808ba08                UART8_IRQHandler
                0x000000000808ba08                SPI4_IRQHandler
                0x000000000808ba08                TIM1_CC_IRQHandler
                0x000000000808ba08                DMA2_Stream5_IRQHandler
                0x000000000808ba08                DMA1_Stream5_IRQHandler
                0x000000000808ba08                PVD_IRQHandler
                0x000000000808ba08                SDIO_IRQHandler
                0x000000000808ba08                TAMP_STAMP_IRQHandler
                0x000000000808ba08                CAN2_RX1_IRQHandler
                0x000000000808ba08                EXTI3_IRQHandler
                0x000000000808ba08                TIM8_TRG_COM_TIM14_IRQHandler
                0x000000000808ba08                TIM1_UP_TIM10_IRQHandler
                0x000000000808ba08                TIM8_UP_TIM13_IRQHandler
                0x000000000808ba08                I2C3_ER_IRQHandler
                0x000000000808ba08                EXTI0_IRQHandler
                0x000000000808ba08                I2C2_EV_IRQHandler
                0x000000000808ba08                DMA1_Stream2_IRQHandler
                0x000000000808ba08                CAN1_RX0_IRQHandler
                0x000000000808ba08                FPU_IRQHandler
                0x000000000808ba08                OTG_HS_WKUP_IRQHandler
                0x000000000808ba08                LTDC_ER_IRQHandler
                0x000000000808ba08                CAN2_SCE_IRQHandler
                0x000000000808ba08                DMA2_Stream2_IRQHandler
                0x000000000808ba08                SPI1_IRQHandler
                0x000000000808ba08                TIM6_DAC_IRQHandler
                0x000000000808ba08                TIM1_BRK_TIM9_IRQHandler
                0x000000000808ba08                DCMI_IRQHandler
                0x000000000808ba08                CAN2_RX0_IRQHandler
                0x000000000808ba08                DMA2_Stream3_IRQHandler
                0x000000000808ba08                USART6_IRQHandler
                0x000000000808ba08                USART3_IRQHandler
                0x000000000808ba08                CAN1_RX1_IRQHandler
                0x000000000808ba08                UART5_IRQHandler
                0x000000000808ba08                DMA2_Stream0_IRQHandler
                0x000000000808ba08                TIM4_IRQHandler
                0x000000000808ba08                I2C1_EV_IRQHandler
                0x000000000808ba08                DMA1_Stream6_IRQHandler
                0x000000000808ba08                DMA1_Stream1_IRQHandler
                0x000000000808ba08                UART4_IRQHandler
                0x000000000808ba08                TIM3_IRQHandler
                0x000000000808ba08                RCC_IRQHandler
                0x000000000808ba08                TIM8_BRK_TIM12_IRQHandler
                0x000000000808ba08                Default_Handler
                0x000000000808ba08                EXTI15_10_IRQHandler
                0x000000000808ba08                ADC_IRQHandler
                0x000000000808ba08                DMA1_Stream7_IRQHandler
                0x000000000808ba08                SPI5_IRQHandler
                0x000000000808ba08                TIM7_IRQHandler
                0x000000000808ba08                CAN2_TX_IRQHandler
                0x000000000808ba08                DMA2_Stream7_IRQHandler
                0x000000000808ba08                I2C3_EV_IRQHandler
                0x000000000808ba08                EXTI9_5_IRQHandler
                0x000000000808ba08                RTC_WKUP_IRQHandler
                0x000000000808ba08                LTDC_IRQHandler
                0x000000000808ba08                ETH_WKUP_IRQHandler
                0x000000000808ba08                SPI2_IRQHandler
                0x000000000808ba08                OTG_HS_EP1_IN_IRQHandler
                0x000000000808ba08                DMA1_Stream0_IRQHandler
                0x000000000808ba08                CAN1_TX_IRQHandler
                0x000000000808ba08                EXTI4_IRQHandler
                0x000000000808ba08                ETH_IRQHandler
                0x000000000808ba08                OTG_HS_EP1_OUT_IRQHandler
                0x000000000808ba08                WWDG_IRQHandler
                0x000000000808ba08                SPI6_IRQHandler
                0x000000000808ba08                TIM2_IRQHandler
                0x000000000808ba08                OTG_FS_WKUP_IRQHandler
                0x000000000808ba08                TIM1_TRG_COM_TIM11_IRQHandler
                0x000000000808ba08                OTG_HS_IRQHandler
                0x000000000808ba08                DMA2D_IRQHandler
                0x000000000808ba08                EXTI1_IRQHandler
                0x000000000808ba08                UART7_IRQHandler
                0x000000000808ba08                USART2_IRQHandler
                0x000000000808ba08                I2C2_ER_IRQHandler
                0x000000000808ba08                DMA2_Stream1_IRQHandler
                0x000000000808ba08                CAN1_SCE_IRQHandler
                0x000000000808ba08                FLASH_IRQHandler
                0x000000000808ba08                DMA2_Stream4_IRQHandler
                0x000000000808ba08                OTG_FS_IRQHandler
                0x000000000808ba08                SPI3_IRQHandler
                0x000000000808ba08                DMA1_Stream4_IRQHandler
                0x000000000808ba08                I2C1_ER_IRQHandler
                0x000000000808ba08                FMC_IRQHandler
                0x000000000808ba08                DMA2_Stream6_IRQHandler
                0x000000000808ba08                SAI1_IRQHandler
                0x000000000808ba08                RTC_Alarm_IRQHandler
 *fill*         0x000000000808ba0a        0x2 
 .text.__libc_init_array
                0x000000000808ba0c       0x48 /Users/nico/gcc-arm-none-eabi-9-2019-q4-major/bin/../lib/gcc/arm-none-eabi/9.2.1/../../../../arm-none-eabi/lib/thumb/v7e-m+fp/hard/libc_nano.a(lib_a-init.o)
                0x000000000808ba0c                __libc_init_array
 .text.memcpy   0x000000000808ba54       0x1c /Users/nico/gcc-arm-none-eabi-9-2019-q4-major/bin/../lib/gcc/arm-none-eabi/9.2.1/../../../../arm-none-eabi/lib/thumb/v7e-m+fp/hard/libc_nano.a(lib_a-memcpy-stub.o)
                0x000000000808ba54                memcpy
 .text.memset   0x000000000808ba70       0x10 /Users/nico/gcc-arm-none-eabi-9-2019-q4-major/bin/../lib/gcc/arm-none-eabi/9.2.1/../../../../arm-none-eabi/lib/thumb/v7e-m+fp/hard/libc_nano.a(lib_a-memset.o)
                0x000000000808ba70                memset
 .text.sprintf  0x000000000808ba80       0x40 /Users/nico/gcc-arm-none-eabi-9-2019-q4-major/bin/../lib/gcc/arm-none-eabi/9.2.1/../../../../arm-none-eabi/lib/thumb/v7e-m+fp/hard/libc_nano.a(lib_a-sprintf.o)
                0x000000000808ba80                sprintf
                0x000000000808ba80                siprintf
 .text.__ssputs_r
                0x000000000808bac0       0xb6 /Users/nico/gcc-arm-none-eabi-9-2019-q4-major/bin/../lib/gcc/arm-none-eabi/9.2.1/../../../../arm-none-eabi/lib/thumb/v7e-m+fp/hard/libc_nano.a(lib_a-nano-svfprintf.o)
                0x000000000808bac0                __ssputs_r
 *fill*         0x000000000808bb76        0x2 
 .text._svfprintf_r
                0x000000000808bb78      0x200 /Users/nico/gcc-arm-none-eabi-9-2019-q4-major/bin/../lib/gcc/arm-none-eabi/9.2.1/../../../../arm-none-eabi/lib/thumb/v7e-m+fp/hard/libc_nano.a(lib_a-nano-svfprintf.o)
                0x000000000808bb78                _svfprintf_r
                0x000000000808bb78                _svfiprintf_r
 .text._printf_common
                0x000000000808bd78       0xda /Users/nico/gcc-arm-none-eabi-9-2019-q4-major/bin/../lib/gcc/arm-none-eabi/9.2.1/../../../../arm-none-eabi/lib/thumb/v7e-m+fp/hard/libc_nano.a(lib_a-nano-vfprintf_i.o)
                0x000000000808bd78                _printf_common
 *fill*         0x000000000808be52        0x2 
 .text._printf_i
                0x000000000808be54      0x24c /Users/nico/gcc-arm-none-eabi-9-2019-q4-major/bin/../lib/gcc/arm-none-eabi/9.2.1/../../../../arm-none-eabi/lib/thumb/v7e-m+fp/hard/libc_nano.a(lib_a-nano-vfprintf_i.o)
                0x000000000808be54                _printf_i
 .text.memmove  0x000000000808c0a0       0x34 /Users/nico/gcc-arm-none-eabi-9-2019-q4-major/bin/../lib/gcc/arm-none-eabi/9.2.1/../../../../arm-none-eabi/lib/thumb/v7e-m+fp/hard/libc_nano.a(lib_a-memmove.o)
                0x000000000808c0a0                memmove
 .text._free_r  0x000000000808c0d4       0xa0 /Users/nico/gcc-arm-none-eabi-9-2019-q4-major/bin/../lib/gcc/arm-none-eabi/9.2.1/../../../../arm-none-eabi/lib/thumb/v7e-m+fp/hard/libc_nano.a(lib_a-nano-freer.o)
                0x000000000808c0d4                _free_r
 .text._malloc_r
                0x000000000808c174       0xb4 /Users/nico/gcc-arm-none-eabi-9-2019-q4-major/bin/../lib/gcc/arm-none-eabi/9.2.1/../../../../arm-none-eabi/lib/thumb/v7e-m+fp/hard/libc_nano.a(lib_a-nano-mallocr.o)
                0x000000000808c174                _malloc_r
 .text._realloc_r
                0x000000000808c228       0x4c /Users/nico/gcc-arm-none-eabi-9-2019-q4-major/bin/../lib/gcc/arm-none-eabi/9.2.1/../../../../arm-none-eabi/lib/thumb/v7e-m+fp/hard/libc_nano.a(lib_a-nano-reallocr.o)
                0x000000000808c228                _realloc_r
 .text._sbrk_r  0x000000000808c274       0x20 /Users/nico/gcc-arm-none-eabi-9-2019-q4-major/bin/../lib/gcc/arm-none-eabi/9.2.1/../../../../arm-none-eabi/lib/thumb/v7e-m+fp/hard/libc_nano.a(lib_a-sbrkr.o)
                0x000000000808c274                _sbrk_r
 .text.__malloc_lock
                0x000000000808c294        0xc /Users/nico/gcc-arm-none-eabi-9-2019-q4-major/bin/../lib/gcc/arm-none-eabi/9.2.1/../../../../arm-none-eabi/lib/thumb/v7e-m+fp/hard/libc_nano.a(lib_a-mlock.o)
                0x000000000808c294                __malloc_lock
 .text.__malloc_unlock
                0x000000000808c2a0        0xc /Users/nico/gcc-arm-none-eabi-9-2019-q4-major/bin/../lib/gcc/arm-none-eabi/9.2.1/../../../../arm-none-eabi/lib/thumb/v7e-m+fp/hard/libc_nano.a(lib_a-mlock.o)
                0x000000000808c2a0                __malloc_unlock
 .text._malloc_usable_size_r
                0x000000000808c2ac       0x10 /Users/nico/gcc-arm-none-eabi-9-2019-q4-major/bin/../lib/gcc/arm-none-eabi/9.2.1/../../../../arm-none-eabi/lib/thumb/v7e-m+fp/hard/libc_nano.a(lib_a-nano-msizer.o)
                0x000000000808c2ac                _malloc_usable_size_r
 .text.__retarget_lock_acquire_recursive
                0x000000000808c2bc        0x2 /Users/nico/gcc-arm-none-eabi-9-2019-q4-major/bin/../lib/gcc/arm-none-eabi/9.2.1/../../../../arm-none-eabi/lib/thumb/v7e-m+fp/hard/libc_nano.a(lib_a-lock.o)
                0x000000000808c2bc                __retarget_lock_acquire_recursive
 .text.__retarget_lock_release_recursive
                0x000000000808c2be        0x2 /Users/nico/gcc-arm-none-eabi-9-2019-q4-major/bin/../lib/gcc/arm-none-eabi/9.2.1/../../../../arm-none-eabi/lib/thumb/v7e-m+fp/hard/libc_nano.a(lib_a-lock.o)
                0x000000000808c2be                __retarget_lock_release_recursive
 .text._sbrk    0x000000000808c2c0       0x1c /Users/nico/gcc-arm-none-eabi-9-2019-q4-major/bin/../lib/gcc/arm-none-eabi/9.2.1/../../../../arm-none-eabi/lib/thumb/v7e-m+fp/hard/libnosys.a(sbrk.o)
                0x000000000808c2c0                _sbrk
 *(.glue_7)
 .glue_7        0x000000000808c2dc        0x0 linker stubs
 *(.glue_7t)
 .glue_7t       0x000000000808c2dc        0x0 linker stubs
 *(.eh_frame)
 .eh_frame      0x000000000808c2dc        0x0 /Users/nico/gcc-arm-none-eabi-9-2019-q4-major/bin/../lib/gcc/arm-none-eabi/9.2.1/thumb/v7e-m+fp/hard/crtbegin.o
 *(.init)
 .init          0x000000000808c2dc        0x4 /Users/nico/gcc-arm-none-eabi-9-2019-q4-major/bin/../lib/gcc/arm-none-eabi/9.2.1/thumb/v7e-m+fp/hard/crti.o
                0x000000000808c2dc                _init
 .init          0x000000000808c2e0        0x8 /Users/nico/gcc-arm-none-eabi-9-2019-q4-major/bin/../lib/gcc/arm-none-eabi/9.2.1/thumb/v7e-m+fp/hard/crtn.o
 *(.fini)
 .fini          0x000000000808c2e8        0x4 /Users/nico/gcc-arm-none-eabi-9-2019-q4-major/bin/../lib/gcc/arm-none-eabi/9.2.1/thumb/v7e-m+fp/hard/crti.o
                0x000000000808c2e8                _fini
 .fini          0x000000000808c2ec        0x8 /Users/nico/gcc-arm-none-eabi-9-2019-q4-major/bin/../lib/gcc/arm-none-eabi/9.2.1/thumb/v7e-m+fp/hard/crtn.o
                0x000000000808c2f4                . = ALIGN (0x4)
                0x000000000808c2f4                _etext = .

.vfp11_veneer   0x000000000808c2f4        0x0
 .vfp11_veneer  0x000000000808c2f4        0x0 linker stubs

.v4_bx          0x000000000808c2f4        0x0
 .v4_bx         0x000000000808c2f4        0x0 linker stubs

.iplt           0x000000000808c2f4        0x0
 .iplt          0x000000000808c2f4        0x0 /Users/nico/gcc-arm-none-eabi-9-2019-q4-major/bin/../lib/gcc/arm-none-eabi/9.2.1/thumb/v7e-m+fp/hard/crtbegin.o

.rodata         0x000000000808c2f4       0x6c
                0x000000000808c2f4                . = ALIGN (0x4)
 *(.rodata)
 .rodata        0x000000000808c2f4       0x17 ./obj/main.o
 *(.rodata*)
 *fill*         0x000000000808c30b        0x1 
 .rodata.AHBPrescTable
                0x000000000808c30c       0x10 ./obj/system_stm32f4xx.o
                0x000000000808c30c                AHBPrescTable
 .rodata.APBPrescTable
                0x000000000808c31c        0x8 ./obj/system_stm32f4xx.o
                0x000000000808c31c                APBPrescTable
 .rodata.flagBitshiftOffset.8255
                0x000000000808c324        0x8 ./obj/stm32f4xx_hal_dma.o
 .rodata._svfprintf_r.str1.1
                0x000000000808c32c       0x11 /Users/nico/gcc-arm-none-eabi-9-2019-q4-major/bin/../lib/gcc/arm-none-eabi/9.2.1/../../../../arm-none-eabi/lib/thumb/v7e-m+fp/hard/libc_nano.a(lib_a-nano-svfprintf.o)
 .rodata._printf_i.str1.1
                0x000000000808c33d       0x22 /Users/nico/gcc-arm-none-eabi-9-2019-q4-major/bin/../lib/gcc/arm-none-eabi/9.2.1/../../../../arm-none-eabi/lib/thumb/v7e-m+fp/hard/libc_nano.a(lib_a-nano-vfprintf_i.o)
                0x000000000808c360                . = ALIGN (0x4)
 *fill*         0x000000000808c35f        0x1 

.ARM.extab      0x000000000808c360        0x0
                0x000000000808c360                . = ALIGN (0x4)
 *(.ARM.extab* .gnu.linkonce.armextab.*)
                0x000000000808c360                . = ALIGN (0x4)

.ARM            0x000000000808c360        0x8
                0x000000000808c360                . = ALIGN (0x4)
                0x000000000808c360                __exidx_start = .
 *(.ARM.exidx*)
 .ARM.exidx     0x000000000808c360        0x8 /Users/nico/gcc-arm-none-eabi-9-2019-q4-major/bin/../lib/gcc/arm-none-eabi/9.2.1/thumb/v7e-m+fp/hard/libgcc.a(_udivmoddi4.o)
                0x000000000808c368                __exidx_end = .
                0x000000000808c368                . = ALIGN (0x4)

.rel.dyn        0x000000000808c368        0x0
 .rel.iplt      0x000000000808c368        0x0 /Users/nico/gcc-arm-none-eabi-9-2019-q4-major/bin/../lib/gcc/arm-none-eabi/9.2.1/thumb/v7e-m+fp/hard/crtbegin.o

.preinit_array  0x000000000808c368        0x0
                0x000000000808c368                . = ALIGN (0x4)
                0x000000000808c368                PROVIDE (__preinit_array_start = .)
 *(.preinit_array*)
                0x000000000808c368                PROVIDE (__preinit_array_end = .)
                0x000000000808c368                . = ALIGN (0x4)

.init_array     0x000000000808c368        0x4
                0x000000000808c368                . = ALIGN (0x4)
                0x000000000808c368                PROVIDE (__init_array_start = .)
 *(SORT_BY_NAME(.init_array.*))
 *(.init_array*)
 .init_array    0x000000000808c368        0x4 /Users/nico/gcc-arm-none-eabi-9-2019-q4-major/bin/../lib/gcc/arm-none-eabi/9.2.1/thumb/v7e-m+fp/hard/crtbegin.o
                0x000000000808c36c                PROVIDE (__init_array_end = .)
                0x000000000808c36c                . = ALIGN (0x4)

.fini_array     0x000000000808c36c        0x4
                0x000000000808c36c                . = ALIGN (0x4)
                [!provide]                        PROVIDE (__fini_array_start = .)
 *(SORT_BY_NAME(.fini_array.*))
 *(.fini_array*)
 .fini_array    0x000000000808c36c        0x4 /Users/nico/gcc-arm-none-eabi-9-2019-q4-major/bin/../lib/gcc/arm-none-eabi/9.2.1/thumb/v7e-m+fp/hard/crtbegin.o
                [!provide]                        PROVIDE (__fini_array_end = .)
                0x000000000808c370                . = ALIGN (0x4)
                0x000000000808c370                _sidata = LOADADDR (.data)

.data           0x0000000020000000    0x19074 load address 0x000000000808c370
                0x0000000020000000                . = ALIGN (0x4)
                0x0000000020000000                _sdata = .
 *(.data)
 *(.data*)
 .data.SystemCoreClock
                0x0000000020000000        0x4 ./obj/system_stm32f4xx.o
                0x0000000020000000                SystemCoreClock
 .data.uwTickPrio
                0x0000000020000004        0x4 ./obj/stm32f4xx_hal.o
                0x0000000020000004                uwTickPrio
 .data.uwTickFreq
                0x0000000020000008        0x1 ./obj/stm32f4xx_hal.o
                0x0000000020000008                uwTickFreq
 *fill*         0x0000000020000009        0x3 
 .data.input_vector
                0x000000002000000c    0x19001 ./obj/main.o
                0x000000002000000c                input_vector
 *fill*         0x000000002001900d        0x3 
 .data._impure_ptr
                0x0000000020019010        0x4 /Users/nico/gcc-arm-none-eabi-9-2019-q4-major/bin/../lib/gcc/arm-none-eabi/9.2.1/../../../../arm-none-eabi/lib/thumb/v7e-m+fp/hard/libc_nano.a(lib_a-impure.o)
                0x0000000020019010                _impure_ptr
 .data.impure_data
                0x0000000020019014       0x60 /Users/nico/gcc-arm-none-eabi-9-2019-q4-major/bin/../lib/gcc/arm-none-eabi/9.2.1/../../../../arm-none-eabi/lib/thumb/v7e-m+fp/hard/libc_nano.a(lib_a-impure.o)
                0x0000000020019074                . = ALIGN (0x4)
                0x0000000020019074                _edata = .

.igot.plt       0x0000000020019074        0x0 load address 0x00000000080a53e4
 .igot.plt      0x0000000020019074        0x0 /Users/nico/gcc-arm-none-eabi-9-2019-q4-major/bin/../lib/gcc/arm-none-eabi/9.2.1/thumb/v7e-m+fp/hard/crtbegin.o
                0x0000000020019074                . = ALIGN (0x4)

.bss            0x0000000020019074       0xc0 load address 0x00000000080a53e4
                0x0000000020019074                _sbss = .
                0x0000000020019074                __bss_start__ = _sbss
 *(.bss)
 .bss           0x0000000020019074       0x1c /Users/nico/gcc-arm-none-eabi-9-2019-q4-major/bin/../lib/gcc/arm-none-eabi/9.2.1/thumb/v7e-m+fp/hard/crtbegin.o
 *(.bss*)
 .bss.read_counter
                0x0000000020019090        0x4 ./obj/sha.o
                0x0000000020019090                read_counter
 .bss.__malloc_free_list
                0x0000000020019094        0x4 /Users/nico/gcc-arm-none-eabi-9-2019-q4-major/bin/../lib/gcc/arm-none-eabi/9.2.1/../../../../arm-none-eabi/lib/thumb/v7e-m+fp/hard/libc_nano.a(lib_a-nano-mallocr.o)
                0x0000000020019094                __malloc_free_list
 .bss.__malloc_sbrk_start
                0x0000000020019098        0x4 /Users/nico/gcc-arm-none-eabi-9-2019-q4-major/bin/../lib/gcc/arm-none-eabi/9.2.1/../../../../arm-none-eabi/lib/thumb/v7e-m+fp/hard/libc_nano.a(lib_a-nano-mallocr.o)
                0x0000000020019098                __malloc_sbrk_start
 .bss.heap_end.5507
                0x000000002001909c        0x4 /Users/nico/gcc-arm-none-eabi-9-2019-q4-major/bin/../lib/gcc/arm-none-eabi/9.2.1/../../../../arm-none-eabi/lib/thumb/v7e-m+fp/hard/libnosys.a(sbrk.o)
 *(COMMON)
 COMMON         0x00000000200190a0       0x40 ./obj/tim.o
                0x00000000200190a0                htim5
 COMMON         0x00000000200190e0       0x40 ./obj/usart.o
                0x00000000200190e0                huart1
 COMMON         0x0000000020019120        0x4 ./obj/stm32f4xx_hal.o
                0x0000000020019120                uwTick
 COMMON         0x0000000020019124        0x4 /Users/nico/gcc-arm-none-eabi-9-2019-q4-major/bin/../lib/gcc/arm-none-eabi/9.2.1/../../../../arm-none-eabi/lib/thumb/v7e-m+fp/hard/libc_nano.a(lib_a-reent.o)
                0x0000000020019124                errno
 COMMON         0x0000000020019128        0x9 /Users/nico/gcc-arm-none-eabi-9-2019-q4-major/bin/../lib/gcc/arm-none-eabi/9.2.1/../../../../arm-none-eabi/lib/thumb/v7e-m+fp/hard/libc_nano.a(lib_a-lock.o)
                0x0000000020019128                __lock___atexit_recursive_mutex
                0x0000000020019129                __lock___arc4random_mutex
                0x000000002001912a                __lock___env_recursive_mutex
                0x000000002001912b                __lock___sinit_recursive_mutex
                0x000000002001912c                __lock___malloc_recursive_mutex
                0x000000002001912d                __lock___at_quick_exit_mutex
                0x000000002001912e                __lock___dd_hash_mutex
                0x000000002001912f                __lock___tz_mutex
                0x0000000020019130                __lock___sfp_recursive_mutex
                0x0000000020019134                . = ALIGN (0x4)
 *fill*         0x0000000020019131        0x3 
                0x0000000020019134                _ebss = .
                0x0000000020019134                __bss_end__ = _ebss

._user_heap_stack
                0x0000000020019134      0x604 load address 0x00000000080a53e4
                0x0000000020019138                . = ALIGN (0x8)
 *fill*         0x0000000020019134        0x4 
                0x0000000020019138                PROVIDE (end = .)
                [!provide]                        PROVIDE (_end = .)
                0x0000000020019338                . = (. + _Min_Heap_Size)
 *fill*         0x0000000020019138      0x200 
                0x0000000020019738                . = (. + _Min_Stack_Size)
 *fill*         0x0000000020019338      0x400 
                0x0000000020019738                . = ALIGN (0x8)

/DISCARD/
 libc.a(*)
 libm.a(*)
 libgcc.a(*)

.ARM.attributes
                0x0000000000000000       0x30
 *(.ARM.attributes)
 .ARM.attributes
                0x0000000000000000       0x1e /Users/nico/gcc-arm-none-eabi-9-2019-q4-major/bin/../lib/gcc/arm-none-eabi/9.2.1/thumb/v7e-m+fp/hard/crti.o
 .ARM.attributes
                0x000000000000001e       0x34 /Users/nico/gcc-arm-none-eabi-9-2019-q4-major/bin/../lib/gcc/arm-none-eabi/9.2.1/thumb/v7e-m+fp/hard/crtbegin.o
 .ARM.attributes
                0x0000000000000052       0x39 ./obj/gpio.o
 .ARM.attributes
                0x000000000000008b       0x39 ./obj/sha.o
 .ARM.attributes
                0x00000000000000c4       0x39 ./obj/stm32f4xx_hal_msp.o
 .ARM.attributes
                0x00000000000000fd       0x39 ./obj/stm32f4xx_it.o
 .ARM.attributes
                0x0000000000000136       0x39 ./obj/system_stm32f4xx.o
 .ARM.attributes
                0x000000000000016f       0x39 ./obj/tim.o
 .ARM.attributes
                0x00000000000001a8       0x39 ./obj/usart.o
 .ARM.attributes
                0x00000000000001e1       0x39 ./obj/stm32f4xx_hal.o
 .ARM.attributes
                0x000000000000021a       0x39 ./obj/stm32f4xx_hal_cortex.o
 .ARM.attributes
                0x0000000000000253       0x39 ./obj/stm32f4xx_hal_dma.o
 .ARM.attributes
                0x000000000000028c       0x39 ./obj/stm32f4xx_hal_gpio.o
 .ARM.attributes
                0x00000000000002c5       0x39 ./obj/stm32f4xx_hal_rcc.o
 .ARM.attributes
                0x00000000000002fe       0x39 ./obj/stm32f4xx_hal_tim.o
 .ARM.attributes
                0x0000000000000337       0x39 ./obj/stm32f4xx_hal_tim_ex.o
 .ARM.attributes
                0x0000000000000370       0x39 ./obj/stm32f4xx_hal_uart.o
 .ARM.attributes
                0x00000000000003a9       0x39 ./obj/main.o
 .ARM.attributes
                0x00000000000003e2       0x21 ./obj/startup_stm32f429nihx.o
 .ARM.attributes
                0x0000000000000403       0x32 /Users/nico/gcc-arm-none-eabi-9-2019-q4-major/bin/../lib/gcc/arm-none-eabi/9.2.1/../../../../arm-none-eabi/lib/thumb/v7e-m+fp/hard/libc_nano.a(lib_a-impure.o)
 .ARM.attributes
                0x0000000000000435       0x34 /Users/nico/gcc-arm-none-eabi-9-2019-q4-major/bin/../lib/gcc/arm-none-eabi/9.2.1/../../../../arm-none-eabi/lib/thumb/v7e-m+fp/hard/libc_nano.a(lib_a-init.o)
 .ARM.attributes
                0x0000000000000469       0x34 /Users/nico/gcc-arm-none-eabi-9-2019-q4-major/bin/../lib/gcc/arm-none-eabi/9.2.1/../../../../arm-none-eabi/lib/thumb/v7e-m+fp/hard/libc_nano.a(lib_a-memcpy-stub.o)
 .ARM.attributes
                0x000000000000049d       0x34 /Users/nico/gcc-arm-none-eabi-9-2019-q4-major/bin/../lib/gcc/arm-none-eabi/9.2.1/../../../../arm-none-eabi/lib/thumb/v7e-m+fp/hard/libc_nano.a(lib_a-memset.o)
 .ARM.attributes
                0x00000000000004d1       0x34 /Users/nico/gcc-arm-none-eabi-9-2019-q4-major/bin/../lib/gcc/arm-none-eabi/9.2.1/../../../../arm-none-eabi/lib/thumb/v7e-m+fp/hard/libc_nano.a(lib_a-sprintf.o)
 .ARM.attributes
                0x0000000000000505       0x34 /Users/nico/gcc-arm-none-eabi-9-2019-q4-major/bin/../lib/gcc/arm-none-eabi/9.2.1/../../../../arm-none-eabi/lib/thumb/v7e-m+fp/hard/libc_nano.a(lib_a-nano-svfprintf.o)
 .ARM.attributes
                0x0000000000000539       0x34 /Users/nico/gcc-arm-none-eabi-9-2019-q4-major/bin/../lib/gcc/arm-none-eabi/9.2.1/../../../../arm-none-eabi/lib/thumb/v7e-m+fp/hard/libc_nano.a(lib_a-nano-vfprintf_i.o)
 .ARM.attributes
                0x000000000000056d       0x1c /Users/nico/gcc-arm-none-eabi-9-2019-q4-major/bin/../lib/gcc/arm-none-eabi/9.2.1/../../../../arm-none-eabi/lib/thumb/v7e-m+fp/hard/libc_nano.a(lib_a-memchr.o)
 .ARM.attributes
                0x0000000000000589       0x34 /Users/nico/gcc-arm-none-eabi-9-2019-q4-major/bin/../lib/gcc/arm-none-eabi/9.2.1/../../../../arm-none-eabi/lib/thumb/v7e-m+fp/hard/libc_nano.a(lib_a-memmove.o)
 .ARM.attributes
                0x00000000000005bd       0x34 /Users/nico/gcc-arm-none-eabi-9-2019-q4-major/bin/../lib/gcc/arm-none-eabi/9.2.1/../../../../arm-none-eabi/lib/thumb/v7e-m+fp/hard/libc_nano.a(lib_a-nano-freer.o)
 .ARM.attributes
                0x00000000000005f1       0x34 /Users/nico/gcc-arm-none-eabi-9-2019-q4-major/bin/../lib/gcc/arm-none-eabi/9.2.1/../../../../arm-none-eabi/lib/thumb/v7e-m+fp/hard/libc_nano.a(lib_a-nano-mallocr.o)
 .ARM.attributes
                0x0000000000000625       0x34 /Users/nico/gcc-arm-none-eabi-9-2019-q4-major/bin/../lib/gcc/arm-none-eabi/9.2.1/../../../../arm-none-eabi/lib/thumb/v7e-m+fp/hard/libc_nano.a(lib_a-nano-reallocr.o)
 .ARM.attributes
                0x0000000000000659       0x34 /Users/nico/gcc-arm-none-eabi-9-2019-q4-major/bin/../lib/gcc/arm-none-eabi/9.2.1/../../../../arm-none-eabi/lib/thumb/v7e-m+fp/hard/libc_nano.a(lib_a-sbrkr.o)
 .ARM.attributes
                0x000000000000068d       0x34 /Users/nico/gcc-arm-none-eabi-9-2019-q4-major/bin/../lib/gcc/arm-none-eabi/9.2.1/../../../../arm-none-eabi/lib/thumb/v7e-m+fp/hard/libc_nano.a(lib_a-mlock.o)
 .ARM.attributes
                0x00000000000006c1       0x34 /Users/nico/gcc-arm-none-eabi-9-2019-q4-major/bin/../lib/gcc/arm-none-eabi/9.2.1/../../../../arm-none-eabi/lib/thumb/v7e-m+fp/hard/libc_nano.a(lib_a-nano-msizer.o)
 .ARM.attributes
                0x00000000000006f5       0x34 /Users/nico/gcc-arm-none-eabi-9-2019-q4-major/bin/../lib/gcc/arm-none-eabi/9.2.1/../../../../arm-none-eabi/lib/thumb/v7e-m+fp/hard/libc_nano.a(lib_a-reent.o)
 .ARM.attributes
                0x0000000000000729       0x34 /Users/nico/gcc-arm-none-eabi-9-2019-q4-major/bin/../lib/gcc/arm-none-eabi/9.2.1/../../../../arm-none-eabi/lib/thumb/v7e-m+fp/hard/libc_nano.a(lib_a-lock.o)
 .ARM.attributes
                0x000000000000075d       0x1e /Users/nico/gcc-arm-none-eabi-9-2019-q4-major/bin/../lib/gcc/arm-none-eabi/9.2.1/thumb/v7e-m+fp/hard/libgcc.a(_aeabi_uldivmod.o)
 .ARM.attributes
                0x000000000000077b       0x34 /Users/nico/gcc-arm-none-eabi-9-2019-q4-major/bin/../lib/gcc/arm-none-eabi/9.2.1/thumb/v7e-m+fp/hard/libgcc.a(_udivmoddi4.o)
 .ARM.attributes
                0x00000000000007af       0x1e /Users/nico/gcc-arm-none-eabi-9-2019-q4-major/bin/../lib/gcc/arm-none-eabi/9.2.1/thumb/v7e-m+fp/hard/libgcc.a(_dvmd_tls.o)
 .ARM.attributes
                0x00000000000007cd       0x34 /Users/nico/gcc-arm-none-eabi-9-2019-q4-major/bin/../lib/gcc/arm-none-eabi/9.2.1/../../../../arm-none-eabi/lib/thumb/v7e-m+fp/hard/libnosys.a(sbrk.o)
 .ARM.attributes
                0x0000000000000801       0x1e /Users/nico/gcc-arm-none-eabi-9-2019-q4-major/bin/../lib/gcc/arm-none-eabi/9.2.1/thumb/v7e-m+fp/hard/crtn.o
OUTPUT(UART-sha.elf elf32-littlearm)

.comment        0x0000000000000000       0x7b
 .comment       0x0000000000000000       0x7b ./obj/gpio.o
                                         0x7c (size before relaxing)
 .comment       0x000000000000007b       0x7c ./obj/sha.o
 .comment       0x000000000000007b       0x7c ./obj/stm32f4xx_hal_msp.o
 .comment       0x000000000000007b       0x7c ./obj/stm32f4xx_it.o
 .comment       0x000000000000007b       0x7c ./obj/system_stm32f4xx.o
 .comment       0x000000000000007b       0x7c ./obj/tim.o
 .comment       0x000000000000007b       0x7c ./obj/usart.o
 .comment       0x000000000000007b       0x7c ./obj/stm32f4xx_hal.o
 .comment       0x000000000000007b       0x7c ./obj/stm32f4xx_hal_cortex.o
 .comment       0x000000000000007b       0x7c ./obj/stm32f4xx_hal_dma.o
 .comment       0x000000000000007b       0x7c ./obj/stm32f4xx_hal_gpio.o
 .comment       0x000000000000007b       0x7c ./obj/stm32f4xx_hal_rcc.o
 .comment       0x000000000000007b       0x7c ./obj/stm32f4xx_hal_tim.o
 .comment       0x000000000000007b       0x7c ./obj/stm32f4xx_hal_tim_ex.o
 .comment       0x000000000000007b       0x7c ./obj/stm32f4xx_hal_uart.o
 .comment       0x000000000000007b       0x7c ./obj/main.o

.debug_frame    0x0000000000000000      0x4a4
 .debug_frame   0x0000000000000000       0x2c /Users/nico/gcc-arm-none-eabi-9-2019-q4-major/bin/../lib/gcc/arm-none-eabi/9.2.1/../../../../arm-none-eabi/lib/thumb/v7e-m+fp/hard/libc_nano.a(lib_a-init.o)
 .debug_frame   0x000000000000002c       0x28 /Users/nico/gcc-arm-none-eabi-9-2019-q4-major/bin/../lib/gcc/arm-none-eabi/9.2.1/../../../../arm-none-eabi/lib/thumb/v7e-m+fp/hard/libc_nano.a(lib_a-memcpy-stub.o)
 .debug_frame   0x0000000000000054       0x20 /Users/nico/gcc-arm-none-eabi-9-2019-q4-major/bin/../lib/gcc/arm-none-eabi/9.2.1/../../../../arm-none-eabi/lib/thumb/v7e-m+fp/hard/libc_nano.a(lib_a-memset.o)
 .debug_frame   0x0000000000000074       0x6c /Users/nico/gcc-arm-none-eabi-9-2019-q4-major/bin/../lib/gcc/arm-none-eabi/9.2.1/../../../../arm-none-eabi/lib/thumb/v7e-m+fp/hard/libc_nano.a(lib_a-sprintf.o)
 .debug_frame   0x00000000000000e0       0x90 /Users/nico/gcc-arm-none-eabi-9-2019-q4-major/bin/../lib/gcc/arm-none-eabi/9.2.1/../../../../arm-none-eabi/lib/thumb/v7e-m+fp/hard/libc_nano.a(lib_a-nano-svfprintf.o)
 .debug_frame   0x0000000000000170       0x60 /Users/nico/gcc-arm-none-eabi-9-2019-q4-major/bin/../lib/gcc/arm-none-eabi/9.2.1/../../../../arm-none-eabi/lib/thumb/v7e-m+fp/hard/libc_nano.a(lib_a-nano-vfprintf_i.o)
 .debug_frame   0x00000000000001d0       0x28 /Users/nico/gcc-arm-none-eabi-9-2019-q4-major/bin/../lib/gcc/arm-none-eabi/9.2.1/../../../../arm-none-eabi/lib/thumb/v7e-m+fp/hard/libc_nano.a(lib_a-memmove.o)
 .debug_frame   0x00000000000001f8       0x38 /Users/nico/gcc-arm-none-eabi-9-2019-q4-major/bin/../lib/gcc/arm-none-eabi/9.2.1/../../../../arm-none-eabi/lib/thumb/v7e-m+fp/hard/libc_nano.a(lib_a-nano-freer.o)
 .debug_frame   0x0000000000000230       0x30 /Users/nico/gcc-arm-none-eabi-9-2019-q4-major/bin/../lib/gcc/arm-none-eabi/9.2.1/../../../../arm-none-eabi/lib/thumb/v7e-m+fp/hard/libc_nano.a(lib_a-nano-mallocr.o)
 .debug_frame   0x0000000000000260       0x3c /Users/nico/gcc-arm-none-eabi-9-2019-q4-major/bin/../lib/gcc/arm-none-eabi/9.2.1/../../../../arm-none-eabi/lib/thumb/v7e-m+fp/hard/libc_nano.a(lib_a-nano-reallocr.o)
 .debug_frame   0x000000000000029c       0x2c /Users/nico/gcc-arm-none-eabi-9-2019-q4-major/bin/../lib/gcc/arm-none-eabi/9.2.1/../../../../arm-none-eabi/lib/thumb/v7e-m+fp/hard/libc_nano.a(lib_a-sbrkr.o)
 .debug_frame   0x00000000000002c8       0x30 /Users/nico/gcc-arm-none-eabi-9-2019-q4-major/bin/../lib/gcc/arm-none-eabi/9.2.1/../../../../arm-none-eabi/lib/thumb/v7e-m+fp/hard/libc_nano.a(lib_a-mlock.o)
 .debug_frame   0x00000000000002f8       0x20 /Users/nico/gcc-arm-none-eabi-9-2019-q4-major/bin/../lib/gcc/arm-none-eabi/9.2.1/../../../../arm-none-eabi/lib/thumb/v7e-m+fp/hard/libc_nano.a(lib_a-nano-msizer.o)
 .debug_frame   0x0000000000000318       0x5c /Users/nico/gcc-arm-none-eabi-9-2019-q4-major/bin/../lib/gcc/arm-none-eabi/9.2.1/../../../../arm-none-eabi/lib/thumb/v7e-m+fp/hard/libc_nano.a(lib_a-reent.o)
 .debug_frame   0x0000000000000374       0xb0 /Users/nico/gcc-arm-none-eabi-9-2019-q4-major/bin/../lib/gcc/arm-none-eabi/9.2.1/../../../../arm-none-eabi/lib/thumb/v7e-m+fp/hard/libc_nano.a(lib_a-lock.o)
 .debug_frame   0x0000000000000424       0x2c /Users/nico/gcc-arm-none-eabi-9-2019-q4-major/bin/../lib/gcc/arm-none-eabi/9.2.1/thumb/v7e-m+fp/hard/libgcc.a(_aeabi_uldivmod.o)
 .debug_frame   0x0000000000000450       0x34 /Users/nico/gcc-arm-none-eabi-9-2019-q4-major/bin/../lib/gcc/arm-none-eabi/9.2.1/thumb/v7e-m+fp/hard/libgcc.a(_udivmoddi4.o)
 .debug_frame   0x0000000000000484       0x20 /Users/nico/gcc-arm-none-eabi-9-2019-q4-major/bin/../lib/gcc/arm-none-eabi/9.2.1/../../../../arm-none-eabi/lib/thumb/v7e-m+fp/hard/libnosys.a(sbrk.o)
